2026-09-15 09:18:31.345 [info] Reading sessions from keychain...
2026-09-15 09:18:31.345 [info] Getting sessions for all scopes...
2026-09-15 09:18:31.345 [info] Got stored sessions!
2026-09-15 09:18:31.345 [info] Got 2 verified sessions.
2026-09-15 09:18:31.345 [info] Got 2 sessions for all scopes...
2026-09-15 09:18:31.345 [info] Getting sessions for all scopes...
2026-09-15 09:18:31.345 [info] Got 2 sessions for all scopes...
2026-09-15 09:18:31.345 [info] Getting sessions for all scopes...
2026-09-15 09:18:31.345 [info] Got 2 sessions for all scopes...
2026-09-15 09:18:31.345 [info] Getting sessions for all scopes...
2026-09-15 09:18:31.345 [info] Got 2 sessions for all scopes...
2026-09-15 09:18:31.345 [info] Getting sessions for read:user,user:email...
2026-09-15 09:18:31.345 [info] Got 0 sessions for read:user,user:email...
2026-09-15 09:18:31.345 [info] Getting sessions for all scopes...
2026-09-15 09:18:31.345 [info] Got 2 sessions for all scopes...
2026-09-15 09:18:31.345 [info] Getting sessions for all scopes...
2026-09-15 09:18:31.345 [info] Got 2 sessions for all scopes...
2026-09-15 09:18:31.345 [info] Getting sessions for user:email...
2026-09-15 09:18:31.345 [info] Got 1 sessions for user:email...
2026-09-15 09:18:31.345 [info] Getting sessions for read:user,user:email...
2026-09-15 09:18:31.345 [info] Got 0 sessions for read:user,user:email...
2026-09-15 09:18:31.345 [info] Getting sessions for read:user,user:email...
2026-09-15 09:18:31.345 [info] Got 0 sessions for read:user,user:email...
2026-09-15 09:18:31.345 [info] Getting sessions for read:user,user:email...
2026-09-15 09:18:31.345 [info] Got 0 sessions for read:user,user:email...
2026-09-15 09:18:31.345 [info] Getting sessions for read:user,user:email...
2026-09-15 09:18:31.345 [info] Got 0 sessions for read:user,user:email...
2026-09-15 09:18:31.345 [info] Getting sessions for read:user,user:email...
2026-09-15 09:18:31.345 [info] Got 0 sessions for read:user,user:email...
2026-09-15 09:18:31.345 [info] Getting sessions for read:user,user:email...
2026-09-15 09:18:31.345 [info] Got 0 sessions for read:user,user:email...
2026-09-15 09:18:31.345 [info] Getting sessions for read:user,user:email...
2026-09-15 09:18:31.345 [info] Got 0 sessions for read:user,user:email...
2026-09-15 09:18:31.345 [info] Getting sessions for all scopes...
2026-09-15 09:18:31.345 [info] Got 2 sessions for all scopes...
2026-09-15 09:18:31.345 [info] Getting sessions for all scopes...
2026-09-15 09:18:31.345 [info] Got 2 sessions for all scopes...
2026-09-15 09:18:31.345 [info] Getting sessions for all scopes...
2026-09-15 09:18:31.345 [info] Got 2 sessions for all scopes...
2026-09-15 09:18:31.345 [info] Getting sessions for all scopes...
2026-09-15 09:18:31.345 [info] Got 2 sessions for all scopes...
2026-09-15 09:18:31.345 [info] Getting sessions for all scopes...
2026-09-15 09:18:31.345 [info] Got 2 sessions for all scopes...
2026-09-15 09:18:31.345 [info] Getting sessions for all scopes...
2026-09-15 09:18:31.345 [info] Got 2 sessions for all scopes...
2026-09-15 09:18:31.346 [info] Getting sessions for all scopes...
2026-09-15 09:18:31.346 [info] Got 2 sessions for all scopes...
2026-09-15 09:18:31.346 [info] Getting sessions for all scopes...
2026-09-15 09:18:31.346 [info] Got 2 sessions for all scopes...
2026-09-15 09:18:31.346 [info] Getting sessions for all scopes...
2026-09-15 09:18:31.346 [info] Got 2 sessions for all scopes...
2026-09-15 09:18:31.346 [info] Getting sessions for all scopes...
2026-09-15 09:18:31.346 [info] Got 2 sessions for all scopes...
2026-09-15 09:18:31.346 [info] Getting sessions for all scopes...
2026-09-15 09:18:31.346 [info] Got 2 sessions for all scopes...
2026-09-15 09:18:31.346 [info] Getting sessions for all scopes...
2026-09-15 09:18:31.346 [info] Got 2 sessions for all scopes...
2026-09-15 09:18:31.566 [info] Getting sessions for read:user,repo,user:email,workflow...
2026-09-15 09:18:31.566 [info] Got 1 sessions for read:user,repo,user:email,workflow...
2026-09-15 09:18:37.379 [info] Getting sessions for repo...
2026-09-15 09:18:37.379 [info] Got 0 sessions for repo...
2026-09-15 09:18:37.380 [info] Getting sessions for repo...
2026-09-15 09:18:37.380 [info] Got 0 sessions for repo...
2026-09-15 09:18:37.381 [info] Getting sessions for repo...
2026-09-15 09:18:37.381 [info] Got 0 sessions for repo...
2026-09-15 09:18:37.444 [info] Getting sessions for repo...
2026-09-15 09:18:37.444 [info] Got 0 sessions for repo...
2026-09-15 09:18:37.445 [info] Getting sessions for repo...
2026-09-15 09:18:37.445 [info] Got 0 sessions for repo...
2026-09-15 09:18:37.446 [info] Getting sessions for repo...
2026-09-15 09:18:37.446 [info] Got 0 sessions for repo...
2026-09-15 09:18:37.447 [info] Getting sessions for repo...
2026-09-15 09:18:37.447 [info] Got 0 sessions for repo...
2026-09-15 09:18:37.448 [info] Getting sessions for repo...
2026-09-15 09:18:37.448 [info] Got 0 sessions for repo...
2026-09-15 09:18:48.203 [info] Getting sessions for all scopes...
2026-09-15 09:18:48.203 [info] Got 2 sessions for all scopes...
2026-09-15 09:18:48.204 [info] Getting sessions for all scopes...
2026-09-15 09:18:48.204 [info] Got 2 sessions for all scopes...
2026-09-15 09:18:48.205 [info] Getting sessions for all scopes...
2026-09-15 09:18:48.205 [info] Got 2 sessions for all scopes...
2026-09-15 09:18:48.206 [info] Getting sessions for all scopes...
2026-09-15 09:18:48.206 [info] Got 2 sessions for all scopes...
2026-09-15 09:18:48.207 [info] Getting sessions for all scopes...
2026-09-15 09:18:48.207 [info] Got 2 sessions for all scopes...
2026-09-15 09:18:48.210 [info] Getting sessions for all scopes...
2026-09-15 09:18:48.210 [info] Got 2 sessions for all scopes...
2026-09-15 09:18:48.211 [info] Getting sessions for all scopes...
2026-09-15 09:18:48.212 [info] Got 2 sessions for all scopes...
2026-09-15 09:18:48.212 [info] Getting sessions for all scopes...
2026-09-15 09:18:48.212 [info] Got 2 sessions for all scopes...
2026-09-15 09:18:48.525 [info] Getting sessions for read:user,user:email...
2026-09-15 09:18:48.525 [info] Got 0 sessions for read:user,user:email...
2026-09-15 09:18:48.549 [info] Getting sessions for read:user,user:email...
2026-09-15 09:18:48.549 [info] Got 0 sessions for read:user,user:email...
2026-09-15 09:18:48.550 [info] Getting sessions for read:user,user:email...
2026-09-15 09:18:48.550 [info] Got 0 sessions for read:user,user:email...
2026-09-15 09:18:48.551 [info] Getting sessions for read:user,user:email...
2026-09-15 09:18:48.551 [info] Got 0 sessions for read:user,user:email...
2026-09-15 09:18:48.552 [info] Getting sessions for read:user,user:email...
2026-09-15 09:18:48.552 [info] Got 0 sessions for read:user,user:email...
2026-09-15 09:18:48.553 [info] Getting sessions for read:user,user:email...
2026-09-15 09:18:48.553 [info] Got 0 sessions for read:user,user:email...
2026-09-15 09:18:48.554 [info] Getting sessions for read:user,user:email...
2026-09-15 09:18:48.554 [info] Got 0 sessions for read:user,user:email...
2026-09-15 09:18:48.555 [info] Getting sessions for read:user,user:email...
2026-09-15 09:18:48.555 [info] Got 0 sessions for read:user,user:email...
2026-09-15 09:18:48.556 [info] Getting sessions for read:user,user:email...
2026-09-15 09:18:48.556 [info] Got 0 sessions for read:user,user:email...
2026-09-15 09:18:49.364 [info] Getting sessions for all scopes...
2026-09-15 09:18:49.384 [info] Got 2 sessions for all scopes...
2026-09-15 09:18:49.389 [info] Getting sessions for all scopes...
2026-09-15 09:18:49.389 [info] Got 2 sessions for all scopes...
2026-09-15 09:18:49.391 [info] Getting sessions for all scopes...
2026-09-15 09:18:49.391 [info] Got 2 sessions for all scopes...
2026-09-15 09:18:49.392 [info] Getting sessions for all scopes...
2026-09-15 09:18:49.392 [info] Got 2 sessions for all scopes...
2026-09-15 09:18:49.396 [info] Getting sessions for all scopes...
2026-09-15 09:18:49.396 [info] Got 2 sessions for all scopes...
2026-09-15 09:18:49.398 [info] Getting sessions for all scopes...
2026-09-15 09:18:49.398 [info] Got 2 sessions for all scopes...
2026-09-15 09:18:49.399 [info] Getting sessions for all scopes...
2026-09-15 09:18:49.399 [info] Got 2 sessions for all scopes...
2026-09-15 09:18:49.400 [info] Getting sessions for all scopes...
2026-09-15 09:18:49.401 [info] Got 2 sessions for all scopes...
2026-09-15 09:18:49.402 [info] Getting sessions for all scopes...
2026-09-15 09:18:49.402 [info] Got 2 sessions for all scopes...
2026-09-15 09:18:49.408 [info] Getting sessions for all scopes...
2026-09-15 09:18:49.408 [info] Got 2 sessions for all scopes...
2026-09-15 09:18:49.409 [info] Getting sessions for all scopes...
2026-09-15 09:18:49.409 [info] Got 2 sessions for all scopes...
2026-09-15 09:18:49.412 [info] Getting sessions for user:email...
2026-09-15 09:18:49.413 [info] Got 1 sessions for user:email...
2026-09-15 09:18:49.414 [info] Getting sessions for read:user,user:email...
2026-09-15 09:18:49.414 [info] Got 0 sessions for read:user,user:email...
2026-09-15 09:18:49.438 [info] Getting sessions for all scopes...
2026-09-15 09:18:49.438 [info] Got 2 sessions for all scopes...
2026-09-15 09:18:49.441 [info] Getting sessions for repo...
2026-09-15 09:18:49.441 [info] Got 0 sessions for repo...
2026-09-15 09:18:49.442 [info] Getting sessions for repo...
2026-09-15 09:18:49.442 [info] Got 0 sessions for repo...
2026-09-15 09:18:49.443 [info] Getting sessions for repo...
2026-09-15 09:18:49.444 [info] Got 0 sessions for repo...
2026-09-15 09:18:49.446 [info] Getting sessions for repo...
2026-09-15 09:18:49.446 [info] Got 0 sessions for repo...
2026-09-15 09:18:49.447 [info] Getting sessions for repo...
2026-09-15 09:18:49.447 [info] Got 0 sessions for repo...
2026-09-15 09:18:49.447 [info] Getting sessions for repo...
2026-09-15 09:18:49.448 [info] Got 0 sessions for repo...
2026-09-15 09:18:49.448 [info] Getting sessions for repo...
2026-09-15 09:18:49.448 [info] Got 0 sessions for repo...
2026-09-15 09:18:49.449 [info] Getting sessions for repo...
2026-09-15 09:18:49.449 [info] Got 0 sessions for repo...
2026-09-15 09:18:49.450 [info] Getting sessions for repo...
2026-09-15 09:18:49.450 [info] Got 0 sessions for repo...
2026-09-15 09:18:49.458 [info] Getting sessions for all scopes...
2026-09-15 09:18:49.458 [info] Got 2 sessions for all scopes...
2026-09-15 09:18:49.784 [info] Getting sessions for all scopes...
2026-09-15 09:18:49.785 [info] Got 2 sessions for all scopes...
2026-09-15 09:18:49.786 [info] Getting sessions for all scopes...
2026-09-15 09:18:49.786 [info] Got 2 sessions for all scopes...
2026-09-15 09:18:49.787 [info] Getting sessions for all scopes...
2026-09-15 09:18:49.787 [info] Got 2 sessions for all scopes...
2026-09-15 09:18:49.788 [info] Getting sessions for all scopes...
2026-09-15 09:18:49.789 [info] Got 2 sessions for all scopes...
2026-09-15 09:18:49.791 [info] Getting sessions for all scopes...
2026-09-15 09:18:49.791 [info] Got 2 sessions for all scopes...
2026-09-15 09:18:49.792 [info] Getting sessions for all scopes...
2026-09-15 09:18:49.792 [info] Got 2 sessions for all scopes...
2026-09-15 09:18:49.793 [info] Getting sessions for all scopes...
2026-09-15 09:18:49.793 [info] Got 2 sessions for all scopes...
2026-09-15 09:18:49.797 [info] Getting sessions for all scopes...
2026-09-15 09:18:49.797 [info] Got 2 sessions for all scopes...
2026-09-15 09:18:49.801 [info] Getting sessions for all scopes...
2026-09-15 09:18:49.801 [info] Got 2 sessions for all scopes...
2026-09-15 09:18:49.840 [info] Getting sessions for all scopes...
2026-09-15 09:18:49.840 [info] Got 2 sessions for all scopes...
2026-09-15 09:18:49.849 [info] Getting sessions for repo...
2026-09-15 09:18:49.849 [info] Got 0 sessions for repo...
2026-09-15 09:18:49.855 [info] Getting sessions for read:user,user:email...
2026-09-15 09:18:49.855 [info] Got 0 sessions for read:user,user:email...
2026-09-15 09:18:49.901 [info] Getting sessions for read:user,user:email...
2026-09-15 09:18:49.901 [info] Got 0 sessions for read:user,user:email...
2026-09-15 09:18:49.911 [info] Getting sessions for read:user,repo,user:email,workflow...
2026-09-15 09:18:49.912 [info] Got 1 sessions for read:user,repo,user:email,workflow...
2026-09-15 09:18:49.913 [info] Getting sessions for all scopes...
2026-09-15 09:18:49.913 [info] Got 2 sessions for all scopes...
2026-09-15 09:18:49.914 [info] Getting sessions for all scopes...
2026-09-15 09:18:49.914 [info] Got 2 sessions for all scopes...
2026-09-15 09:18:49.985 [info] Getting sessions for user:email...
2026-09-15 09:18:49.985 [info] Got 1 sessions for user:email...
2026-09-15 09:18:50.008 [info] Getting sessions for all scopes...
2026-09-15 09:18:50.008 [info] Got 2 sessions for all scopes...
2026-09-15 09:18:50.026 [info] Getting sessions for read:user,user:email...
2026-09-15 09:18:50.026 [info] Got 0 sessions for read:user,user:email...
2026-09-15 09:18:50.031 [info] Getting sessions for repo...
2026-09-15 09:18:50.031 [info] Got 0 sessions for repo...
2026-09-15 09:18:50.445 [info] Getting sessions for repo...
2026-09-15 09:18:50.445 [info] Got 0 sessions for repo...
2026-09-15 09:18:50.446 [info] Getting sessions for all scopes...
2026-09-15 09:18:50.446 [info] Got 2 sessions for all scopes...
2026-09-15 09:18:50.447 [info] Getting sessions for all scopes...
2026-09-15 09:18:50.447 [info] Got 2 sessions for all scopes...
2026-09-15 09:18:50.501 [info] Getting sessions for all scopes...
2026-09-15 09:18:50.501 [info] Got 2 sessions for all scopes...
2026-09-15 09:18:50.503 [info] Getting sessions for all scopes...
2026-09-15 09:18:50.504 [info] Got 2 sessions for all scopes...
2026-09-15 09:18:50.506 [info] Getting sessions for repo...
2026-09-15 09:18:50.506 [info] Got 0 sessions for repo...
2026-09-15 09:18:50.507 [info] Getting sessions for read:user,user:email...
2026-09-15 09:18:50.507 [info] Got 0 sessions for read:user,user:email...
2026-09-15 09:18:50.530 [info] Getting sessions for all scopes...
2026-09-15 09:18:50.530 [info] Got 2 sessions for all scopes...
2026-09-15 09:18:50.531 [info] Getting sessions for all scopes...
2026-09-15 09:18:50.532 [info] Got 2 sessions for all scopes...
2026-09-15 09:18:50.549 [info] Getting sessions for repo...
2026-09-15 09:18:50.549 [info] Got 0 sessions for repo...
2026-09-15 09:18:50.553 [info] Getting sessions for read:user,repo,user:email,workflow...
2026-09-15 09:18:50.554 [info] Got 1 sessions for read:user,repo,user:email,workflow...
2026-09-15 09:18:50.555 [info] Getting sessions for all scopes...
2026-09-15 09:18:50.555 [info] Got 2 sessions for all scopes...
2026-09-15 09:18:50.557 [info] Getting sessions for all scopes...
2026-09-15 09:18:50.557 [info] Got 2 sessions for all scopes...
2026-09-15 09:18:50.705 [info] Getting sessions for read:user,repo,user:email,workflow...
2026-09-15 09:18:50.705 [info] Got 1 sessions for read:user,repo,user:email,workflow...
2026-09-15 09:18:52.419 [info] Getting sessions for read:user,user:email...
2026-09-15 09:18:52.419 [info] Got 0 sessions for read:user,user:email...
2026-09-15 09:18:53.367 [info] Getting sessions for all scopes...
2026-09-15 09:18:53.367 [info] Got 2 sessions for all scopes...
2026-09-15 09:18:53.472 [info] Getting sessions for repo...
2026-09-15 09:18:53.472 [info] Got 0 sessions for repo...
2026-09-15 09:18:53.473 [info] Getting sessions for all scopes...
2026-09-15 09:18:53.474 [info] Got 2 sessions for all scopes...
2026-09-15 09:18:53.475 [info] Getting sessions for all scopes...
2026-09-15 09:18:53.475 [info] Got 2 sessions for all scopes...
2026-09-15 09:18:53.589 [info] Getting sessions for all scopes...
2026-09-15 09:18:53.589 [info] Got 2 sessions for all scopes...
2026-09-15 09:18:53.640 [info] Getting sessions for read:user,user:email...
2026-09-15 09:18:53.640 [info] Got 0 sessions for read:user,user:email...
2026-09-15 09:18:53.683 [info] Getting sessions for all scopes...
2026-09-15 09:18:53.683 [info] Got 2 sessions for all scopes...
2026-09-15 09:18:53.684 [info] Getting sessions for read:user,repo,user:email,workflow...
2026-09-15 09:18:53.684 [info] Got 1 sessions for read:user,repo,user:email,workflow...
2026-09-15 09:18:53.722 [info] Getting sessions for repo...
2026-09-15 09:18:53.722 [info] Got 0 sessions for repo...
2026-09-15 09:18:55.700 [info] Getting sessions for all scopes...
2026-09-15 09:18:55.701 [info] Got 2 sessions for all scopes...
2026-09-15 09:18:59.481 [info] Getting sessions for all scopes...
2026-09-15 09:18:59.817 [info] Got 2 sessions for all scopes...
2026-09-15 09:19:00.061 [info] Getting sessions for read:user,repo,user:email,workflow...
2026-09-15 09:19:00.061 [info] Got 1 sessions for read:user,repo,user:email,workflow...
2026-09-15 09:19:00.367 [info] Getting sessions for all scopes...
2026-09-15 09:19:00.367 [info] Got 2 sessions for all scopes...
2026-09-15 09:19:00.372 [info] Getting sessions for read:user,repo,user:email,workflow...
2026-09-15 09:19:00.372 [info] Got 1 sessions for read:user,repo,user:email,workflow...
2026-09-15 09:35:29.781 [info] Getting sessions for all scopes...
2026-09-15 09:35:30.806 [info] Got 2 sessions for all scopes...
2026-09-15 09:35:36.063 [info] Getting sessions for all scopes...
2026-09-15 09:35:36.064 [info] Got 2 sessions for all scopes...
2026-09-15 09:45:11.581 [info] Getting sessions for all scopes...
2026-09-15 09:45:11.661 [info] Got 2 sessions for all scopes...
2026-09-15 09:45:16.009 [info] Getting sessions for all scopes...
2026-09-15 09:45:16.009 [info] Got 2 sessions for all scopes...
2026-09-15 09:45:20.420 [info] Getting sessions for read:user,user:email...
2026-09-15 09:45:20.420 [info] Got 0 sessions for read:user,user:email...
2026-09-15 09:45:21.089 [info] Getting sessions for all scopes...
2026-09-15 09:45:21.090 [info] Got 2 sessions for all scopes...
2026-09-15 09:45:21.124 [info] Getting sessions for repo...
2026-09-15 09:45:21.124 [info] Got 0 sessions for repo...
2026-09-15 09:45:21.131 [info] Getting sessions for all scopes...
2026-09-15 09:45:21.132 [info] Got 2 sessions for all scopes...
2026-09-15 09:45:21.136 [info] Getting sessions for read:user,user:email...
2026-09-15 09:45:21.136 [info] Got 0 sessions for read:user,user:email...
2026-09-15 09:45:21.148 [info] Getting sessions for all scopes...
2026-09-15 09:45:21.148 [info] Got 2 sessions for all scopes...
2026-09-15 09:45:21.154 [info] Getting sessions for repo...
2026-09-15 09:45:21.154 [info] Got 0 sessions for repo...
2026-09-15 09:45:21.161 [info] Getting sessions for all scopes...
2026-09-15 09:45:21.161 [info] Got 2 sessions for all scopes...
2026-09-15 10:28:39.738 [info] Getting sessions for all scopes...
2026-09-15 10:28:39.899 [info] Got 2 sessions for all scopes...
2026-09-15 10:28:40.782 [info] Getting sessions for all scopes...
2026-09-15 10:28:40.783 [info] Got 2 sessions for all scopes...
2026-09-15 10:29:52.648 [info] Getting sessions for all scopes...
2026-09-15 10:29:52.728 [info] Got 2 sessions for all scopes...
2026-09-15 10:29:52.815 [info] Getting sessions for all scopes...
2026-09-15 10:29:52.815 [info] Got 2 sessions for all scopes...
2026-09-15 10:31:05.002 [info] Getting sessions for all scopes...
2026-09-15 10:31:05.002 [info] Got 2 sessions for all scopes...
2026-09-15 10:31:05.216 [info] Getting sessions for all scopes...
2026-09-15 10:31:05.217 [info] Got 2 sessions for all scopes...
2026-09-15 10:54:33.462 [info] Getting sessions for all scopes...
2026-09-15 10:54:33.605 [info] Got 2 sessions for all scopes...
2026-09-15 10:54:39.567 [info] Getting sessions for all scopes...
2026-09-15 10:54:39.567 [info] Got 2 sessions for all scopes...
2026-09-15 10:54:46.935 [info] Getting sessions for read:user,user:email...
2026-09-15 10:54:46.994 [info] Got 0 sessions for read:user,user:email...
2026-09-15 10:55:28.175 [info] Getting sessions for all scopes...
2026-09-15 10:55:28.175 [info] Got 2 sessions for all scopes...
2026-09-15 10:55:39.709 [info] Getting sessions for repo...
2026-09-15 10:55:39.709 [info] Got 0 sessions for repo...
2026-09-15 10:55:41.102 [info] Getting sessions for all scopes...
2026-09-15 10:55:41.102 [info] Got 2 sessions for all scopes...
2026-09-15 10:55:41.938 [info] Getting sessions for read:user,user:email...
2026-09-15 10:55:41.939 [info] Got 0 sessions for read:user,user:email...
2026-09-15 10:55:44.444 [info] Getting sessions for all scopes...
2026-09-15 10:55:44.444 [info] Got 2 sessions for all scopes...
2026-09-15 10:55:45.874 [info] Getting sessions for repo...
2026-09-15 10:55:45.874 [info] Got 0 sessions for repo...
2026-09-15 10:55:46.227 [info] Getting sessions for all scopes...
2026-09-15 10:55:46.228 [info] Got 2 sessions for all scopes...
2026-09-15 10:56:50.846 [info] Getting sessions for all scopes...
2026-09-15 10:56:50.874 [info] Got 2 sessions for all scopes...
2026-09-15 10:56:51.125 [info] Getting sessions for all scopes...
2026-09-15 10:56:51.125 [info] Got 2 sessions for all scopes...
2026-09-15 11:01:25.215 [info] Getting sessions for all scopes...
2026-09-15 11:01:25.691 [info] Got 2 sessions for all scopes...
2026-09-15 11:01:25.696 [info] Getting sessions for all scopes...
2026-09-15 11:01:25.696 [info] Got 2 sessions for all scopes...
2026-09-15 11:02:30.937 [info] Getting sessions for all scopes...
2026-09-15 11:02:31.092 [info] Got 2 sessions for all scopes...
2026-09-15 11:02:31.110 [info] Getting sessions for all scopes...
2026-09-15 11:02:31.110 [info] Got 2 sessions for all scopes...
2026-09-15 11:04:20.096 [info] Getting sessions for all scopes...
2026-09-15 11:04:20.684 [info] Got 2 sessions for all scopes...
2026-09-15 11:04:26.110 [info] Getting sessions for all scopes...
2026-09-15 11:04:26.111 [info] Got 2 sessions for all scopes...
2026-09-15 11:11:02.089 [info] Getting sessions for all scopes...
2026-09-15 11:11:02.618 [info] Got 2 sessions for all scopes...
2026-09-15 11:11:02.828 [info] Getting sessions for all scopes...
2026-09-15 11:11:02.833 [info] Got 2 sessions for all scopes...
2026-09-15 11:21:36.740 [info] Getting sessions for all scopes...
2026-09-15 11:21:37.131 [info] Got 2 sessions for all scopes...
2026-09-15 11:21:37.345 [info] Getting sessions for all scopes...
2026-09-15 11:21:37.346 [info] Got 2 sessions for all scopes...
2026-09-15 11:31:50.890 [info] Getting sessions for all scopes...
2026-09-15 11:31:52.442 [info] Got 2 sessions for all scopes...
2026-09-15 11:31:58.072 [info] Getting sessions for all scopes...
2026-09-15 11:31:58.072 [info] Got 2 sessions for all scopes...
2026-09-15 12:03:49.149 [info] Getting sessions for all scopes...
2026-09-15 12:03:50.557 [info] Got 2 sessions for all scopes...
2026-09-15 12:04:36.639 [info] Getting sessions for all scopes...
2026-09-15 12:04:36.732 [info] Got 2 sessions for all scopes...
2026-09-15 12:04:48.642 [info] Getting sessions for read:user,user:email...
2026-09-15 12:04:48.686 [info] Got 0 sessions for read:user,user:email...
2026-09-15 12:04:48.687 [info] Getting sessions for all scopes...
2026-09-15 12:04:48.687 [info] Got 2 sessions for all scopes...
2026-09-15 12:04:48.917 [info] Getting sessions for all scopes...
2026-09-15 12:04:48.918 [info] Got 2 sessions for all scopes...
2026-09-15 12:04:48.919 [info] Getting sessions for all scopes...
2026-09-15 12:04:48.919 [info] Got 2 sessions for all scopes...
2026-09-15 12:04:48.942 [info] Getting sessions for repo...
2026-09-15 12:04:48.943 [info] Got 0 sessions for repo...
2026-09-15 12:04:48.945 [info] Getting sessions for all scopes...
2026-09-15 12:04:48.945 [info] Got 2 sessions for all scopes...
2026-09-15 12:04:48.948 [info] Getting sessions for read:user,user:email...
2026-09-15 12:04:48.948 [info] Got 0 sessions for read:user,user:email...
2026-09-15 12:04:48.950 [info] Getting sessions for all scopes...
2026-09-15 12:04:48.951 [info] Got 2 sessions for all scopes...
2026-09-15 12:04:48.961 [info] Getting sessions for repo...
2026-09-15 12:04:48.962 [info] Got 0 sessions for repo...
2026-09-15 12:04:48.964 [info] Getting sessions for all scopes...
2026-09-15 12:04:48.964 [info] Got 2 sessions for all scopes...
2026-09-15 12:04:51.344 [info] Getting sessions for all scopes...
2026-09-15 12:04:51.344 [info] Got 2 sessions for all scopes...
2026-09-15 12:04:51.348 [info] Getting sessions for all scopes...
2026-09-15 12:04:51.348 [info] Got 2 sessions for all scopes...
2026-09-15 12:05:20.929 [info] Getting sessions for all scopes...
2026-09-15 12:05:20.929 [info] Got 2 sessions for all scopes...
2026-09-15 12:05:20.932 [info] Getting sessions for all scopes...
2026-09-15 12:05:20.932 [info] Got 2 sessions for all scopes...
2026-09-15 12:07:32.110 [info] Getting sessions for all scopes...
2026-09-15 12:07:32.781 [info] Got 2 sessions for all scopes...
2026-09-15 12:07:33.284 [info] Getting sessions for all scopes...
2026-09-15 12:07:33.285 [info] Got 2 sessions for all scopes...
2026-09-15 12:10:41.211 [info] Reading sessions from keychain...
2026-09-15 12:10:41.319 [info] Getting sessions for all scopes...
2026-09-15 12:10:41.319 [info] Got stored sessions!
2026-09-15 12:10:41.319 [info] Got 2 verified sessions.
2026-09-15 12:10:41.319 [info] Got 2 sessions for all scopes...
2026-09-15 12:10:41.319 [info] Getting sessions for all scopes...
2026-09-15 12:10:41.319 [info] Got 2 sessions for all scopes...
2026-09-15 12:10:41.319 [info] Getting sessions for all scopes...
2026-09-15 12:10:41.319 [info] Got 2 sessions for all scopes...
2026-09-15 12:10:41.319 [info] Getting sessions for all scopes...
2026-09-15 12:10:41.319 [info] Got 2 sessions for all scopes...
2026-09-15 12:10:41.319 [info] Getting sessions for user:email...
2026-09-15 12:10:41.319 [info] Got 1 sessions for user:email...
2026-09-15 12:10:41.319 [info] Getting sessions for read:user,user:email...
2026-09-15 12:10:41.319 [info] Got 0 sessions for read:user,user:email...
2026-09-15 12:10:41.319 [info] Getting sessions for read:user,user:email...
2026-09-15 12:10:41.319 [info] Got 0 sessions for read:user,user:email...
2026-09-15 12:10:41.319 [info] Getting sessions for all scopes...
2026-09-15 12:10:41.319 [info] Got 2 sessions for all scopes...
2026-09-15 12:10:41.319 [info] Getting sessions for all scopes...
2026-09-15 12:10:41.319 [info] Got 2 sessions for all scopes...
2026-09-15 12:10:41.319 [info] Getting sessions for all scopes...
2026-09-15 12:10:41.319 [info] Got 2 sessions for all scopes...
2026-09-15 12:10:41.319 [info] Getting sessions for all scopes...
2026-09-15 12:10:41.319 [info] Got 2 sessions for all scopes...
2026-09-15 12:10:41.319 [info] Getting sessions for all scopes...
2026-09-15 12:10:41.319 [info] Got 2 sessions for all scopes...
2026-09-15 12:10:41.319 [info] Getting sessions for all scopes...
2026-09-15 12:10:41.319 [info] Got 2 sessions for all scopes...
2026-09-15 12:10:41.319 [info] Getting sessions for all scopes...
2026-09-15 12:10:41.319 [info] Got 2 sessions for all scopes...
2026-09-15 12:10:41.319 [info] Getting sessions for repo...
2026-09-15 12:10:41.319 [info] Got 0 sessions for repo...
2026-09-15 12:10:41.319 [info] Getting sessions for repo...
2026-09-15 12:10:41.319 [info] Got 0 sessions for repo...
2026-09-15 12:10:41.332 [info] Getting sessions for all scopes...
2026-09-15 12:10:41.332 [info] Got 2 sessions for all scopes...
2026-09-15 12:10:41.334 [info] Getting sessions for all scopes...
2026-09-15 12:10:41.334 [info] Got 2 sessions for all scopes...
2026-09-15 12:10:41.688 [info] Getting sessions for read:user,repo,user:email,workflow...
2026-09-15 12:10:41.688 [info] Got 1 sessions for read:user,repo,user:email,workflow...
2026-09-15 12:10:42.059 [info] Getting sessions for read:user,user:email...
2026-09-15 12:10:42.059 [info] Got 0 sessions for read:user,user:email...
2026-09-15 12:10:42.067 [info] Getting sessions for read:user,user:email...
2026-09-15 12:10:42.067 [info] Got 0 sessions for read:user,user:email...
2026-09-15 12:10:43.546 [info] Getting sessions for all scopes...
2026-09-15 12:10:43.546 [info] Got 2 sessions for all scopes...
2026-09-15 12:10:43.547 [info] Getting sessions for all scopes...
2026-09-15 12:10:43.547 [info] Got 2 sessions for all scopes...
2026-09-15 12:10:45.474 [info] Getting sessions for repo...
2026-09-15 12:10:45.474 [info] Got 0 sessions for repo...
2026-09-15 12:10:45.475 [info] Getting sessions for repo...
2026-09-15 12:10:45.475 [info] Got 0 sessions for repo...
2026-09-15 12:10:45.482 [info] Getting sessions for user:email...
2026-09-15 12:10:45.482 [info] Got 1 sessions for user:email...
2026-09-15 12:10:45.494 [info] Getting sessions for read:user,user:email...
2026-09-15 12:10:45.494 [info] Got 0 sessions for read:user,user:email...
2026-09-15 12:10:48.430 [info] Getting sessions for all scopes...
2026-09-15 12:10:48.430 [info] Got 2 sessions for all scopes...
2026-09-15 12:10:48.435 [info] Getting sessions for all scopes...
2026-09-15 12:10:48.435 [info] Got 2 sessions for all scopes...
2026-09-15 12:10:48.436 [info] Getting sessions for all scopes...
2026-09-15 12:10:48.436 [info] Got 2 sessions for all scopes...
2026-09-15 12:10:48.437 [info] Getting sessions for all scopes...
2026-09-15 12:10:48.437 [info] Got 2 sessions for all scopes...
2026-09-15 12:10:48.437 [info] Getting sessions for all scopes...
2026-09-15 12:10:48.437 [info] Got 2 sessions for all scopes...
2026-09-15 12:10:48.454 [info] Getting sessions for read:user,user:email...
2026-09-15 12:10:48.454 [info] Got 0 sessions for read:user,user:email...
2026-09-15 12:10:50.188 [info] Getting sessions for repo...
2026-09-15 12:10:50.188 [info] Got 0 sessions for repo...
2026-09-15 12:10:50.202 [info] Getting sessions for all scopes...
2026-09-15 12:10:50.202 [info] Got 2 sessions for all scopes...
2026-09-15 12:10:50.508 [info] Getting sessions for all scopes...
2026-09-15 12:10:50.508 [info] Got 2 sessions for all scopes...
2026-09-15 12:10:50.509 [info] Getting sessions for repo...
2026-09-15 12:10:50.509 [info] Got 0 sessions for repo...
2026-09-15 12:10:51.328 [info] Getting sessions for read:user,repo,user:email,workflow...
2026-09-15 12:10:51.328 [info] Got 1 sessions for read:user,repo,user:email,workflow...
2026-09-15 12:10:51.691 [info] Getting sessions for read:user,user:email...
2026-09-15 12:10:51.691 [info] Got 0 sessions for read:user,user:email...
2026-09-15 12:10:51.692 [info] Getting sessions for all scopes...
2026-09-15 12:10:51.692 [info] Got 2 sessions for all scopes...
2026-09-15 12:10:52.114 [info] Getting sessions for all scopes...
2026-09-15 12:10:52.115 [info] Got 2 sessions for all scopes...
2026-09-15 12:10:52.116 [info] Getting sessions for read:user,user:email...
2026-09-15 12:10:52.116 [info] Got 0 sessions for read:user,user:email...
2026-09-15 12:10:52.135 [info] Getting sessions for repo...
2026-09-15 12:10:52.135 [info] Got 0 sessions for repo...
2026-09-15 12:10:52.136 [info] Getting sessions for all scopes...
2026-09-15 12:10:52.136 [info] Got 2 sessions for all scopes...
2026-09-15 12:10:52.143 [info] Getting sessions for all scopes...
2026-09-15 12:10:52.143 [info] Got 2 sessions for all scopes...
2026-09-15 12:10:52.144 [info] Getting sessions for repo...
2026-09-15 12:10:52.144 [info] Got 0 sessions for repo...
2026-09-15 12:10:52.149 [info] Getting sessions for all scopes...
2026-09-15 12:10:52.149 [info] Got 2 sessions for all scopes...
2026-09-15 12:10:54.935 [info] Getting sessions for all scopes...
2026-09-15 12:10:54.935 [info] Got 2 sessions for all scopes...
2026-09-15 12:10:54.940 [info] Getting sessions for read:user,repo,user:email,workflow...
2026-09-15 12:10:54.941 [info] Got 1 sessions for read:user,repo,user:email,workflow...
2026-09-15 12:10:55.035 [info] Getting sessions for all scopes...
2026-09-15 12:10:55.036 [info] Got 2 sessions for all scopes...
2026-09-15 12:10:55.041 [info] Getting sessions for read:user,repo,user:email,workflow...
2026-09-15 12:10:55.041 [info] Got 1 sessions for read:user,repo,user:email,workflow...
2026-09-15 12:10:56.028 [info] Getting sessions for all scopes...
2026-09-15 12:10:56.029 [info] Got 2 sessions for all scopes...
2026-09-15 12:10:57.300 [info] Getting sessions for read:user,repo,user:email,workflow...
2026-09-15 12:10:57.301 [info] Got 1 sessions for read:user,repo,user:email,workflow...
2026-09-15 12:10:57.779 [info] Getting sessions for all scopes...
2026-09-15 12:10:57.779 [info] Got 2 sessions for all scopes...
2026-09-15 12:10:57.785 [info] Getting sessions for read:user,repo,user:email,workflow...
2026-09-15 12:10:57.785 [info] Got 1 sessions for read:user,repo,user:email,workflow...
2026-09-15 12:12:36.875 [info] Getting sessions for all scopes...
2026-09-15 12:12:37.066 [info] Got 2 sessions for all scopes...
2026-09-15 12:12:37.588 [info] Getting sessions for all scopes...
2026-09-15 12:12:37.589 [info] Got 2 sessions for all scopes...
2026-09-15 12:15:17.430 [info] Reading sessions from keychain...
2026-09-15 12:15:17.597 [info] Got stored sessions!
2026-09-15 12:15:17.597 [info] Got 2 verified sessions.
2026-09-15 12:15:17.597 [info] Getting sessions for all scopes...
2026-09-15 12:15:17.597 [info] Got 2 sessions for all scopes...
2026-09-15 12:15:17.597 [info] Getting sessions for all scopes...
2026-09-15 12:15:17.597 [info] Got 2 sessions for all scopes...
2026-09-15 12:15:17.597 [info] Getting sessions for all scopes...
2026-09-15 12:15:17.597 [info] Got 2 sessions for all scopes...
2026-09-15 12:15:17.597 [info] Getting sessions for all scopes...
2026-09-15 12:15:17.597 [info] Got 2 sessions for all scopes...
2026-09-15 12:15:17.597 [info] Getting sessions for user:email...
2026-09-15 12:15:17.597 [info] Got 1 sessions for user:email...
2026-09-15 12:15:17.597 [info] Getting sessions for read:user,user:email...
2026-09-15 12:15:17.597 [info] Got 0 sessions for read:user,user:email...
2026-09-15 12:15:17.597 [info] Getting sessions for read:user,user:email...
2026-09-15 12:15:17.597 [info] Got 0 sessions for read:user,user:email...
2026-09-15 12:15:17.597 [info] Getting sessions for all scopes...
2026-09-15 12:15:17.597 [info] Got 2 sessions for all scopes...
2026-09-15 12:15:17.597 [info] Getting sessions for all scopes...
2026-09-15 12:15:17.597 [info] Got 2 sessions for all scopes...
2026-09-15 12:15:17.597 [info] Getting sessions for all scopes...
2026-09-15 12:15:17.597 [info] Got 2 sessions for all scopes...
2026-09-15 12:15:17.597 [info] Getting sessions for all scopes...
2026-09-15 12:15:17.597 [info] Got 2 sessions for all scopes...
2026-09-15 12:15:17.597 [info] Getting sessions for all scopes...
2026-09-15 12:15:17.597 [info] Got 2 sessions for all scopes...
2026-09-15 12:15:17.597 [info] Getting sessions for all scopes...
2026-09-15 12:15:17.597 [info] Got 2 sessions for all scopes...
2026-09-15 12:15:17.598 [info] Getting sessions for all scopes...
2026-09-15 12:15:17.598 [info] Got 2 sessions for all scopes...
2026-09-15 12:15:17.598 [info] Getting sessions for repo...
2026-09-15 12:15:17.598 [info] Got 0 sessions for repo...
2026-09-15 12:15:17.598 [info] Getting sessions for repo...
2026-09-15 12:15:17.598 [info] Got 0 sessions for repo...
2026-09-15 12:15:18.362 [info] Getting sessions for all scopes...
2026-09-15 12:15:18.367 [info] Got 2 sessions for all scopes...
2026-09-15 12:15:18.370 [info] Getting sessions for all scopes...
2026-09-15 12:15:18.370 [info] Got 2 sessions for all scopes...
2026-09-15 12:15:18.371 [info] Getting sessions for read:user,repo,user:email,workflow...
2026-09-15 12:15:18.371 [info] Got 1 sessions for read:user,repo,user:email,workflow...
2026-09-15 12:15:36.733 [info] Getting sessions for read:user,user:email...
2026-09-15 12:15:36.733 [info] Got 0 sessions for read:user,user:email...
2026-09-15 12:15:36.734 [info] Getting sessions for read:user,user:email...
2026-09-15 12:15:36.734 [info] Got 0 sessions for read:user,user:email...
2026-09-15 12:15:37.320 [info] Getting sessions for all scopes...
2026-09-15 12:15:37.320 [info] Got 2 sessions for all scopes...
2026-09-15 12:15:37.321 [info] Getting sessions for all scopes...
2026-09-15 12:15:37.321 [info] Got 2 sessions for all scopes...
2026-09-15 12:15:39.210 [info] Getting sessions for repo...
2026-09-15 12:15:39.210 [info] Got 0 sessions for repo...
2026-09-15 12:15:39.213 [info] Getting sessions for repo...
2026-09-15 12:15:39.213 [info] Got 0 sessions for repo...
2026-09-15 12:15:40.220 [info] Getting sessions for user:email...
2026-09-15 12:15:40.221 [info] Got 1 sessions for user:email...
2026-09-15 12:15:40.222 [info] Getting sessions for read:user,user:email...
2026-09-15 12:15:40.222 [info] Got 0 sessions for read:user,user:email...
2026-09-15 12:15:42.398 [info] Getting sessions for all scopes...
2026-09-15 12:15:42.398 [info] Got 2 sessions for all scopes...
2026-09-15 12:15:42.399 [info] Getting sessions for all scopes...
2026-09-15 12:15:42.399 [info] Got 2 sessions for all scopes...
2026-09-15 12:15:42.675 [info] Getting sessions for all scopes...
2026-09-15 12:15:42.675 [info] Got 2 sessions for all scopes...
2026-09-15 12:15:42.700 [info] Getting sessions for read:user,user:email...
2026-09-15 12:15:42.701 [info] Got 0 sessions for read:user,user:email...
2026-09-15 12:15:42.759 [info] Getting sessions for all scopes...
2026-09-15 12:15:42.759 [info] Got 2 sessions for all scopes...
2026-09-15 12:15:42.760 [info] Getting sessions for all scopes...
2026-09-15 12:15:42.766 [info] Got 2 sessions for all scopes...
2026-09-15 12:15:42.783 [info] Getting sessions for repo...
2026-09-15 12:15:42.783 [info] Got 0 sessions for repo...
2026-09-15 12:15:42.784 [info] Getting sessions for all scopes...
2026-09-15 12:15:42.784 [info] Got 2 sessions for all scopes...
2026-09-15 12:15:42.865 [info] Getting sessions for all scopes...
2026-09-15 12:15:42.865 [info] Got 2 sessions for all scopes...
2026-09-15 12:15:42.866 [info] Getting sessions for repo...
2026-09-15 12:15:42.866 [info] Got 0 sessions for repo...
2026-09-15 12:15:42.913 [info] Getting sessions for read:user,user:email...
2026-09-15 12:15:42.913 [info] Got 0 sessions for read:user,user:email...
2026-09-15 12:15:42.914 [info] Getting sessions for all scopes...
2026-09-15 12:15:42.914 [info] Got 2 sessions for all scopes...
2026-09-15 12:15:42.942 [info] Getting sessions for read:user,repo,user:email,workflow...
2026-09-15 12:15:42.942 [info] Got 1 sessions for read:user,repo,user:email,workflow...
2026-09-15 12:15:42.943 [info] Getting sessions for all scopes...
2026-09-15 12:15:42.943 [info] Got 2 sessions for all scopes...
2026-09-15 12:15:42.944 [info] Getting sessions for read:user,user:email...
2026-09-15 12:15:42.944 [info] Got 0 sessions for read:user,user:email...
2026-09-15 12:15:43.666 [info] Getting sessions for repo...
2026-09-15 12:15:43.666 [info] Got 0 sessions for repo...
2026-09-15 12:15:43.667 [info] Getting sessions for all scopes...
2026-09-15 12:15:43.667 [info] Got 2 sessions for all scopes...
2026-09-15 12:15:43.688 [info] Getting sessions for all scopes...
2026-09-15 12:15:43.689 [info] Got 2 sessions for all scopes...
2026-09-15 12:15:43.690 [info] Getting sessions for repo...
2026-09-15 12:15:43.690 [info] Got 0 sessions for repo...
2026-09-15 12:15:43.696 [info] Getting sessions for all scopes...
2026-09-15 12:15:43.697 [info] Got 2 sessions for all scopes...
2026-09-15 12:15:50.788 [info] Getting sessions for read:user,repo,user:email,workflow...
2026-09-15 12:15:50.895 [info] Got 1 sessions for read:user,repo,user:email,workflow...
2026-09-15 12:15:58.651 [info] Getting sessions for all scopes...
2026-09-15 12:15:58.651 [info] Got 2 sessions for all scopes...
2026-09-15 12:15:58.652 [info] Getting sessions for all scopes...
2026-09-15 12:15:58.652 [info] Got 2 sessions for all scopes...
2026-09-15 12:15:58.812 [info] Getting sessions for read:user,repo,user:email,workflow...
2026-09-15 12:15:58.812 [info] Got 1 sessions for read:user,repo,user:email,workflow...
2026-09-15 12:16:00.085 [info] Getting sessions for all scopes...
2026-09-15 12:16:00.086 [info] Got 2 sessions for all scopes...
2026-09-15 12:16:00.276 [info] Getting sessions for read:user,repo,user:email,workflow...
2026-09-15 12:16:00.276 [info] Got 1 sessions for read:user,repo,user:email,workflow...
2026-09-15 12:16:02.905 [info] Getting sessions for all scopes...
2026-09-15 12:16:02.905 [info] Got 2 sessions for all scopes...
2026-09-15 12:16:02.941 [info] Getting sessions for read:user,repo,user:email,workflow...
2026-09-15 12:16:02.941 [info] Got 1 sessions for read:user,repo,user:email,workflow...
2026-09-15 12:16:03.483 [info] Getting sessions for all scopes...
2026-09-15 12:16:03.484 [info] Got 2 sessions for all scopes...
2026-09-15 12:16:03.489 [info] Getting sessions for read:user,repo,user:email,workflow...
2026-09-15 12:16:03.489 [info] Got 1 sessions for read:user,repo,user:email,workflow...
2026-09-15 12:24:11.431 [info] Getting sessions for all scopes...
2026-09-15 12:24:11.893 [info] Got 2 sessions for all scopes...
2026-09-15 12:24:12.361 [info] Getting sessions for all scopes...
2026-09-15 12:24:12.361 [info] Got 2 sessions for all scopes...
2026-09-15 12:25:25.846 [info] Getting sessions for all scopes...
2026-09-15 12:25:26.435 [info] Got 2 sessions for all scopes...
2026-09-15 12:25:26.439 [info] Getting sessions for all scopes...
2026-09-15 12:25:26.441 [info] Got 2 sessions for all scopes...
2026-09-15 16:05:07.270 [info] Getting sessions for all scopes...
2026-09-15 16:05:10.013 [info] Got 2 sessions for all scopes...
2026-09-15 16:05:15.171 [info] Getting sessions for all scopes...
2026-09-15 16:05:15.171 [info] Got 2 sessions for all scopes...
2026-09-15 16:05:31.047 [info] Getting sessions for read:user,user:email...
2026-09-15 16:05:31.079 [info] Got 0 sessions for read:user,user:email...
2026-09-15 16:05:31.292 [info] Getting sessions for all scopes...
2026-09-15 16:05:31.340 [info] Got 2 sessions for all scopes...
2026-09-15 16:05:31.380 [info] Getting sessions for repo...
2026-09-15 16:05:31.380 [info] Got 0 sessions for repo...
2026-09-15 16:05:31.386 [info] Getting sessions for all scopes...
2026-09-15 16:05:31.386 [info] Got 2 sessions for all scopes...
2026-09-15 16:05:31.389 [info] Getting sessions for read:user,user:email...
2026-09-15 16:05:31.390 [info] Got 0 sessions for read:user,user:email...
2026-09-15 16:05:31.392 [info] Getting sessions for all scopes...
2026-09-15 16:05:31.392 [info] Got 2 sessions for all scopes...
2026-09-15 16:05:31.394 [info] Getting sessions for repo...
2026-09-15 16:05:31.394 [info] Got 0 sessions for repo...
2026-09-15 16:05:31.396 [info] Getting sessions for all scopes...
2026-09-15 16:05:31.396 [info] Got 2 sessions for all scopes...
2026-09-15 16:08:18.336 [info] Getting sessions for all scopes...
2026-09-15 16:08:18.621 [info] Got 2 sessions for all scopes...
2026-09-15 16:08:35.121 [info] Getting sessions for all scopes...
2026-09-15 16:08:35.121 [info] Got 2 sessions for all scopes...
2026-09-15 16:10:57.950 [info] Getting sessions for all scopes...
2026-09-15 16:10:58.044 [info] Got 2 sessions for all scopes...
2026-09-15 16:11:11.099 [info] Getting sessions for read:user,repo,user:email,workflow...
2026-09-15 16:11:11.119 [info] Got 1 sessions for read:user,repo,user:email,workflow...
2026-09-15 16:11:42.204 [info] Getting sessions for all scopes...
2026-09-15 16:11:42.204 [info] Got 2 sessions for all scopes...
2026-09-15 16:11:42.675 [info] Getting sessions for read:user,repo,user:email,workflow...
2026-09-15 16:11:42.675 [info] Got 1 sessions for read:user,repo,user:email,workflow...
2026-09-15 16:15:37.514 [info] Getting sessions for all scopes...
2026-09-15 16:15:37.798 [info] Got 2 sessions for all scopes...
2026-09-15 16:15:37.845 [info] Getting sessions for all scopes...
2026-09-15 16:15:37.845 [info] Got 2 sessions for all scopes...
2026-09-15 16:20:24.077 [info] Getting sessions for all scopes...
2026-09-15 16:20:24.112 [info] Got 2 sessions for all scopes...
2026-09-15 16:20:24.195 [info] Getting sessions for read:user,repo,user:email,workflow...
2026-09-15 16:20:24.196 [info] Got 1 sessions for read:user,repo,user:email,workflow...
2026-09-15 16:20:24.629 [info] Getting sessions for all scopes...
2026-09-15 16:20:24.629 [info] Got 2 sessions for all scopes...
2026-09-15 16:20:24.634 [info] Getting sessions for read:user,repo,user:email,workflow...
2026-09-15 16:20:24.634 [info] Got 1 sessions for read:user,repo,user:email,workflow...
2026-09-15 16:27:00.555 [info] Getting sessions for all scopes...
2026-09-15 16:27:01.016 [info] Got 2 sessions for all scopes...
2026-09-15 16:27:05.392 [info] Getting sessions for all scopes...
2026-09-15 16:27:05.393 [info] Got 2 sessions for all scopes...
2026-09-15 16:33:38.147 [info] Getting sessions for all scopes...
2026-09-15 16:33:39.131 [info] Got 2 sessions for all scopes...
2026-09-15 16:33:44.382 [info] Getting sessions for all scopes...
2026-09-15 16:33:44.490 [info] Got 2 sessions for all scopes...
2026-09-15 16:33:44.502 [info] Getting sessions for all scopes...
2026-09-15 16:33:44.502 [info] Got 2 sessions for all scopes...
2026-09-15 16:33:47.754 [info] Getting sessions for read:user,repo,user:email,workflow...
2026-09-15 16:33:47.755 [info] Got 1 sessions for read:user,repo,user:email,workflow...
2026-09-15 16:33:49.655 [info] Getting sessions for all scopes...
2026-09-15 16:33:49.655 [info] Got 2 sessions for all scopes...
2026-09-15 16:33:49.660 [info] Getting sessions for read:user,repo,user:email,workflow...
2026-09-15 16:33:49.661 [info] Got 1 sessions for read:user,repo,user:email,workflow...
2026-09-15 18:30:44.165 [info] Getting sessions for all scopes...
2026-09-15 18:30:44.341 [info] Got 2 sessions for all scopes...
2026-09-15 18:30:46.895 [info] Getting sessions for all scopes...
2026-09-15 18:30:46.895 [info] Got 2 sessions for all scopes...
2026-09-15 18:30:50.952 [info] Getting sessions for read:user,user:email...
2026-09-15 18:30:51.110 [info] Got 0 sessions for read:user,user:email...
2026-09-15 18:30:51.149 [info] Getting sessions for all scopes...
2026-09-15 18:30:51.159 [info] Got 2 sessions for all scopes...
2026-09-15 18:30:51.256 [info] Getting sessions for repo...
2026-09-15 18:30:51.256 [info] Got 0 sessions for repo...
2026-09-15 18:30:51.259 [info] Getting sessions for all scopes...
2026-09-15 18:30:51.259 [info] Got 2 sessions for all scopes...
2026-09-15 18:30:51.262 [info] Getting sessions for read:user,user:email...
2026-09-15 18:30:51.262 [info] Got 0 sessions for read:user,user:email...
2026-09-15 18:30:51.265 [info] Getting sessions for all scopes...
2026-09-15 18:30:51.265 [info] Got 2 sessions for all scopes...
2026-09-15 18:30:51.447 [info] Getting sessions for repo...
2026-09-15 18:30:51.447 [info] Got 0 sessions for repo...
2026-09-15 18:30:51.449 [info] Getting sessions for all scopes...
2026-09-15 18:30:51.449 [info] Got 2 sessions for all scopes...
2026-09-15 18:32:05.934 [info] Getting sessions for all scopes...
2026-09-15 18:32:06.167 [info] Got 2 sessions for all scopes...
2026-09-15 18:32:06.169 [info] Getting sessions for all scopes...
2026-09-15 18:32:06.170 [info] Got 2 sessions for all scopes...
2026-09-15 18:32:49.385 [info] Getting sessions for all scopes...
2026-09-15 18:32:49.790 [info] Got 2 sessions for all scopes...
2026-09-15 18:32:49.793 [info] Getting sessions for all scopes...
2026-09-15 18:32:49.793 [info] Got 2 sessions for all scopes...
2026-09-15 18:34:40.979 [info] Getting sessions for all scopes...
2026-09-15 18:34:43.260 [info] Got 2 sessions for all scopes...
2026-09-15 18:34:44.112 [info] Getting sessions for read:user,repo,user:email,workflow...
2026-09-15 18:34:44.112 [info] Got 1 sessions for read:user,repo,user:email,workflow...
2026-09-15 18:35:14.065 [info] Getting sessions for all scopes...
2026-09-15 18:35:14.130 [info] Got 2 sessions for all scopes...
2026-09-15 18:35:14.138 [info] Getting sessions for read:user,repo,user:email,workflow...
2026-09-15 18:35:14.138 [info] Got 1 sessions for read:user,repo,user:email,workflow...
2026-09-15 18:36:23.305 [info] Getting sessions for all scopes...
2026-09-15 18:36:23.339 [info] Got 2 sessions for all scopes...
2026-09-15 18:36:23.346 [info] Getting sessions for all scopes...
2026-09-15 18:36:23.346 [info] Got 2 sessions for all scopes...
2026-09-15 18:36:54.249 [info] Getting sessions for all scopes...
2026-09-15 18:36:54.249 [info] Got 2 sessions for all scopes...
2026-09-15 18:36:54.253 [info] Getting sessions for all scopes...
2026-09-15 18:36:54.253 [info] Got 2 sessions for all scopes...
2026-09-15 18:39:06.053 [info] Getting sessions for all scopes...
2026-09-15 18:39:06.543 [info] Got 2 sessions for all scopes...
2026-09-15 18:39:12.492 [info] Getting sessions for all scopes...
2026-09-15 18:39:12.492 [info] Got 2 sessions for all scopes...
2026-09-15 18:39:51.228 [info] Getting sessions for all scopes...
2026-09-15 18:39:51.610 [info] Got 2 sessions for all scopes...
2026-09-15 18:39:52.045 [info] Getting sessions for all scopes...
2026-09-15 18:39:52.112 [info] Got 2 sessions for all scopes...
2026-09-15 18:42:08.182 [info] Getting sessions for all scopes...
2026-09-15 18:42:08.458 [info] Got 2 sessions for all scopes...
2026-09-15 18:42:08.822 [info] Getting sessions for all scopes...
2026-09-15 18:42:08.822 [info] Got 2 sessions for all scopes...
2026-09-15 18:46:15.989 [info] Getting sessions for all scopes...
2026-09-15 18:46:16.086 [info] Got 2 sessions for all scopes...
2026-09-15 18:46:20.028 [info] Getting sessions for read:user,repo,user:email,workflow...
2026-09-15 18:46:20.357 [info] Got 1 sessions for read:user,repo,user:email,workflow...
2026-09-15 18:46:25.878 [info] Getting sessions for all scopes...
2026-09-15 18:46:25.878 [info] Got 2 sessions for all scopes...
2026-09-15 18:46:25.886 [info] Getting sessions for read:user,repo,user:email,workflow...
2026-09-15 18:46:25.887 [info] Got 1 sessions for read:user,repo,user:email,workflow...
2026-09-15 18:56:32.648 [info] Getting sessions for all scopes...
2026-09-15 18:56:33.233 [info] Got 2 sessions for all scopes...
2026-09-15 18:56:34.018 [info] Getting sessions for read:user,repo,user:email,workflow...
2026-09-15 18:56:34.019 [info] Got 1 sessions for read:user,repo,user:email,workflow...
2026-09-15 18:56:45.541 [info] Getting sessions for all scopes...
2026-09-15 18:56:45.542 [info] Got 2 sessions for all scopes...
2026-09-15 18:56:45.548 [info] Getting sessions for read:user,repo,user:email,workflow...
2026-09-15 18:56:45.549 [info] Got 1 sessions for read:user,repo,user:email,workflow...
2026-09-15 19:10:26.957 [info] Getting sessions for all scopes...
2026-09-15 19:10:27.239 [info] Got 2 sessions for all scopes...
2026-09-15 19:10:28.671 [info] Getting sessions for read:user,repo,user:email,workflow...
2026-09-15 19:10:28.715 [info] Got 1 sessions for read:user,repo,user:email,workflow...
2026-09-15 19:10:44.108 [info] Getting sessions for all scopes...
2026-09-15 19:10:44.109 [info] Got 2 sessions for all scopes...
2026-09-15 19:10:44.151 [info] Getting sessions for read:user,repo,user:email,workflow...
2026-09-15 19:10:44.152 [info] Got 1 sessions for read:user,repo,user:email,workflow...
2026-09-15 19:20:51.063 [info] Getting sessions for all scopes...
2026-09-15 19:20:51.452 [info] Got 2 sessions for all scopes...
2026-09-15 19:20:53.547 [info] Getting sessions for read:user,repo,user:email,workflow...
2026-09-15 19:20:53.666 [info] Got 1 sessions for read:user,repo,user:email,workflow...
2026-09-15 19:20:58.030 [info] Getting sessions for all scopes...
2026-09-15 19:20:58.030 [info] Got 2 sessions for all scopes...
2026-09-15 19:20:58.070 [info] Getting sessions for read:user,repo,user:email,workflow...
2026-09-15 19:20:58.071 [info] Got 1 sessions for read:user,repo,user:email,workflow...
2026-09-15 19:39:00.143 [info] Getting sessions for all scopes...
2026-09-15 19:39:03.557 [info] Got 2 sessions for all scopes...
2026-09-15 19:39:14.477 [info] Getting sessions for read:user,repo,user:email,workflow...
2026-09-15 19:39:14.581 [info] Got 1 sessions for read:user,repo,user:email,workflow...
2026-09-15 19:41:25.609 [info] Getting sessions for all scopes...
2026-09-15 19:41:26.715 [info] Got 2 sessions for all scopes...
2026-09-15 19:41:29.827 [info] Getting sessions for read:user,repo,user:email,workflow...
2026-09-15 19:41:29.828 [info] Got 1 sessions for read:user,repo,user:email,workflow...
2026-09-15 19:52:16.948 [info] Getting sessions for all scopes...
2026-09-15 19:52:17.821 [info] Got 2 sessions for all scopes...
2026-09-15 19:52:19.805 [info] Getting sessions for read:user,repo,user:email,workflow...
2026-09-15 19:52:19.806 [info] Got 1 sessions for read:user,repo,user:email,workflow...
2026-09-15 19:52:33.733 [info] Getting sessions for all scopes...
2026-09-15 19:52:33.733 [info] Got 2 sessions for all scopes...
2026-09-15 19:52:33.948 [info] Getting sessions for read:user,repo,user:email,workflow...
2026-09-15 19:52:33.948 [info] Got 1 sessions for read:user,repo,user:email,workflow...
2026-09-15 20:02:39.566 [info] Getting sessions for all scopes...
2026-09-15 20:02:39.621 [info] Got 2 sessions for all scopes...
2026-09-15 20:02:39.633 [info] Getting sessions for read:user,repo,user:email,workflow...
2026-09-15 20:02:39.634 [info] Got 1 sessions for read:user,repo,user:email,workflow...
2026-09-15 20:02:40.264 [info] Getting sessions for all scopes...
2026-09-15 20:02:40.264 [info] Got 2 sessions for all scopes...
2026-09-15 20:02:40.462 [info] Getting sessions for read:user,repo,user:email,workflow...
2026-09-15 20:02:40.462 [info] Got 1 sessions for read:user,repo,user:email,workflow...
2026-09-15 20:12:41.135 [info] Getting sessions for all scopes...
2026-09-15 20:12:41.525 [info] Got 2 sessions for all scopes...
2026-09-15 20:12:41.533 [info] Getting sessions for read:user,repo,user:email,workflow...
2026-09-15 20:12:41.533 [info] Got 1 sessions for read:user,repo,user:email,workflow...
2026-09-15 20:12:47.128 [info] Getting sessions for all scopes...
2026-09-15 20:12:47.128 [info] Got 2 sessions for all scopes...
2026-09-15 20:12:48.671 [info] Getting sessions for all scopes...
2026-09-15 20:12:48.671 [info] Got 2 sessions for all scopes...
2026-09-15 20:12:49.001 [info] Getting sessions for all scopes...
2026-09-15 20:12:49.001 [info] Got 2 sessions for all scopes...
2026-09-15 20:12:49.010 [info] Getting sessions for read:user,repo,user:email,workflow...
2026-09-15 20:12:49.011 [info] Got 1 sessions for read:user,repo,user:email,workflow...
2026-09-15 20:12:51.795 [info] Getting sessions for read:user,user:email...
2026-09-15 20:12:51.796 [info] Got 0 sessions for read:user,user:email...
2026-09-15 20:12:51.883 [info] Getting sessions for all scopes...
2026-09-15 20:12:51.883 [info] Got 2 sessions for all scopes...
2026-09-15 20:12:51.885 [info] Getting sessions for repo...
2026-09-15 20:12:51.885 [info] Got 0 sessions for repo...
2026-09-15 20:12:51.898 [info] Getting sessions for all scopes...
2026-09-15 20:12:51.911 [info] Got 2 sessions for all scopes...
2026-09-15 20:12:51.913 [info] Getting sessions for read:user,user:email...
2026-09-15 20:12:51.913 [info] Got 0 sessions for read:user,user:email...
2026-09-15 20:12:51.915 [info] Getting sessions for all scopes...
2026-09-15 20:12:51.915 [info] Got 2 sessions for all scopes...
2026-09-15 20:12:51.974 [info] Getting sessions for repo...
2026-09-15 20:12:51.974 [info] Got 0 sessions for repo...
2026-09-15 20:12:51.977 [info] Getting sessions for all scopes...
2026-09-15 20:12:51.977 [info] Got 2 sessions for all scopes...
2026-09-15 20:22:50.056 [info] Getting sessions for all scopes...
2026-09-15 20:22:50.056 [info] Got 2 sessions for all scopes...
2026-09-15 20:22:50.063 [info] Getting sessions for read:user,repo,user:email,workflow...
2026-09-15 20:22:50.064 [info] Got 1 sessions for read:user,repo,user:email,workflow...
2026-09-15 20:32:52.853 [info] Getting sessions for all scopes...
2026-09-15 20:32:52.853 [info] Got 2 sessions for all scopes...
2026-09-15 20:32:52.861 [info] Getting sessions for read:user,repo,user:email,workflow...
2026-09-15 20:32:52.861 [info] Got 1 sessions for read:user,repo,user:email,workflow...
2026-09-15 20:32:53.226 [info] Getting sessions for all scopes...
2026-09-15 20:32:53.227 [info] Got 2 sessions for all scopes...
2026-09-15 20:32:53.233 [info] Getting sessions for read:user,repo,user:email,workflow...
2026-09-15 20:32:53.234 [info] Got 1 sessions for read:user,repo,user:email,workflow...
2026-09-15 20:42:54.007 [info] Getting sessions for all scopes...
2026-09-15 20:42:54.106 [info] Got 2 sessions for all scopes...
2026-09-15 20:42:54.142 [info] Getting sessions for read:user,repo,user:email,workflow...
2026-09-15 20:42:54.142 [info] Got 1 sessions for read:user,repo,user:email,workflow...
2026-09-15 20:42:54.985 [info] Getting sessions for all scopes...
2026-09-15 20:42:54.985 [info] Got 2 sessions for all scopes...
2026-09-15 20:42:55.120 [info] Getting sessions for read:user,repo,user:email,workflow...
2026-09-15 20:42:55.120 [info] Got 1 sessions for read:user,repo,user:email,workflow...
2026-09-15 20:52:55.754 [info] Getting sessions for all scopes...
2026-09-15 20:52:55.773 [info] Got 2 sessions for all scopes...
2026-09-15 20:52:55.781 [info] Getting sessions for read:user,repo,user:email,workflow...
2026-09-15 20:52:55.781 [info] Got 1 sessions for read:user,repo,user:email,workflow...
2026-09-15 20:52:56.184 [info] Getting sessions for all scopes...
2026-09-15 20:52:56.185 [info] Got 2 sessions for all scopes...
2026-09-15 20:52:56.190 [info] Getting sessions for read:user,repo,user:email,workflow...
2026-09-15 20:52:56.190 [info] Got 1 sessions for read:user,repo,user:email,workflow...
2026-09-15 21:02:56.876 [info] Getting sessions for all scopes...
2026-09-15 21:02:56.876 [info] Got 2 sessions for all scopes...
2026-09-15 21:02:56.907 [info] Getting sessions for read:user,repo,user:email,workflow...
2026-09-15 21:02:56.907 [info] Got 1 sessions for read:user,repo,user:email,workflow...
2026-09-15 21:02:57.196 [info] Getting sessions for all scopes...
2026-09-15 21:02:57.197 [info] Got 2 sessions for all scopes...
2026-09-15 21:02:57.201 [info] Getting sessions for read:user,repo,user:email,workflow...
2026-09-15 21:02:57.201 [info] Got 1 sessions for read:user,repo,user:email,workflow...
2026-09-15 21:12:51.746 [info] Getting sessions for all scopes...
2026-09-15 21:12:51.746 [info] Got 2 sessions for all scopes...
2026-09-15 21:12:51.749 [info] Getting sessions for all scopes...
2026-09-15 21:12:51.749 [info] Got 2 sessions for all scopes...
2026-09-15 21:12:54.093 [info] Getting sessions for read:user,user:email...
2026-09-15 21:12:54.093 [info] Got 0 sessions for read:user,user:email...
2026-09-15 21:12:54.100 [info] Getting sessions for all scopes...
2026-09-15 21:12:54.101 [info] Got 2 sessions for all scopes...
2026-09-15 21:12:54.103 [info] Getting sessions for repo...
2026-09-15 21:12:54.104 [info] Got 0 sessions for repo...
2026-09-15 21:12:54.106 [info] Getting sessions for all scopes...
2026-09-15 21:12:54.106 [info] Got 2 sessions for all scopes...
2026-09-15 21:12:54.108 [info] Getting sessions for read:user,user:email...
2026-09-15 21:12:54.108 [info] Got 0 sessions for read:user,user:email...
2026-09-15 21:12:54.110 [info] Getting sessions for all scopes...
2026-09-15 21:12:54.110 [info] Got 2 sessions for all scopes...
2026-09-15 21:12:54.112 [info] Getting sessions for repo...
2026-09-15 21:12:54.112 [info] Got 0 sessions for repo...
2026-09-15 21:12:54.114 [info] Getting sessions for all scopes...
2026-09-15 21:12:54.114 [info] Got 2 sessions for all scopes...
2026-09-15 21:12:57.913 [info] Getting sessions for all scopes...
2026-09-15 21:12:57.913 [info] Got 2 sessions for all scopes...
2026-09-15 21:12:57.941 [info] Getting sessions for read:user,repo,user:email,workflow...
2026-09-15 21:12:57.941 [info] Got 1 sessions for read:user,repo,user:email,workflow...
2026-09-15 21:12:58.233 [info] Getting sessions for all scopes...
2026-09-15 21:12:58.234 [info] Got 2 sessions for all scopes...
2026-09-15 21:12:58.239 [info] Getting sessions for read:user,repo,user:email,workflow...
2026-09-15 21:12:58.239 [info] Got 1 sessions for read:user,repo,user:email,workflow...
2026-09-15 21:22:58.892 [info] Getting sessions for all scopes...
2026-09-15 21:22:58.911 [info] Got 2 sessions for all scopes...
2026-09-15 21:22:58.919 [info] Getting sessions for read:user,repo,user:email,workflow...
2026-09-15 21:22:58.919 [info] Got 1 sessions for read:user,repo,user:email,workflow...
2026-09-15 21:22:59.214 [info] Getting sessions for all scopes...
2026-09-15 21:22:59.214 [info] Got 2 sessions for all scopes...
2026-09-15 21:22:59.219 [info] Getting sessions for read:user,repo,user:email,workflow...
2026-09-15 21:22:59.219 [info] Got 1 sessions for read:user,repo,user:email,workflow...
2026-09-15 21:38:05.707 [info] Getting sessions for all scopes...
2026-09-15 21:38:06.332 [info] Got 2 sessions for all scopes...
2026-09-15 21:38:09.445 [info] Getting sessions for all scopes...
2026-09-15 21:38:09.445 [info] Got 2 sessions for all scopes...
2026-09-15 21:38:09.449 [info] Getting sessions for all scopes...
2026-09-15 21:38:09.449 [info] Got 2 sessions for all scopes...
2026-09-15 21:38:09.522 [info] Getting sessions for all scopes...
2026-09-15 21:38:09.522 [info] Got 2 sessions for all scopes...
2026-09-15 21:38:10.784 [info] Getting sessions for all scopes...
2026-09-15 21:38:10.924 [info] Got 2 sessions for all scopes...
2026-09-15 21:38:11.206 [info] Getting sessions for read:user,repo,user:email,workflow...
2026-09-15 21:38:11.372 [info] Got 1 sessions for read:user,repo,user:email,workflow...
2026-09-15 21:38:14.587 [info] Getting sessions for all scopes...
2026-09-15 21:38:14.587 [info] Got 2 sessions for all scopes...
2026-09-15 21:38:14.592 [info] Getting sessions for read:user,repo,user:email,workflow...
2026-09-15 21:38:14.592 [info] Got 1 sessions for read:user,repo,user:email,workflow...
2026-09-15 22:36:49.284 [info] Getting sessions for all scopes...
2026-09-15 22:36:49.955 [info] Got 2 sessions for all scopes...
2026-09-15 22:36:51.054 [info] Getting sessions for all scopes...
2026-09-15 22:36:51.055 [info] Got 2 sessions for all scopes...
2026-09-15 22:37:06.221 [info] Getting sessions for read:user,user:email...
2026-09-15 22:37:06.342 [info] Got 0 sessions for read:user,user:email...
2026-09-15 22:37:06.406 [info] Getting sessions for all scopes...
2026-09-15 22:37:06.406 [info] Got 2 sessions for all scopes...
2026-09-15 22:37:06.615 [info] Getting sessions for repo...
2026-09-15 22:37:06.639 [info] Got 0 sessions for repo...
2026-09-15 22:37:06.642 [info] Getting sessions for all scopes...
2026-09-15 22:37:06.642 [info] Got 2 sessions for all scopes...
2026-09-15 22:37:06.645 [info] Getting sessions for read:user,user:email...
2026-09-15 22:37:06.646 [info] Got 0 sessions for read:user,user:email...
2026-09-15 22:37:06.648 [info] Getting sessions for all scopes...
2026-09-15 22:37:06.649 [info] Got 2 sessions for all scopes...
2026-09-15 22:37:06.651 [info] Getting sessions for repo...
2026-09-15 22:37:06.652 [info] Got 0 sessions for repo...
2026-09-15 22:37:06.654 [info] Getting sessions for all scopes...
2026-09-15 22:37:06.655 [info] Got 2 sessions for all scopes...
2026-09-15 22:37:36.564 [info] Getting sessions for all scopes...
2026-09-15 22:37:36.564 [info] Got 2 sessions for all scopes...
2026-09-15 22:37:36.724 [info] Getting sessions for read:user,repo,user:email,workflow...
2026-09-15 22:37:36.724 [info] Got 1 sessions for read:user,repo,user:email,workflow...
2026-09-15 22:37:42.203 [info] Getting sessions for all scopes...
2026-09-15 22:37:42.203 [info] Got 2 sessions for all scopes...
2026-09-15 22:37:42.245 [info] Getting sessions for read:user,repo,user:email,workflow...
2026-09-15 22:37:42.245 [info] Got 1 sessions for read:user,repo,user:email,workflow...
2026-09-15 22:48:06.670 [info] Getting sessions for all scopes...
2026-09-15 22:48:07.572 [info] Got 2 sessions for all scopes...
2026-09-15 22:48:21.943 [info] Getting sessions for all scopes...
2026-09-15 22:48:21.943 [info] Got 2 sessions for all scopes...
2026-09-15 22:48:21.996 [info] Getting sessions for all scopes...
2026-09-15 22:48:21.997 [info] Got 2 sessions for all scopes...
2026-09-15 22:48:44.043 [info] Getting sessions for read:user,repo,user:email,workflow...
2026-09-15 22:48:44.235 [info] Got 1 sessions for read:user,repo,user:email,workflow...
2026-09-15 22:48:45.406 [info] Getting sessions for all scopes...
2026-09-15 22:48:45.406 [info] Got 2 sessions for all scopes...
2026-09-15 22:48:45.412 [info] Getting sessions for read:user,repo,user:email,workflow...
2026-09-15 22:48:45.412 [info] Got 1 sessions for read:user,repo,user:email,workflow...
2026-09-15 22:59:36.426 [info] Getting sessions for all scopes...
2026-09-15 22:59:37.007 [info] Got 2 sessions for all scopes...
2026-09-15 22:59:42.124 [info] Getting sessions for all scopes...
2026-09-15 22:59:42.124 [info] Got 2 sessions for all scopes...
2026-09-15 22:59:42.152 [info] Getting sessions for all scopes...
2026-09-15 22:59:42.153 [info] Got 2 sessions for all scopes...
2026-09-15 22:59:42.282 [info] Getting sessions for read:user,repo,user:email,workflow...
2026-09-15 22:59:42.283 [info] Got 1 sessions for read:user,repo,user:email,workflow...
2026-09-15 22:59:46.078 [info] Getting sessions for all scopes...
2026-09-15 22:59:46.079 [info] Got 2 sessions for all scopes...
2026-09-15 22:59:46.084 [info] Getting sessions for read:user,repo,user:email,workflow...
2026-09-15 22:59:46.084 [info] Got 1 sessions for read:user,repo,user:email,workflow...
2026-09-15 23:06:30.277 [info] Getting sessions for all scopes...
2026-09-15 23:06:31.353 [info] Got 2 sessions for all scopes...
2026-09-15 23:06:44.159 [info] Getting sessions for all scopes...
2026-09-15 23:06:44.160 [info] Got 2 sessions for all scopes...
2026-09-15 23:18:23.605 [info] Getting sessions for all scopes...
2026-09-15 23:18:23.929 [info] Got 2 sessions for all scopes...
2026-09-15 23:18:24.403 [info] Getting sessions for all scopes...
2026-09-15 23:18:24.403 [info] Got 2 sessions for all scopes...
2026-09-15 23:18:24.404 [info] Getting sessions for all scopes...
2026-09-15 23:18:24.404 [info] Got 2 sessions for all scopes...
2026-09-15 23:18:24.576 [info] Getting sessions for read:user,repo,user:email,workflow...
2026-09-15 23:18:24.633 [info] Got 1 sessions for read:user,repo,user:email,workflow...
2026-09-15 23:18:28.154 [info] Getting sessions for all scopes...
2026-09-15 23:18:28.154 [info] Got 2 sessions for all scopes...
2026-09-15 23:18:28.161 [info] Getting sessions for read:user,repo,user:email,workflow...
2026-09-15 23:18:28.161 [info] Got 1 sessions for read:user,repo,user:email,workflow...
2026-09-15 23:27:59.090 [info] Getting sessions for all scopes...
2026-09-15 23:27:59.267 [info] Got 2 sessions for all scopes...
2026-09-15 23:27:59.272 [info] Getting sessions for read:user,repo,user:email,workflow...
2026-09-15 23:27:59.272 [info] Got 1 sessions for read:user,repo,user:email,workflow...
2026-09-15 23:28:02.882 [info] Getting sessions for all scopes...
2026-09-15 23:28:02.882 [info] Got 2 sessions for all scopes...
2026-09-15 23:28:02.887 [info] Getting sessions for read:user,repo,user:email,workflow...
2026-09-15 23:28:02.887 [info] Got 1 sessions for read:user,repo,user:email,workflow...
2026-09-15 23:38:03.589 [info] Getting sessions for all scopes...
2026-09-15 23:38:03.636 [info] Got 2 sessions for all scopes...
2026-09-15 23:38:03.655 [info] Getting sessions for read:user,repo,user:email,workflow...
2026-09-15 23:38:03.655 [info] Got 1 sessions for read:user,repo,user:email,workflow...
2026-09-15 23:38:05.496 [info] Getting sessions for all scopes...
2026-09-15 23:38:05.497 [info] Got 2 sessions for all scopes...
2026-09-15 23:38:05.546 [info] Getting sessions for read:user,repo,user:email,workflow...
2026-09-15 23:38:05.546 [info] Got 1 sessions for read:user,repo,user:email,workflow...
2026-09-15 23:48:06.249 [info] Getting sessions for all scopes...
2026-09-15 23:48:06.304 [info] Got 2 sessions for all scopes...
2026-09-15 23:48:06.311 [info] Getting sessions for read:user,repo,user:email,workflow...
2026-09-15 23:48:06.311 [info] Got 1 sessions for read:user,repo,user:email,workflow...
2026-09-15 23:48:06.832 [info] Getting sessions for all scopes...
2026-09-15 23:48:06.832 [info] Got 2 sessions for all scopes...
2026-09-15 23:48:06.837 [info] Getting sessions for read:user,repo,user:email,workflow...
2026-09-15 23:48:06.837 [info] Got 1 sessions for read:user,repo,user:email,workflow...
2026-09-15 23:58:06.250 [info] Getting sessions for all scopes...
2026-09-15 23:58:07.040 [info] Got 2 sessions for all scopes...
2026-09-15 23:58:07.618 [info] Getting sessions for read:user,repo,user:email,workflow...
2026-09-15 23:58:07.618 [info] Got 1 sessions for read:user,repo,user:email,workflow...
2026-09-15 23:58:11.970 [info] Getting sessions for all scopes...
2026-09-15 23:58:11.970 [info] Got 2 sessions for all scopes...
2026-09-15 23:58:11.994 [info] Getting sessions for read:user,repo,user:email,workflow...
2026-09-15 23:58:11.994 [info] Got 1 sessions for read:user,repo,user:email,workflow...
2026-09-16 00:03:20.339 [info] Getting sessions for all scopes...
2026-09-16 00:03:20.780 [info] Got 2 sessions for all scopes...
2026-09-16 00:03:21.101 [info] Getting sessions for all scopes...
2026-09-16 00:03:21.101 [info] Got 2 sessions for all scopes...
2026-09-16 00:03:38.444 [info] Getting sessions for read:user,user:email...
2026-09-16 00:03:38.444 [info] Got 0 sessions for read:user,user:email...
2026-09-16 00:03:39.207 [info] Getting sessions for all scopes...
2026-09-16 00:03:39.208 [info] Got 2 sessions for all scopes...
2026-09-16 00:03:39.216 [info] Getting sessions for repo...
2026-09-16 00:03:39.216 [info] Got 0 sessions for repo...
2026-09-16 00:03:39.218 [info] Getting sessions for all scopes...
2026-09-16 00:03:39.218 [info] Got 2 sessions for all scopes...
2026-09-16 00:03:39.220 [info] Getting sessions for read:user,user:email...
2026-09-16 00:03:39.220 [info] Got 0 sessions for read:user,user:email...
2026-09-16 00:03:39.222 [info] Getting sessions for all scopes...
2026-09-16 00:03:39.222 [info] Got 2 sessions for all scopes...
2026-09-16 00:03:39.225 [info] Getting sessions for repo...
2026-09-16 00:03:39.225 [info] Got 0 sessions for repo...
2026-09-16 00:03:39.228 [info] Getting sessions for all scopes...
2026-09-16 00:03:39.229 [info] Got 2 sessions for all scopes...
2026-09-16 00:08:14.996 [info] Getting sessions for all scopes...
2026-09-16 00:08:15.076 [info] Got 2 sessions for all scopes...
2026-09-16 00:08:15.088 [info] Getting sessions for read:user,repo,user:email,workflow...
2026-09-16 00:08:15.089 [info] Got 1 sessions for read:user,repo,user:email,workflow...
2026-09-16 00:08:17.545 [info] Getting sessions for all scopes...
2026-09-16 00:08:17.545 [info] Got 2 sessions for all scopes...
2026-09-16 00:08:17.550 [info] Getting sessions for read:user,repo,user:email,workflow...
2026-09-16 00:08:17.550 [info] Got 1 sessions for read:user,repo,user:email,workflow...
2026-09-16 00:14:37.562 [info] Getting sessions for all scopes...
2026-09-16 00:14:37.706 [info] Got 2 sessions for all scopes...
2026-09-16 00:14:37.709 [info] Getting sessions for all scopes...
2026-09-16 00:14:37.710 [info] Got 2 sessions for all scopes...
2026-09-16 00:16:32.498 [info] Getting sessions for all scopes...
2026-09-16 00:16:32.545 [info] Got 2 sessions for all scopes...
2026-09-16 00:16:32.567 [info] Getting sessions for all scopes...
2026-09-16 00:16:32.568 [info] Got 2 sessions for all scopes...
2026-09-16 00:18:14.796 [info] Getting sessions for all scopes...
2026-09-16 00:18:14.856 [info] Got 2 sessions for all scopes...
2026-09-16 00:18:14.879 [info] Getting sessions for read:user,repo,user:email,workflow...
2026-09-16 00:18:14.879 [info] Got 1 sessions for read:user,repo,user:email,workflow...
2026-09-16 00:18:15.338 [info] Getting sessions for all scopes...
2026-09-16 00:18:15.338 [info] Got 2 sessions for all scopes...
2026-09-16 00:18:15.350 [info] Getting sessions for read:user,repo,user:email,workflow...
2026-09-16 00:18:15.350 [info] Got 1 sessions for read:user,repo,user:email,workflow...
2026-09-16 00:54:05.263 [info] Getting sessions for all scopes...
2026-09-16 00:54:07.546 [info] Got 2 sessions for all scopes...
2026-09-16 00:54:09.176 [info] Getting sessions for read:user,repo,user:email,workflow...
2026-09-16 00:54:09.405 [info] Got 1 sessions for read:user,repo,user:email,workflow...
2026-09-16 00:54:38.729 [info] Getting sessions for all scopes...
2026-09-16 00:54:38.729 [info] Got 2 sessions for all scopes...
2026-09-16 00:54:38.734 [info] Getting sessions for read:user,repo,user:email,workflow...
2026-09-16 00:54:38.734 [info] Got 1 sessions for read:user,repo,user:email,workflow...
2026-09-16 01:00:12.464 [info] Getting sessions for all scopes...
2026-09-16 01:00:13.336 [info] Got 2 sessions for all scopes...
2026-09-16 01:01:09.412 [info] Getting sessions for all scopes...
2026-09-16 01:01:09.412 [info] Got 2 sessions for all scopes...
2026-09-16 01:08:46.780 [info] Getting sessions for all scopes...
2026-09-16 01:08:47.180 [info] Got 2 sessions for all scopes...
2026-09-16 01:08:56.379 [info] Getting sessions for read:user,repo,user:email,workflow...
2026-09-16 01:08:56.379 [info] Got 1 sessions for read:user,repo,user:email,workflow...
2026-09-16 01:09:02.929 [info] Getting sessions for all scopes...
2026-09-16 01:09:02.929 [info] Got 2 sessions for all scopes...
2026-09-16 01:09:03.456 [info] Getting sessions for read:user,repo,user:email,workflow...
2026-09-16 01:09:03.553 [info] Got 1 sessions for read:user,repo,user:email,workflow...
2026-09-16 01:09:26.358 [info] Getting sessions for all scopes...
2026-09-16 01:09:26.358 [info] Got 2 sessions for all scopes...
2026-09-16 01:09:26.369 [info] Getting sessions for read:user,repo,user:email,workflow...
2026-09-16 01:09:26.369 [info] Got 1 sessions for read:user,repo,user:email,workflow...
2026-09-16 01:15:08.409 [info] Getting sessions for all scopes...
2026-09-16 01:15:08.579 [info] Got 2 sessions for all scopes...
2026-09-16 01:15:08.815 [info] Getting sessions for read:user,repo,user:email,workflow...
2026-09-16 01:15:08.816 [info] Got 1 sessions for read:user,repo,user:email,workflow...
2026-09-16 01:15:09.155 [info] Getting sessions for all scopes...
2026-09-16 01:15:09.155 [info] Got 2 sessions for all scopes...
2026-09-16 01:15:09.164 [info] Getting sessions for read:user,repo,user:email,workflow...
2026-09-16 01:15:09.164 [info] Got 1 sessions for read:user,repo,user:email,workflow...
