2026-09-14 13:04:03.881 [info] Reading sessions from keychain...
2026-09-14 13:04:03.881 [info] Getting sessions for all scopes...
2026-09-14 13:04:20.827 [info] Got 0 sessions for all scopes...
2026-09-14 13:04:20.828 [info] Getting sessions for all scopes...
2026-09-14 13:04:20.828 [info] Got 0 sessions for all scopes...
2026-09-14 13:04:20.829 [info] Getting sessions for all scopes...
2026-09-14 13:04:20.829 [info] Got 0 sessions for all scopes...
2026-09-14 13:04:20.829 [info] Getting sessions for all scopes...
2026-09-14 13:04:20.829 [info] Got 0 sessions for all scopes...
2026-09-14 13:04:20.833 [info] Getting sessions for read:user,user:email...
2026-09-14 13:04:20.833 [info] Got 0 sessions for read:user,user:email...
2026-09-14 13:04:20.834 [info] Getting sessions for all scopes...
2026-09-14 13:04:20.834 [info] Got 0 sessions for all scopes...
2026-09-14 13:04:20.834 [info] Getting sessions for all scopes...
2026-09-14 13:04:20.834 [info] Got 0 sessions for all scopes...
2026-09-14 13:04:20.836 [info] Getting sessions for user:email...
2026-09-14 13:04:20.837 [info] Got 0 sessions for user:email...
2026-09-14 13:04:20.837 [info] Getting sessions for read:user,user:email...
2026-09-14 13:04:20.837 [info] Got 0 sessions for read:user,user:email...
2026-09-14 13:04:20.837 [info] Getting sessions for read:user,user:email...
2026-09-14 13:04:20.837 [info] Got 0 sessions for read:user,user:email...
2026-09-14 13:04:20.838 [info] Getting sessions for read:user,user:email...
2026-09-14 13:04:20.838 [info] Got 0 sessions for read:user,user:email...
2026-09-14 13:04:20.839 [info] Getting sessions for read:user,user:email...
2026-09-14 13:04:20.839 [info] Got 0 sessions for read:user,user:email...
2026-09-14 13:04:20.844 [info] Getting sessions for read:user,user:email...
2026-09-14 13:04:20.844 [info] Got 0 sessions for read:user,user:email...
2026-09-14 13:04:20.844 [info] Getting sessions for read:user,user:email...
2026-09-14 13:04:20.844 [info] Got 0 sessions for read:user,user:email...
2026-09-14 13:04:20.845 [info] Getting sessions for read:user,user:email...
2026-09-14 13:04:20.845 [info] Got 0 sessions for read:user,user:email...
2026-09-14 13:04:20.845 [info] Getting sessions for all scopes...
2026-09-14 13:04:20.845 [info] Got 0 sessions for all scopes...
2026-09-14 13:04:20.854 [info] Getting sessions for all scopes...
2026-09-14 13:04:20.854 [info] Got 0 sessions for all scopes...
2026-09-14 13:04:31.535 [info] Getting sessions for all scopes...
2026-09-14 13:04:31.535 [info] Got 0 sessions for all scopes...
2026-09-14 13:04:32.209 [info] Getting sessions for all scopes...
2026-09-14 13:04:32.209 [info] Got 0 sessions for all scopes...
2026-09-14 13:04:32.211 [info] Getting sessions for all scopes...
2026-09-14 13:04:32.211 [info] Got 0 sessions for all scopes...
2026-09-14 13:04:32.212 [info] Getting sessions for all scopes...
2026-09-14 13:04:32.212 [info] Got 0 sessions for all scopes...
2026-09-14 13:04:32.214 [info] Getting sessions for all scopes...
2026-09-14 13:04:32.214 [info] Got 0 sessions for all scopes...
2026-09-14 13:04:32.215 [info] Getting sessions for all scopes...
2026-09-14 13:04:32.215 [info] Got 0 sessions for all scopes...
2026-09-14 13:04:32.218 [info] Getting sessions for all scopes...
2026-09-14 13:04:32.219 [info] Got 0 sessions for all scopes...
2026-09-14 13:04:32.230 [info] Getting sessions for all scopes...
2026-09-14 13:04:32.230 [info] Got 0 sessions for all scopes...
2026-09-14 13:04:32.233 [info] Getting sessions for all scopes...
2026-09-14 13:04:32.233 [info] Got 0 sessions for all scopes...
2026-09-14 13:04:32.234 [info] Getting sessions for all scopes...
2026-09-14 13:04:32.234 [info] Got 0 sessions for all scopes...
2026-09-14 13:04:32.321 [info] Getting sessions for repo...
2026-09-14 13:04:32.321 [info] Got 0 sessions for repo...
2026-09-14 13:04:32.680 [info] Getting sessions for repo...
2026-09-14 13:04:32.680 [info] Got 0 sessions for repo...
2026-09-14 13:04:32.682 [info] Getting sessions for repo...
2026-09-14 13:04:32.682 [info] Got 0 sessions for repo...
2026-09-14 13:04:32.688 [info] Getting sessions for repo...
2026-09-14 13:04:32.689 [info] Got 0 sessions for repo...
2026-09-14 13:04:32.702 [info] Getting sessions for repo...
2026-09-14 13:04:32.702 [info] Got 0 sessions for repo...
2026-09-14 13:04:32.708 [info] Getting sessions for repo...
2026-09-14 13:04:32.708 [info] Got 0 sessions for repo...
2026-09-14 13:04:32.710 [info] Getting sessions for repo...
2026-09-14 13:04:32.711 [info] Got 0 sessions for repo...
2026-09-14 13:04:32.713 [info] Getting sessions for repo...
2026-09-14 13:04:32.713 [info] Got 0 sessions for repo...
2026-09-14 13:04:33.179 [info] Getting sessions for all scopes...
2026-09-14 13:04:33.179 [info] Got 0 sessions for all scopes...
2026-09-14 13:04:33.392 [info] Getting sessions for all scopes...
2026-09-14 13:04:33.392 [info] Got 0 sessions for all scopes...
2026-09-14 13:04:33.393 [info] Getting sessions for all scopes...
2026-09-14 13:04:33.394 [info] Got 0 sessions for all scopes...
2026-09-14 13:04:33.395 [info] Getting sessions for all scopes...
2026-09-14 13:04:33.395 [info] Got 0 sessions for all scopes...
2026-09-14 13:04:33.396 [info] Getting sessions for all scopes...
2026-09-14 13:04:33.396 [info] Got 0 sessions for all scopes...
2026-09-14 13:04:33.397 [info] Getting sessions for all scopes...
2026-09-14 13:04:33.398 [info] Got 0 sessions for all scopes...
2026-09-14 13:04:33.400 [info] Getting sessions for all scopes...
2026-09-14 13:04:33.400 [info] Got 0 sessions for all scopes...
2026-09-14 13:04:33.401 [info] Getting sessions for all scopes...
2026-09-14 13:04:33.401 [info] Got 0 sessions for all scopes...
2026-09-14 13:04:33.402 [info] Getting sessions for user:email...
2026-09-14 13:04:33.403 [info] Got 0 sessions for user:email...
2026-09-14 13:04:33.404 [info] Getting sessions for read:user,repo,user:email,workflow...
2026-09-14 13:04:33.404 [info] Got 0 sessions for read:user,repo,user:email,workflow...
2026-09-14 13:04:33.983 [info] Getting sessions for read:user,user:email...
2026-09-14 13:04:33.983 [info] Got 0 sessions for read:user,user:email...
2026-09-14 13:04:34.060 [info] Getting sessions for read:user,user:email...
2026-09-14 13:04:34.060 [info] Got 0 sessions for read:user,user:email...
2026-09-14 13:04:34.061 [info] Getting sessions for read:user,user:email...
2026-09-14 13:04:34.061 [info] Got 0 sessions for read:user,user:email...
2026-09-14 13:04:34.062 [info] Getting sessions for read:user,user:email...
2026-09-14 13:04:34.062 [info] Got 0 sessions for read:user,user:email...
2026-09-14 13:04:34.067 [info] Getting sessions for read:user,user:email...
2026-09-14 13:04:34.067 [info] Got 0 sessions for read:user,user:email...
2026-09-14 13:04:34.067 [info] Getting sessions for read:user,user:email...
2026-09-14 13:04:34.067 [info] Got 0 sessions for read:user,user:email...
2026-09-14 13:04:34.068 [info] Getting sessions for read:user,user:email...
2026-09-14 13:04:34.068 [info] Got 0 sessions for read:user,user:email...
2026-09-14 13:04:34.069 [info] Getting sessions for read:user,user:email...
2026-09-14 13:04:34.069 [info] Got 0 sessions for read:user,user:email...
2026-09-14 13:04:37.728 [info] Getting sessions for all scopes...
2026-09-14 13:04:37.737 [info] Got 0 sessions for all scopes...
2026-09-14 13:04:37.738 [info] Getting sessions for all scopes...
2026-09-14 13:04:37.738 [info] Got 0 sessions for all scopes...
2026-09-14 13:04:37.739 [info] Getting sessions for all scopes...
2026-09-14 13:04:37.739 [info] Got 0 sessions for all scopes...
2026-09-14 13:04:37.740 [info] Getting sessions for all scopes...
2026-09-14 13:04:37.740 [info] Got 0 sessions for all scopes...
2026-09-14 13:04:37.741 [info] Getting sessions for all scopes...
2026-09-14 13:04:37.741 [info] Got 0 sessions for all scopes...
2026-09-14 13:04:37.741 [info] Getting sessions for all scopes...
2026-09-14 13:04:37.742 [info] Got 0 sessions for all scopes...
2026-09-14 13:04:37.742 [info] Getting sessions for all scopes...
2026-09-14 13:04:37.742 [info] Got 0 sessions for all scopes...
2026-09-14 13:04:37.747 [info] Getting sessions for all scopes...
2026-09-14 13:04:37.747 [info] Got 0 sessions for all scopes...
2026-09-14 13:04:37.902 [info] Getting sessions for repo...
2026-09-14 13:04:37.902 [info] Got 0 sessions for repo...
2026-09-14 13:04:37.907 [info] Getting sessions for repo...
2026-09-14 13:04:37.907 [info] Got 0 sessions for repo...
2026-09-14 13:04:37.907 [info] Getting sessions for repo...
2026-09-14 13:04:37.907 [info] Got 0 sessions for repo...
2026-09-14 13:04:37.908 [info] Getting sessions for repo...
2026-09-14 13:04:37.908 [info] Got 0 sessions for repo...
2026-09-14 13:04:37.909 [info] Getting sessions for repo...
2026-09-14 13:04:37.909 [info] Got 0 sessions for repo...
2026-09-14 13:04:37.913 [info] Getting sessions for repo...
2026-09-14 13:04:37.913 [info] Got 0 sessions for repo...
2026-09-14 13:04:37.914 [info] Getting sessions for repo...
2026-09-14 13:04:37.914 [info] Got 0 sessions for repo...
2026-09-14 13:04:37.914 [info] Getting sessions for repo...
2026-09-14 13:04:37.914 [info] Got 0 sessions for repo...
2026-09-14 13:04:37.915 [info] Getting sessions for all scopes...
2026-09-14 13:04:37.915 [info] Got 0 sessions for all scopes...
2026-09-14 13:04:37.916 [info] Getting sessions for all scopes...
2026-09-14 13:04:37.916 [info] Got 0 sessions for all scopes...
2026-09-14 13:04:37.920 [info] Getting sessions for all scopes...
2026-09-14 13:04:37.921 [info] Got 0 sessions for all scopes...
2026-09-14 13:04:37.926 [info] Getting sessions for user:email...
2026-09-14 13:04:37.927 [info] Got 0 sessions for user:email...
2026-09-14 13:04:37.927 [info] Getting sessions for read:user,user:email...
2026-09-14 13:04:37.927 [info] Got 0 sessions for read:user,user:email...
2026-09-14 13:04:37.997 [info] Getting sessions for all scopes...
2026-09-14 13:04:37.997 [info] Got 0 sessions for all scopes...
2026-09-14 13:04:37.998 [info] Getting sessions for all scopes...
2026-09-14 13:04:37.998 [info] Got 0 sessions for all scopes...
2026-09-14 13:04:38.008 [info] Getting sessions for all scopes...
2026-09-14 13:04:38.008 [info] Got 0 sessions for all scopes...
2026-09-14 13:04:38.009 [info] Getting sessions for all scopes...
2026-09-14 13:04:38.009 [info] Got 0 sessions for all scopes...
2026-09-14 13:04:38.012 [info] Getting sessions for all scopes...
2026-09-14 13:04:38.012 [info] Got 0 sessions for all scopes...
2026-09-14 13:04:38.013 [info] Getting sessions for all scopes...
2026-09-14 13:04:38.013 [info] Got 0 sessions for all scopes...
2026-09-14 13:04:38.014 [info] Getting sessions for all scopes...
2026-09-14 13:04:38.014 [info] Got 0 sessions for all scopes...
2026-09-14 13:04:38.014 [info] Getting sessions for all scopes...
2026-09-14 13:04:38.014 [info] Got 0 sessions for all scopes...
2026-09-14 13:04:38.026 [info] Getting sessions for all scopes...
2026-09-14 13:04:38.026 [info] Got 0 sessions for all scopes...
2026-09-14 13:04:38.083 [info] Getting sessions for repo...
2026-09-14 13:04:38.084 [info] Got 0 sessions for repo...
2026-09-14 13:04:38.130 [info] Getting sessions for user:email...
2026-09-14 13:04:38.130 [info] Got 0 sessions for user:email...
2026-09-14 13:04:38.131 [info] Getting sessions for read:user,repo,user:email,workflow...
2026-09-14 13:04:38.131 [info] Got 0 sessions for read:user,repo,user:email,workflow...
2026-09-14 13:04:38.132 [info] Getting sessions for all scopes...
2026-09-14 13:04:38.132 [info] Got 0 sessions for all scopes...
2026-09-14 13:04:38.603 [info] Getting sessions for read:user,user:email...
2026-09-14 13:04:38.603 [info] Got 0 sessions for read:user,user:email...
2026-09-14 13:04:38.617 [info] Getting sessions for all scopes...
2026-09-14 13:04:38.617 [info] Got 0 sessions for all scopes...
2026-09-14 13:04:38.618 [info] Getting sessions for all scopes...
2026-09-14 13:04:38.618 [info] Got 0 sessions for all scopes...
2026-09-14 13:04:38.622 [info] Getting sessions for repo...
2026-09-14 13:04:38.623 [info] Got 0 sessions for repo...
2026-09-14 13:04:38.625 [info] Getting sessions for all scopes...
2026-09-14 13:04:38.625 [info] Got 0 sessions for all scopes...
2026-09-14 13:04:38.627 [info] Getting sessions for all scopes...
2026-09-14 13:04:38.627 [info] Got 0 sessions for all scopes...
2026-09-14 13:04:38.633 [info] Getting sessions for user:email...
2026-09-14 13:04:38.633 [info] Got 0 sessions for user:email...
2026-09-14 13:04:38.645 [info] Getting sessions for read:user,repo,user:email,workflow...
2026-09-14 13:04:38.645 [info] Got 0 sessions for read:user,repo,user:email,workflow...
2026-09-14 13:04:38.650 [info] Getting sessions for all scopes...
2026-09-14 13:04:38.650 [info] Got 0 sessions for all scopes...
2026-09-14 13:04:38.661 [info] Getting sessions for user:email...
2026-09-14 13:04:38.661 [info] Got 0 sessions for user:email...
2026-09-14 13:04:38.673 [info] Getting sessions for all scopes...
2026-09-14 13:04:38.673 [info] Got 0 sessions for all scopes...
2026-09-14 13:04:38.681 [info] Getting sessions for user:email...
2026-09-14 13:04:38.682 [info] Got 0 sessions for user:email...
