2026-09-14 13:18:18.103 [info] Reading sessions from keychain...
2026-09-14 13:18:18.103 [info] Getting sessions for all scopes...
2026-09-14 13:18:18.103 [info] Got stored sessions!
2026-09-14 13:18:18.103 [info] Got 2 verified sessions.
2026-09-14 13:18:18.103 [info] Got 2 sessions for all scopes...
2026-09-14 13:18:18.104 [info] Getting sessions for all scopes...
2026-09-14 13:18:18.104 [info] Got 2 sessions for all scopes...
2026-09-14 13:18:18.104 [info] Getting sessions for all scopes...
2026-09-14 13:18:18.104 [info] Got 2 sessions for all scopes...
2026-09-14 13:18:18.104 [info] Getting sessions for read:user,user:email...
2026-09-14 13:18:18.104 [info] Got 0 sessions for read:user,user:email...
2026-09-14 13:18:18.104 [info] Getting sessions for all scopes...
2026-09-14 13:18:18.104 [info] Got 2 sessions for all scopes...
2026-09-14 13:18:18.104 [info] Getting sessions for user:email...
2026-09-14 13:18:18.104 [info] Got 1 sessions for user:email...
2026-09-14 13:18:18.104 [info] Getting sessions for all scopes...
2026-09-14 13:18:18.104 [info] Got 2 sessions for all scopes...
2026-09-14 13:18:18.104 [info] Getting sessions for read:user,user:email...
2026-09-14 13:18:18.104 [info] Got 0 sessions for read:user,user:email...
2026-09-14 13:18:18.104 [info] Getting sessions for read:user,user:email...
2026-09-14 13:18:18.104 [info] Got 0 sessions for read:user,user:email...
2026-09-14 13:18:18.104 [info] Getting sessions for read:user,user:email...
2026-09-14 13:18:18.104 [info] Got 0 sessions for read:user,user:email...
2026-09-14 13:18:18.104 [info] Getting sessions for read:user,user:email...
2026-09-14 13:18:18.104 [info] Got 0 sessions for read:user,user:email...
2026-09-14 13:18:18.104 [info] Getting sessions for read:user,user:email...
2026-09-14 13:18:18.104 [info] Got 0 sessions for read:user,user:email...
2026-09-14 13:18:18.104 [info] Getting sessions for read:user,user:email...
2026-09-14 13:18:18.104 [info] Got 0 sessions for read:user,user:email...
2026-09-14 13:18:18.106 [info] Getting sessions for read:user,user:email...
2026-09-14 13:18:18.106 [info] Got 0 sessions for read:user,user:email...
2026-09-14 13:18:18.106 [info] Getting sessions for all scopes...
2026-09-14 13:18:18.106 [info] Got 2 sessions for all scopes...
2026-09-14 13:18:18.106 [info] Getting sessions for all scopes...
2026-09-14 13:18:18.106 [info] Got 2 sessions for all scopes...
2026-09-14 13:18:18.106 [info] Getting sessions for all scopes...
2026-09-14 13:18:18.107 [info] Got 2 sessions for all scopes...
2026-09-14 13:18:18.107 [info] Getting sessions for all scopes...
2026-09-14 13:18:18.107 [info] Got 2 sessions for all scopes...
2026-09-14 13:18:18.107 [info] Getting sessions for all scopes...
2026-09-14 13:18:18.107 [info] Got 2 sessions for all scopes...
2026-09-14 13:18:18.107 [info] Getting sessions for all scopes...
2026-09-14 13:18:18.107 [info] Got 2 sessions for all scopes...
2026-09-14 13:18:18.107 [info] Getting sessions for all scopes...
2026-09-14 13:18:18.107 [info] Got 2 sessions for all scopes...
2026-09-14 13:18:18.107 [info] Getting sessions for all scopes...
2026-09-14 13:18:18.107 [info] Got 2 sessions for all scopes...
2026-09-14 13:18:18.107 [info] Getting sessions for all scopes...
2026-09-14 13:18:18.107 [info] Got 2 sessions for all scopes...
2026-09-14 13:18:18.107 [info] Getting sessions for all scopes...
2026-09-14 13:18:18.107 [info] Got 2 sessions for all scopes...
2026-09-14 13:18:18.107 [info] Getting sessions for all scopes...
2026-09-14 13:18:18.107 [info] Got 2 sessions for all scopes...
2026-09-14 13:18:18.107 [info] Getting sessions for all scopes...
2026-09-14 13:18:18.108 [info] Got 2 sessions for all scopes...
2026-09-14 13:18:21.412 [info] Getting sessions for read:user,repo,user:email,workflow...
2026-09-14 13:18:21.416 [info] Got 1 sessions for read:user,repo,user:email,workflow...
2026-09-14 13:18:24.663 [info] Getting sessions for all scopes...
2026-09-14 13:18:24.663 [info] Got 2 sessions for all scopes...
2026-09-14 13:18:27.167 [info] Getting sessions for all scopes...
2026-09-14 13:18:27.167 [info] Got 2 sessions for all scopes...
2026-09-14 13:18:27.174 [info] Getting sessions for all scopes...
2026-09-14 13:18:27.174 [info] Got 2 sessions for all scopes...
2026-09-14 13:18:27.314 [info] Getting sessions for user:email...
2026-09-14 13:18:27.331 [info] Got 1 sessions for user:email...
2026-09-14 13:18:27.332 [info] Getting sessions for read:user,user:email...
2026-09-14 13:18:27.332 [info] Got 0 sessions for read:user,user:email...
2026-09-14 13:18:27.340 [info] Getting sessions for all scopes...
2026-09-14 13:18:27.340 [info] Got 2 sessions for all scopes...
2026-09-14 13:18:27.348 [info] Getting sessions for read:user,user:email...
2026-09-14 13:18:27.349 [info] Got 0 sessions for read:user,user:email...
2026-09-14 13:18:27.384 [info] Getting sessions for read:user,repo,user:email,workflow...
2026-09-14 13:18:27.384 [info] Got 1 sessions for read:user,repo,user:email,workflow...
2026-09-14 13:18:27.386 [info] Getting sessions for all scopes...
2026-09-14 13:18:27.386 [info] Got 2 sessions for all scopes...
2026-09-14 13:18:27.420 [info] Getting sessions for all scopes...
2026-09-14 13:18:27.420 [info] Got 2 sessions for all scopes...
2026-09-14 13:18:27.614 [info] Getting sessions for all scopes...
2026-09-14 13:18:27.614 [info] Got 2 sessions for all scopes...
2026-09-14 13:18:27.629 [info] Getting sessions for read:user,repo,user:email,workflow...
2026-09-14 13:18:27.629 [info] Got 1 sessions for read:user,repo,user:email,workflow...
2026-09-14 13:18:28.711 [info] Getting sessions for read:user,user:email...
2026-09-14 13:18:28.711 [info] Got 0 sessions for read:user,user:email...
2026-09-14 13:18:28.779 [info] Getting sessions for all scopes...
2026-09-14 13:18:28.780 [info] Got 2 sessions for all scopes...
2026-09-14 13:18:28.790 [info] Getting sessions for all scopes...
2026-09-14 13:18:28.790 [info] Got 2 sessions for all scopes...
2026-09-14 13:18:28.798 [info] Getting sessions for all scopes...
2026-09-14 13:18:28.798 [info] Got 2 sessions for all scopes...
2026-09-14 13:18:28.983 [info] Getting sessions for read:user,repo,user:email,workflow...
2026-09-14 13:18:28.984 [info] Got 1 sessions for read:user,repo,user:email,workflow...
2026-09-14 13:18:33.508 [info] Getting sessions for all scopes...
2026-09-14 13:18:33.508 [info] Got 2 sessions for all scopes...
2026-09-14 13:18:33.589 [info] Getting sessions for read:user,repo,user:email,workflow...
2026-09-14 13:18:33.589 [info] Got 1 sessions for read:user,repo,user:email,workflow...
2026-09-14 13:18:33.854 [info] Getting sessions for all scopes...
2026-09-14 13:18:33.854 [info] Got 2 sessions for all scopes...
2026-09-14 13:18:33.860 [info] Getting sessions for read:user,repo,user:email,workflow...
2026-09-14 13:18:33.860 [info] Got 1 sessions for read:user,repo,user:email,workflow...
2026-09-14 13:18:44.582 [info] Getting sessions for repo...
2026-09-14 13:18:44.582 [info] Got 0 sessions for repo...
2026-09-14 13:18:44.620 [info] Getting sessions for repo...
2026-09-14 13:18:44.621 [info] Got 0 sessions for repo...
2026-09-14 13:18:44.624 [info] Getting sessions for repo...
2026-09-14 13:18:44.625 [info] Got 0 sessions for repo...
2026-09-14 13:18:44.625 [info] Getting sessions for repo...
2026-09-14 13:18:44.625 [info] Got 0 sessions for repo...
2026-09-14 13:18:44.627 [info] Getting sessions for repo...
2026-09-14 13:18:44.627 [info] Got 0 sessions for repo...
2026-09-14 13:18:44.627 [info] Getting sessions for repo...
2026-09-14 13:18:44.627 [info] Got 0 sessions for repo...
2026-09-14 13:18:44.628 [info] Getting sessions for repo...
2026-09-14 13:18:44.628 [info] Got 0 sessions for repo...
2026-09-14 13:18:44.629 [info] Getting sessions for repo...
2026-09-14 13:18:44.629 [info] Got 0 sessions for repo...
2026-09-14 13:18:44.630 [info] Getting sessions for repo...
2026-09-14 13:18:44.630 [info] Got 0 sessions for repo...
2026-09-14 13:18:44.631 [info] Getting sessions for repo...
2026-09-14 13:18:44.631 [info] Got 0 sessions for repo...
2026-09-14 13:18:44.632 [info] Getting sessions for repo...
2026-09-14 13:18:44.632 [info] Got 0 sessions for repo...
2026-09-14 13:18:44.633 [info] Getting sessions for all scopes...
2026-09-14 13:18:44.633 [info] Got 2 sessions for all scopes...
2026-09-14 13:18:44.635 [info] Getting sessions for all scopes...
2026-09-14 13:18:44.635 [info] Got 2 sessions for all scopes...
2026-09-14 13:18:44.637 [info] Getting sessions for all scopes...
2026-09-14 13:18:44.637 [info] Got 2 sessions for all scopes...
2026-09-14 13:18:44.647 [info] Getting sessions for all scopes...
2026-09-14 13:18:44.647 [info] Got 2 sessions for all scopes...
2026-09-14 13:18:44.647 [info] Getting sessions for all scopes...
2026-09-14 13:18:44.648 [info] Got 2 sessions for all scopes...
2026-09-14 13:18:44.648 [info] Getting sessions for all scopes...
2026-09-14 13:18:44.648 [info] Got 2 sessions for all scopes...
2026-09-14 13:18:44.649 [info] Getting sessions for all scopes...
2026-09-14 13:18:44.649 [info] Got 2 sessions for all scopes...
2026-09-14 13:18:44.659 [info] Getting sessions for all scopes...
2026-09-14 13:18:44.659 [info] Got 2 sessions for all scopes...
2026-09-14 13:18:44.662 [info] Getting sessions for all scopes...
2026-09-14 13:18:44.662 [info] Got 2 sessions for all scopes...
2026-09-14 13:18:44.666 [info] Getting sessions for all scopes...
2026-09-14 13:18:44.667 [info] Got 2 sessions for all scopes...
2026-09-14 13:18:44.670 [info] Getting sessions for all scopes...
2026-09-14 13:18:44.670 [info] Got 2 sessions for all scopes...
2026-09-14 13:18:44.677 [info] Getting sessions for read:user,user:email...
2026-09-14 13:18:44.677 [info] Got 0 sessions for read:user,user:email...
2026-09-14 13:18:44.678 [info] Getting sessions for read:user,user:email...
2026-09-14 13:18:44.678 [info] Got 0 sessions for read:user,user:email...
2026-09-14 13:18:44.679 [info] Getting sessions for read:user,user:email...
2026-09-14 13:18:44.680 [info] Got 0 sessions for read:user,user:email...
2026-09-14 13:18:44.681 [info] Getting sessions for read:user,user:email...
2026-09-14 13:18:44.681 [info] Got 0 sessions for read:user,user:email...
2026-09-14 13:18:44.683 [info] Getting sessions for read:user,user:email...
2026-09-14 13:18:44.683 [info] Got 0 sessions for read:user,user:email...
2026-09-14 13:18:44.686 [info] Getting sessions for read:user,user:email...
2026-09-14 13:18:44.686 [info] Got 0 sessions for read:user,user:email...
2026-09-14 13:18:44.687 [info] Getting sessions for read:user,user:email...
2026-09-14 13:18:44.688 [info] Got 0 sessions for read:user,user:email...
2026-09-14 13:18:44.689 [info] Getting sessions for read:user,user:email...
2026-09-14 13:18:44.689 [info] Got 0 sessions for read:user,user:email...
2026-09-14 13:18:44.691 [info] Getting sessions for read:user,user:email...
2026-09-14 13:18:44.691 [info] Got 0 sessions for read:user,user:email...
2026-09-14 13:18:44.692 [info] Getting sessions for read:user,user:email...
2026-09-14 13:18:44.693 [info] Got 0 sessions for read:user,user:email...
2026-09-14 13:18:44.694 [info] Getting sessions for read:user,user:email...
2026-09-14 13:18:44.694 [info] Got 0 sessions for read:user,user:email...
2026-09-14 13:18:44.695 [info] Getting sessions for all scopes...
2026-09-14 13:18:44.696 [info] Got 2 sessions for all scopes...
2026-09-14 13:18:44.697 [info] Getting sessions for all scopes...
2026-09-14 13:18:44.698 [info] Got 2 sessions for all scopes...
2026-09-14 13:18:44.699 [info] Getting sessions for all scopes...
2026-09-14 13:18:44.699 [info] Got 2 sessions for all scopes...
2026-09-14 13:18:44.700 [info] Getting sessions for all scopes...
2026-09-14 13:18:44.700 [info] Got 2 sessions for all scopes...
2026-09-14 13:18:44.703 [info] Getting sessions for all scopes...
2026-09-14 13:18:44.703 [info] Got 2 sessions for all scopes...
2026-09-14 13:18:44.704 [info] Getting sessions for all scopes...
2026-09-14 13:18:44.704 [info] Got 2 sessions for all scopes...
2026-09-14 13:18:44.706 [info] Getting sessions for all scopes...
2026-09-14 13:18:44.706 [info] Got 2 sessions for all scopes...
2026-09-14 13:18:44.707 [info] Getting sessions for all scopes...
2026-09-14 13:18:44.708 [info] Got 2 sessions for all scopes...
2026-09-14 13:18:44.709 [info] Getting sessions for all scopes...
2026-09-14 13:18:44.709 [info] Got 2 sessions for all scopes...
2026-09-14 13:18:44.710 [info] Getting sessions for all scopes...
2026-09-14 13:18:44.711 [info] Got 2 sessions for all scopes...
2026-09-14 13:18:44.712 [info] Getting sessions for all scopes...
2026-09-14 13:18:44.712 [info] Got 2 sessions for all scopes...
2026-09-14 13:18:44.713 [info] Getting sessions for repo...
2026-09-14 13:18:44.713 [info] Got 0 sessions for repo...
2026-09-14 13:18:44.715 [info] Getting sessions for repo...
2026-09-14 13:18:44.715 [info] Got 0 sessions for repo...
2026-09-14 13:18:44.716 [info] Getting sessions for repo...
2026-09-14 13:18:44.716 [info] Got 0 sessions for repo...
2026-09-14 13:18:44.718 [info] Getting sessions for repo...
2026-09-14 13:18:44.718 [info] Got 0 sessions for repo...
2026-09-14 13:18:44.719 [info] Getting sessions for repo...
2026-09-14 13:18:44.719 [info] Got 0 sessions for repo...
2026-09-14 13:18:44.720 [info] Getting sessions for repo...
2026-09-14 13:18:44.720 [info] Got 0 sessions for repo...
2026-09-14 13:18:44.721 [info] Getting sessions for repo...
2026-09-14 13:18:44.721 [info] Got 0 sessions for repo...
2026-09-14 13:18:44.722 [info] Getting sessions for repo...
2026-09-14 13:18:44.722 [info] Got 0 sessions for repo...
2026-09-14 13:18:44.722 [info] Getting sessions for repo...
2026-09-14 13:18:44.722 [info] Got 0 sessions for repo...
2026-09-14 13:18:44.724 [info] Getting sessions for repo...
2026-09-14 13:18:44.724 [info] Got 0 sessions for repo...
2026-09-14 13:18:44.725 [info] Getting sessions for repo...
2026-09-14 13:18:44.725 [info] Got 0 sessions for repo...
2026-09-14 13:18:44.727 [info] Getting sessions for all scopes...
2026-09-14 13:18:44.727 [info] Got 2 sessions for all scopes...
2026-09-14 13:18:44.728 [info] Getting sessions for all scopes...
2026-09-14 13:18:44.728 [info] Got 2 sessions for all scopes...
2026-09-14 13:18:44.731 [info] Getting sessions for all scopes...
2026-09-14 13:18:44.731 [info] Got 2 sessions for all scopes...
2026-09-14 13:18:44.732 [info] Getting sessions for all scopes...
2026-09-14 13:18:44.732 [info] Got 2 sessions for all scopes...
2026-09-14 13:18:44.734 [info] Getting sessions for all scopes...
2026-09-14 13:18:44.734 [info] Got 2 sessions for all scopes...
2026-09-14 13:18:44.735 [info] Getting sessions for all scopes...
2026-09-14 13:18:44.735 [info] Got 2 sessions for all scopes...
2026-09-14 13:18:44.736 [info] Getting sessions for all scopes...
2026-09-14 13:18:44.737 [info] Got 2 sessions for all scopes...
2026-09-14 13:18:44.738 [info] Getting sessions for all scopes...
2026-09-14 13:18:44.738 [info] Got 2 sessions for all scopes...
2026-09-14 13:18:44.739 [info] Getting sessions for all scopes...
2026-09-14 13:18:44.740 [info] Got 2 sessions for all scopes...
2026-09-14 13:18:44.740 [info] Getting sessions for all scopes...
2026-09-14 13:18:44.740 [info] Got 2 sessions for all scopes...
2026-09-14 13:18:44.741 [info] Getting sessions for all scopes...
2026-09-14 13:18:44.741 [info] Got 2 sessions for all scopes...
2026-09-14 13:18:50.445 [info] Getting sessions for read:user,user:email...
2026-09-14 13:18:50.445 [info] Got 0 sessions for read:user,user:email...
2026-09-14 13:18:50.457 [info] Getting sessions for all scopes...
2026-09-14 13:18:50.457 [info] Got 2 sessions for all scopes...
2026-09-14 13:18:50.507 [info] Getting sessions for repo...
2026-09-14 13:18:50.507 [info] Got 0 sessions for repo...
2026-09-14 13:18:50.583 [info] Getting sessions for all scopes...
2026-09-14 13:18:50.583 [info] Got 2 sessions for all scopes...
2026-09-14 13:18:50.599 [info] Getting sessions for read:user,user:email...
2026-09-14 13:18:50.600 [info] Got 0 sessions for read:user,user:email...
2026-09-14 13:18:50.616 [info] Getting sessions for all scopes...
2026-09-14 13:18:50.616 [info] Got 2 sessions for all scopes...
2026-09-14 13:18:50.632 [info] Getting sessions for repo...
2026-09-14 13:18:50.632 [info] Got 0 sessions for repo...
2026-09-14 13:18:50.636 [info] Getting sessions for all scopes...
2026-09-14 13:18:50.636 [info] Got 2 sessions for all scopes...
2026-09-14 13:19:14.731 [info] Getting sessions for all scopes...
2026-09-14 13:19:15.243 [info] Got 2 sessions for all scopes...
2026-09-14 13:19:15.547 [info] Getting sessions for all scopes...
2026-09-14 13:19:15.547 [info] Got 2 sessions for all scopes...
2026-09-14 13:20:11.361 [info] Getting sessions for all scopes...
2026-09-14 13:20:11.361 [info] Got 2 sessions for all scopes...
2026-09-14 13:20:11.364 [info] Getting sessions for all scopes...
2026-09-14 13:20:11.364 [info] Got 2 sessions for all scopes...
2026-09-14 13:28:43.574 [info] Getting sessions for all scopes...
2026-09-14 13:28:44.146 [info] Got 2 sessions for all scopes...
2026-09-14 13:28:44.246 [info] Getting sessions for all scopes...
2026-09-14 13:28:44.247 [info] Got 2 sessions for all scopes...
2026-09-14 13:31:23.497 [info] Getting sessions for all scopes...
2026-09-14 13:31:23.497 [info] Got 2 sessions for all scopes...
2026-09-14 13:31:23.499 [info] Getting sessions for all scopes...
2026-09-14 13:31:23.500 [info] Got 2 sessions for all scopes...
2026-09-14 13:32:23.562 [info] Reading sessions from keychain...
2026-09-14 13:32:24.101 [info] Getting sessions for all scopes...
2026-09-14 13:32:24.101 [info] Got stored sessions!
2026-09-14 13:32:24.101 [info] Got 2 verified sessions.
2026-09-14 13:32:24.101 [info] Got 2 sessions for all scopes...
2026-09-14 13:32:24.101 [info] Getting sessions for all scopes...
2026-09-14 13:32:24.101 [info] Got 2 sessions for all scopes...
2026-09-14 13:32:24.101 [info] Getting sessions for all scopes...
2026-09-14 13:32:24.101 [info] Got 2 sessions for all scopes...
2026-09-14 13:32:24.101 [info] Getting sessions for user:email...
2026-09-14 13:32:24.101 [info] Got 1 sessions for user:email...
2026-09-14 13:32:24.101 [info] Getting sessions for all scopes...
2026-09-14 13:32:24.101 [info] Got 2 sessions for all scopes...
2026-09-14 13:32:24.101 [info] Getting sessions for read:user,user:email...
2026-09-14 13:32:24.101 [info] Got 0 sessions for read:user,user:email...
2026-09-14 13:32:24.101 [info] Getting sessions for read:user,user:email...
2026-09-14 13:32:24.101 [info] Got 0 sessions for read:user,user:email...
2026-09-14 13:32:24.101 [info] Getting sessions for all scopes...
2026-09-14 13:32:24.101 [info] Got 2 sessions for all scopes...
2026-09-14 13:32:24.101 [info] Getting sessions for all scopes...
2026-09-14 13:32:24.101 [info] Got 2 sessions for all scopes...
2026-09-14 13:32:24.101 [info] Getting sessions for all scopes...
2026-09-14 13:32:24.102 [info] Got 2 sessions for all scopes...
2026-09-14 13:32:24.102 [info] Getting sessions for all scopes...
2026-09-14 13:32:24.102 [info] Got 2 sessions for all scopes...
2026-09-14 13:32:24.102 [info] Getting sessions for all scopes...
2026-09-14 13:32:24.102 [info] Got 2 sessions for all scopes...
2026-09-14 13:32:24.102 [info] Getting sessions for all scopes...
2026-09-14 13:32:24.102 [info] Got 2 sessions for all scopes...
2026-09-14 13:32:24.102 [info] Getting sessions for all scopes...
2026-09-14 13:32:24.102 [info] Got 2 sessions for all scopes...
2026-09-14 13:32:32.456 [info] Getting sessions for repo...
2026-09-14 13:32:32.456 [info] Got 0 sessions for repo...
2026-09-14 13:32:32.457 [info] Getting sessions for repo...
2026-09-14 13:32:32.458 [info] Got 0 sessions for repo...
2026-09-14 13:32:32.831 [info] Getting sessions for all scopes...
2026-09-14 13:32:32.832 [info] Got 2 sessions for all scopes...
2026-09-14 13:32:32.833 [info] Getting sessions for all scopes...
2026-09-14 13:32:32.833 [info] Got 2 sessions for all scopes...
2026-09-14 13:32:34.170 [info] Getting sessions for read:user,user:email...
2026-09-14 13:32:34.170 [info] Got 0 sessions for read:user,user:email...
2026-09-14 13:32:34.171 [info] Getting sessions for read:user,user:email...
2026-09-14 13:32:34.172 [info] Got 0 sessions for read:user,user:email...
2026-09-14 13:32:34.173 [info] Getting sessions for read:user,repo,user:email,workflow...
2026-09-14 13:32:34.173 [info] Got 1 sessions for read:user,repo,user:email,workflow...
2026-09-14 13:32:35.162 [info] Getting sessions for all scopes...
2026-09-14 13:32:35.162 [info] Got 2 sessions for all scopes...
2026-09-14 13:32:35.163 [info] Getting sessions for all scopes...
2026-09-14 13:32:35.164 [info] Got 2 sessions for all scopes...
2026-09-14 13:32:35.724 [info] Getting sessions for read:user,repo,user:email,workflow...
2026-09-14 13:32:35.724 [info] Got 1 sessions for read:user,repo,user:email,workflow...
2026-09-14 13:32:35.820 [info] Getting sessions for repo...
2026-09-14 13:32:35.820 [info] Got 0 sessions for repo...
2026-09-14 13:32:35.821 [info] Getting sessions for repo...
2026-09-14 13:32:35.822 [info] Got 0 sessions for repo...
2026-09-14 13:32:36.350 [info] Getting sessions for all scopes...
2026-09-14 13:32:36.351 [info] Got 2 sessions for all scopes...
2026-09-14 13:32:36.352 [info] Getting sessions for all scopes...
2026-09-14 13:32:36.352 [info] Got 2 sessions for all scopes...
2026-09-14 13:32:37.582 [info] Getting sessions for all scopes...
2026-09-14 13:32:37.582 [info] Got 2 sessions for all scopes...
2026-09-14 13:32:37.585 [info] Getting sessions for all scopes...
2026-09-14 13:32:37.585 [info] Got 2 sessions for all scopes...
2026-09-14 13:32:37.693 [info] Getting sessions for read:user,user:email...
2026-09-14 13:32:37.693 [info] Got 0 sessions for read:user,user:email...
2026-09-14 13:32:37.790 [info] Getting sessions for user:email...
2026-09-14 13:32:37.791 [info] Got 1 sessions for user:email...
2026-09-14 13:32:37.792 [info] Getting sessions for read:user,user:email...
2026-09-14 13:32:37.793 [info] Got 0 sessions for read:user,user:email...
2026-09-14 13:32:37.833 [info] Getting sessions for all scopes...
2026-09-14 13:32:37.833 [info] Got 2 sessions for all scopes...
2026-09-14 13:32:40.109 [info] Getting sessions for all scopes...
2026-09-14 13:32:40.109 [info] Got 2 sessions for all scopes...
2026-09-14 13:32:40.126 [info] Getting sessions for repo...
2026-09-14 13:32:40.126 [info] Got 0 sessions for repo...
2026-09-14 13:32:40.185 [info] Getting sessions for repo...
2026-09-14 13:32:40.185 [info] Got 0 sessions for repo...
2026-09-14 13:32:40.189 [info] Getting sessions for read:user,repo,user:email,workflow...
2026-09-14 13:32:40.189 [info] Got 1 sessions for read:user,repo,user:email,workflow...
2026-09-14 13:32:40.190 [info] Getting sessions for all scopes...
2026-09-14 13:32:40.190 [info] Got 2 sessions for all scopes...
2026-09-14 13:32:40.217 [info] Getting sessions for all scopes...
2026-09-14 13:32:40.217 [info] Got 2 sessions for all scopes...
2026-09-14 13:32:40.338 [info] Getting sessions for read:user,user:email...
2026-09-14 13:32:40.338 [info] Got 0 sessions for read:user,user:email...
2026-09-14 13:32:41.254 [info] Getting sessions for read:user,user:email...
2026-09-14 13:32:41.254 [info] Got 0 sessions for read:user,user:email...
2026-09-14 13:32:41.347 [info] Getting sessions for all scopes...
2026-09-14 13:32:41.347 [info] Got 2 sessions for all scopes...
2026-09-14 13:32:42.089 [info] Getting sessions for all scopes...
2026-09-14 13:32:42.090 [info] Got 2 sessions for all scopes...
2026-09-14 13:32:42.098 [info] Getting sessions for repo...
2026-09-14 13:32:42.098 [info] Got 0 sessions for repo...
2026-09-14 13:32:42.100 [info] Getting sessions for all scopes...
2026-09-14 13:32:42.100 [info] Got 2 sessions for all scopes...
2026-09-14 13:32:42.637 [info] Getting sessions for repo...
2026-09-14 13:32:42.637 [info] Got 0 sessions for repo...
2026-09-14 13:32:42.654 [info] Getting sessions for all scopes...
2026-09-14 13:32:42.654 [info] Got 2 sessions for all scopes...
2026-09-14 13:32:42.770 [info] Getting sessions for all scopes...
2026-09-14 13:32:42.771 [info] Got 2 sessions for all scopes...
2026-09-14 13:32:42.886 [info] Getting sessions for read:user,repo,user:email,workflow...
2026-09-14 13:32:42.886 [info] Got 1 sessions for read:user,repo,user:email,workflow...
2026-09-14 13:33:10.528 [info] Getting sessions for all scopes...
2026-09-14 13:33:10.528 [info] Got 2 sessions for all scopes...
2026-09-14 13:33:10.705 [info] Getting sessions for all scopes...
2026-09-14 13:33:10.705 [info] Got 2 sessions for all scopes...
2026-09-14 13:33:11.688 [info] Getting sessions for read:user,user:email...
2026-09-14 13:33:11.688 [info] Got 0 sessions for read:user,user:email...
2026-09-14 13:33:12.760 [info] Getting sessions for all scopes...
2026-09-14 13:33:12.760 [info] Got 2 sessions for all scopes...
2026-09-14 13:33:12.880 [info] Getting sessions for repo...
2026-09-14 13:33:12.880 [info] Got 0 sessions for repo...
2026-09-14 13:33:12.893 [info] Getting sessions for all scopes...
2026-09-14 13:33:12.893 [info] Got 2 sessions for all scopes...
2026-09-14 13:33:12.897 [info] Getting sessions for read:user,user:email...
2026-09-14 13:33:12.897 [info] Got 0 sessions for read:user,user:email...
2026-09-14 13:33:12.903 [info] Getting sessions for all scopes...
2026-09-14 13:33:12.904 [info] Got 2 sessions for all scopes...
2026-09-14 13:33:12.906 [info] Getting sessions for repo...
2026-09-14 13:33:12.906 [info] Got 0 sessions for repo...
2026-09-14 13:33:12.909 [info] Getting sessions for all scopes...
2026-09-14 13:33:12.909 [info] Got 2 sessions for all scopes...
2026-09-14 13:49:09.064 [info] Getting sessions for all scopes...
2026-09-14 13:49:09.074 [info] Got 2 sessions for all scopes...
2026-09-14 13:49:09.081 [info] Getting sessions for read:user,repo,user:email,workflow...
2026-09-14 13:49:09.081 [info] Got 1 sessions for read:user,repo,user:email,workflow...
2026-09-14 13:49:09.530 [info] Getting sessions for all scopes...
2026-09-14 13:49:09.530 [info] Got 2 sessions for all scopes...
2026-09-14 13:49:09.541 [info] Getting sessions for read:user,repo,user:email,workflow...
2026-09-14 13:49:09.541 [info] Got 1 sessions for read:user,repo,user:email,workflow...
2026-09-14 13:59:09.033 [info] Getting sessions for all scopes...
2026-09-14 13:59:09.053 [info] Got 2 sessions for all scopes...
2026-09-14 13:59:09.059 [info] Getting sessions for read:user,repo,user:email,workflow...
2026-09-14 13:59:09.059 [info] Got 1 sessions for read:user,repo,user:email,workflow...
2026-09-14 13:59:09.637 [info] Getting sessions for all scopes...
2026-09-14 13:59:09.638 [info] Got 2 sessions for all scopes...
2026-09-14 13:59:09.643 [info] Getting sessions for read:user,repo,user:email,workflow...
2026-09-14 13:59:09.644 [info] Got 1 sessions for read:user,repo,user:email,workflow...
2026-09-14 14:09:09.035 [info] Getting sessions for all scopes...
2026-09-14 14:09:09.054 [info] Got 2 sessions for all scopes...
2026-09-14 14:09:09.070 [info] Getting sessions for read:user,repo,user:email,workflow...
2026-09-14 14:09:09.070 [info] Got 1 sessions for read:user,repo,user:email,workflow...
2026-09-14 14:09:09.485 [info] Getting sessions for all scopes...
2026-09-14 14:09:09.485 [info] Got 2 sessions for all scopes...
2026-09-14 14:09:09.491 [info] Getting sessions for read:user,repo,user:email,workflow...
2026-09-14 14:09:09.491 [info] Got 1 sessions for read:user,repo,user:email,workflow...
2026-09-14 14:19:33.815 [info] Getting sessions for all scopes...
2026-09-14 14:19:33.866 [info] Got 2 sessions for all scopes...
2026-09-14 14:19:33.875 [info] Getting sessions for read:user,repo,user:email,workflow...
2026-09-14 14:19:33.875 [info] Got 1 sessions for read:user,repo,user:email,workflow...
2026-09-14 14:19:35.627 [info] Getting sessions for all scopes...
2026-09-14 14:19:35.627 [info] Got 2 sessions for all scopes...
2026-09-14 14:19:35.683 [info] Getting sessions for read:user,repo,user:email,workflow...
2026-09-14 14:19:35.683 [info] Got 1 sessions for read:user,repo,user:email,workflow...
2026-09-14 14:29:36.576 [info] Getting sessions for all scopes...
2026-09-14 14:29:36.589 [info] Got 2 sessions for all scopes...
2026-09-14 14:29:36.594 [info] Getting sessions for read:user,repo,user:email,workflow...
2026-09-14 14:29:36.594 [info] Got 1 sessions for read:user,repo,user:email,workflow...
2026-09-14 14:29:36.959 [info] Getting sessions for all scopes...
2026-09-14 14:29:36.959 [info] Got 2 sessions for all scopes...
2026-09-14 14:29:37.014 [info] Getting sessions for read:user,repo,user:email,workflow...
2026-09-14 14:29:37.014 [info] Got 1 sessions for read:user,repo,user:email,workflow...
