2026-09-14 15:43:37.259 [info] Reading sessions from keychain...
2026-09-14 15:43:37.259 [info] Getting sessions for all scopes...
2026-09-14 15:43:37.259 [info] Got stored sessions!
2026-09-14 15:43:37.259 [info] Got 2 verified sessions.
2026-09-14 15:43:37.259 [info] Got 2 sessions for all scopes...
2026-09-14 15:43:37.259 [info] Getting sessions for all scopes...
2026-09-14 15:43:37.259 [info] Got 2 sessions for all scopes...
2026-09-14 15:43:37.259 [info] Getting sessions for all scopes...
2026-09-14 15:43:37.259 [info] Got 2 sessions for all scopes...
2026-09-14 15:43:37.259 [info] Getting sessions for all scopes...
2026-09-14 15:43:37.259 [info] Got 2 sessions for all scopes...
2026-09-14 15:43:37.259 [info] Getting sessions for read:user,user:email...
2026-09-14 15:43:37.259 [info] Got 0 sessions for read:user,user:email...
2026-09-14 15:43:37.259 [info] Getting sessions for all scopes...
2026-09-14 15:43:37.259 [info] Got 2 sessions for all scopes...
2026-09-14 15:43:37.259 [info] Getting sessions for user:email...
2026-09-14 15:43:37.259 [info] Got 1 sessions for user:email...
2026-09-14 15:43:37.259 [info] Getting sessions for all scopes...
2026-09-14 15:43:37.259 [info] Got 2 sessions for all scopes...
2026-09-14 15:43:37.259 [info] Getting sessions for read:user,user:email...
2026-09-14 15:43:37.259 [info] Got 0 sessions for read:user,user:email...
2026-09-14 15:43:37.259 [info] Getting sessions for read:user,user:email...
2026-09-14 15:43:37.259 [info] Got 0 sessions for read:user,user:email...
2026-09-14 15:43:37.259 [info] Getting sessions for read:user,user:email...
2026-09-14 15:43:37.259 [info] Got 0 sessions for read:user,user:email...
2026-09-14 15:43:37.259 [info] Getting sessions for read:user,user:email...
2026-09-14 15:43:37.259 [info] Got 0 sessions for read:user,user:email...
2026-09-14 15:43:37.259 [info] Getting sessions for read:user,user:email...
2026-09-14 15:43:37.259 [info] Got 0 sessions for read:user,user:email...
2026-09-14 15:43:37.259 [info] Getting sessions for read:user,user:email...
2026-09-14 15:43:37.259 [info] Got 0 sessions for read:user,user:email...
2026-09-14 15:43:37.259 [info] Getting sessions for read:user,user:email...
2026-09-14 15:43:37.259 [info] Got 0 sessions for read:user,user:email...
2026-09-14 15:43:37.259 [info] Getting sessions for all scopes...
2026-09-14 15:43:37.259 [info] Got 2 sessions for all scopes...
2026-09-14 15:43:37.259 [info] Getting sessions for all scopes...
2026-09-14 15:43:37.259 [info] Got 2 sessions for all scopes...
2026-09-14 15:43:37.259 [info] Getting sessions for all scopes...
2026-09-14 15:43:37.259 [info] Got 2 sessions for all scopes...
2026-09-14 15:43:37.260 [info] Getting sessions for all scopes...
2026-09-14 15:43:37.260 [info] Got 2 sessions for all scopes...
2026-09-14 15:43:37.260 [info] Getting sessions for all scopes...
2026-09-14 15:43:37.260 [info] Got 2 sessions for all scopes...
2026-09-14 15:43:37.260 [info] Getting sessions for all scopes...
2026-09-14 15:43:37.260 [info] Got 2 sessions for all scopes...
2026-09-14 15:43:37.260 [info] Getting sessions for all scopes...
2026-09-14 15:43:37.260 [info] Got 2 sessions for all scopes...
2026-09-14 15:43:37.260 [info] Getting sessions for all scopes...
2026-09-14 15:43:37.260 [info] Got 2 sessions for all scopes...
2026-09-14 15:43:37.260 [info] Getting sessions for all scopes...
2026-09-14 15:43:37.260 [info] Got 2 sessions for all scopes...
2026-09-14 15:43:37.260 [info] Getting sessions for all scopes...
2026-09-14 15:43:37.260 [info] Got 2 sessions for all scopes...
2026-09-14 15:43:37.260 [info] Getting sessions for all scopes...
2026-09-14 15:43:37.260 [info] Got 2 sessions for all scopes...
2026-09-14 15:43:37.260 [info] Getting sessions for all scopes...
2026-09-14 15:43:37.260 [info] Got 2 sessions for all scopes...
2026-09-14 15:43:37.260 [info] Getting sessions for read:user,repo,user:email,workflow...
2026-09-14 15:43:37.260 [info] Got 1 sessions for read:user,repo,user:email,workflow...
2026-09-14 15:43:38.251 [info] Getting sessions for user:email...
2026-09-14 15:43:38.251 [info] Got 1 sessions for user:email...
2026-09-14 15:43:38.256 [info] Getting sessions for read:user,user:email...
2026-09-14 15:43:38.256 [info] Got 0 sessions for read:user,user:email...
2026-09-14 15:43:38.464 [info] Getting sessions for all scopes...
2026-09-14 15:43:38.464 [info] Got 2 sessions for all scopes...
2026-09-14 15:43:46.094 [info] Getting sessions for all scopes...
2026-09-14 15:43:46.094 [info] Got 2 sessions for all scopes...
2026-09-14 15:43:46.333 [info] Getting sessions for all scopes...
2026-09-14 15:43:46.333 [info] Got 2 sessions for all scopes...
2026-09-14 15:43:46.376 [info] Getting sessions for all scopes...
2026-09-14 15:43:46.681 [info] Got 2 sessions for all scopes...
2026-09-14 15:43:46.682 [info] Getting sessions for user:email...
2026-09-14 15:43:46.683 [info] Got 1 sessions for user:email...
2026-09-14 15:43:46.750 [info] Getting sessions for all scopes...
2026-09-14 15:43:46.750 [info] Got 2 sessions for all scopes...
2026-09-14 15:43:46.754 [info] Getting sessions for read:user,user:email...
2026-09-14 15:43:46.755 [info] Got 0 sessions for read:user,user:email...
2026-09-14 15:43:47.745 [info] Getting sessions for all scopes...
2026-09-14 15:43:47.745 [info] Got 2 sessions for all scopes...
2026-09-14 15:43:49.296 [info] Getting sessions for all scopes...
2026-09-14 15:43:49.808 [info] Got 2 sessions for all scopes...
2026-09-14 15:43:49.870 [info] Getting sessions for read:user,repo,user:email,workflow...
2026-09-14 15:43:49.870 [info] Got 1 sessions for read:user,repo,user:email,workflow...
2026-09-14 15:43:49.875 [info] Getting sessions for read:user,user:email...
2026-09-14 15:43:49.875 [info] Got 0 sessions for read:user,user:email...
2026-09-14 15:43:50.003 [info] Getting sessions for all scopes...
2026-09-14 15:43:50.004 [info] Got 2 sessions for all scopes...
2026-09-14 15:43:50.740 [info] Getting sessions for all scopes...
2026-09-14 15:43:50.740 [info] Got 2 sessions for all scopes...
2026-09-14 15:43:50.741 [info] Getting sessions for all scopes...
2026-09-14 15:43:50.741 [info] Got 2 sessions for all scopes...
2026-09-14 15:43:50.899 [info] Getting sessions for read:user,repo,user:email,workflow...
2026-09-14 15:43:50.899 [info] Got 1 sessions for read:user,repo,user:email,workflow...
2026-09-14 15:43:55.088 [info] Getting sessions for all scopes...
2026-09-14 15:43:55.091 [info] Got 2 sessions for all scopes...
2026-09-14 15:43:55.108 [info] Getting sessions for read:user,repo,user:email,workflow...
2026-09-14 15:43:55.108 [info] Got 1 sessions for read:user,repo,user:email,workflow...
2026-09-14 15:43:55.538 [info] Getting sessions for all scopes...
2026-09-14 15:43:55.539 [info] Got 2 sessions for all scopes...
2026-09-14 15:43:55.550 [info] Getting sessions for read:user,repo,user:email,workflow...
2026-09-14 15:43:55.550 [info] Got 1 sessions for read:user,repo,user:email,workflow...
2026-09-14 15:44:09.987 [info] Getting sessions for repo...
2026-09-14 15:44:09.987 [info] Got 0 sessions for repo...
2026-09-14 15:44:09.988 [info] Getting sessions for repo...
2026-09-14 15:44:09.988 [info] Got 0 sessions for repo...
2026-09-14 15:44:09.995 [info] Getting sessions for repo...
2026-09-14 15:44:09.995 [info] Got 0 sessions for repo...
2026-09-14 15:44:09.996 [info] Getting sessions for repo...
2026-09-14 15:44:09.996 [info] Got 0 sessions for repo...
2026-09-14 15:44:09.997 [info] Getting sessions for repo...
2026-09-14 15:44:09.997 [info] Got 0 sessions for repo...
2026-09-14 15:44:09.997 [info] Getting sessions for repo...
2026-09-14 15:44:09.997 [info] Got 0 sessions for repo...
2026-09-14 15:44:09.998 [info] Getting sessions for repo...
2026-09-14 15:44:09.998 [info] Got 0 sessions for repo...
2026-09-14 15:44:10.007 [info] Getting sessions for repo...
2026-09-14 15:44:10.007 [info] Got 0 sessions for repo...
2026-09-14 15:44:10.008 [info] Getting sessions for repo...
2026-09-14 15:44:10.008 [info] Got 0 sessions for repo...
2026-09-14 15:44:10.013 [info] Getting sessions for repo...
2026-09-14 15:44:10.013 [info] Got 0 sessions for repo...
2026-09-14 15:44:10.013 [info] Getting sessions for repo...
2026-09-14 15:44:10.014 [info] Got 0 sessions for repo...
2026-09-14 15:44:10.019 [info] Getting sessions for all scopes...
2026-09-14 15:44:10.019 [info] Got 2 sessions for all scopes...
2026-09-14 15:44:10.020 [info] Getting sessions for all scopes...
2026-09-14 15:44:10.020 [info] Got 2 sessions for all scopes...
2026-09-14 15:44:10.021 [info] Getting sessions for all scopes...
2026-09-14 15:44:10.021 [info] Got 2 sessions for all scopes...
2026-09-14 15:44:10.021 [info] Getting sessions for all scopes...
2026-09-14 15:44:10.022 [info] Got 2 sessions for all scopes...
2026-09-14 15:44:10.025 [info] Getting sessions for all scopes...
2026-09-14 15:44:10.025 [info] Got 2 sessions for all scopes...
2026-09-14 15:44:10.026 [info] Getting sessions for all scopes...
2026-09-14 15:44:10.026 [info] Got 2 sessions for all scopes...
2026-09-14 15:44:10.027 [info] Getting sessions for all scopes...
2026-09-14 15:44:10.027 [info] Got 2 sessions for all scopes...
2026-09-14 15:44:10.033 [info] Getting sessions for all scopes...
2026-09-14 15:44:10.033 [info] Got 2 sessions for all scopes...
2026-09-14 15:44:10.035 [info] Getting sessions for all scopes...
2026-09-14 15:44:10.035 [info] Got 2 sessions for all scopes...
2026-09-14 15:44:10.038 [info] Getting sessions for all scopes...
2026-09-14 15:44:10.038 [info] Got 2 sessions for all scopes...
2026-09-14 15:44:10.039 [info] Getting sessions for all scopes...
2026-09-14 15:44:10.039 [info] Got 2 sessions for all scopes...
2026-09-14 15:44:10.040 [info] Getting sessions for read:user,user:email...
2026-09-14 15:44:10.040 [info] Got 0 sessions for read:user,user:email...
2026-09-14 15:44:10.047 [info] Getting sessions for read:user,user:email...
2026-09-14 15:44:10.047 [info] Got 0 sessions for read:user,user:email...
2026-09-14 15:44:10.048 [info] Getting sessions for read:user,user:email...
2026-09-14 15:44:10.048 [info] Got 0 sessions for read:user,user:email...
2026-09-14 15:44:10.049 [info] Getting sessions for read:user,user:email...
2026-09-14 15:44:10.049 [info] Got 0 sessions for read:user,user:email...
2026-09-14 15:44:10.051 [info] Getting sessions for read:user,user:email...
2026-09-14 15:44:10.051 [info] Got 0 sessions for read:user,user:email...
2026-09-14 15:44:10.056 [info] Getting sessions for read:user,user:email...
2026-09-14 15:44:10.056 [info] Got 0 sessions for read:user,user:email...
2026-09-14 15:44:10.056 [info] Getting sessions for read:user,user:email...
2026-09-14 15:44:10.056 [info] Got 0 sessions for read:user,user:email...
2026-09-14 15:44:10.057 [info] Getting sessions for read:user,user:email...
2026-09-14 15:44:10.057 [info] Got 0 sessions for read:user,user:email...
2026-09-14 15:44:10.058 [info] Getting sessions for read:user,user:email...
2026-09-14 15:44:10.058 [info] Got 0 sessions for read:user,user:email...
2026-09-14 15:44:10.061 [info] Getting sessions for read:user,user:email...
2026-09-14 15:44:10.061 [info] Got 0 sessions for read:user,user:email...
2026-09-14 15:44:10.062 [info] Getting sessions for read:user,user:email...
2026-09-14 15:44:10.062 [info] Got 0 sessions for read:user,user:email...
2026-09-14 15:44:10.068 [info] Getting sessions for all scopes...
2026-09-14 15:44:10.069 [info] Got 2 sessions for all scopes...
2026-09-14 15:44:10.070 [info] Getting sessions for all scopes...
2026-09-14 15:44:10.070 [info] Got 2 sessions for all scopes...
2026-09-14 15:44:10.071 [info] Getting sessions for all scopes...
2026-09-14 15:44:10.071 [info] Got 2 sessions for all scopes...
2026-09-14 15:44:10.071 [info] Getting sessions for all scopes...
2026-09-14 15:44:10.071 [info] Got 2 sessions for all scopes...
2026-09-14 15:44:10.072 [info] Getting sessions for all scopes...
2026-09-14 15:44:10.073 [info] Got 2 sessions for all scopes...
2026-09-14 15:44:10.073 [info] Getting sessions for all scopes...
2026-09-14 15:44:10.074 [info] Got 2 sessions for all scopes...
2026-09-14 15:44:10.079 [info] Getting sessions for all scopes...
2026-09-14 15:44:10.079 [info] Got 2 sessions for all scopes...
2026-09-14 15:44:10.080 [info] Getting sessions for all scopes...
2026-09-14 15:44:10.080 [info] Got 2 sessions for all scopes...
2026-09-14 15:44:10.080 [info] Getting sessions for all scopes...
2026-09-14 15:44:10.080 [info] Got 2 sessions for all scopes...
2026-09-14 15:44:10.081 [info] Getting sessions for all scopes...
2026-09-14 15:44:10.081 [info] Got 2 sessions for all scopes...
2026-09-14 15:44:10.081 [info] Getting sessions for all scopes...
2026-09-14 15:44:10.082 [info] Got 2 sessions for all scopes...
2026-09-14 15:44:10.085 [info] Getting sessions for repo...
2026-09-14 15:44:10.085 [info] Got 0 sessions for repo...
2026-09-14 15:44:10.086 [info] Getting sessions for repo...
2026-09-14 15:44:10.086 [info] Got 0 sessions for repo...
2026-09-14 15:44:10.087 [info] Getting sessions for repo...
2026-09-14 15:44:10.087 [info] Got 0 sessions for repo...
2026-09-14 15:44:10.094 [info] Getting sessions for repo...
2026-09-14 15:44:10.094 [info] Got 0 sessions for repo...
2026-09-14 15:44:10.095 [info] Getting sessions for repo...
2026-09-14 15:44:10.095 [info] Got 0 sessions for repo...
2026-09-14 15:44:10.096 [info] Getting sessions for repo...
2026-09-14 15:44:10.096 [info] Got 0 sessions for repo...
2026-09-14 15:44:10.096 [info] Getting sessions for repo...
2026-09-14 15:44:10.097 [info] Got 0 sessions for repo...
2026-09-14 15:44:10.104 [info] Getting sessions for repo...
2026-09-14 15:44:10.104 [info] Got 0 sessions for repo...
2026-09-14 15:44:10.105 [info] Getting sessions for repo...
2026-09-14 15:44:10.105 [info] Got 0 sessions for repo...
2026-09-14 15:44:10.117 [info] Getting sessions for repo...
2026-09-14 15:44:10.117 [info] Got 0 sessions for repo...
2026-09-14 15:44:10.309 [info] Getting sessions for repo...
2026-09-14 15:44:10.309 [info] Got 0 sessions for repo...
2026-09-14 15:44:10.311 [info] Getting sessions for all scopes...
2026-09-14 15:44:10.311 [info] Got 2 sessions for all scopes...
2026-09-14 15:44:10.315 [info] Getting sessions for all scopes...
2026-09-14 15:44:10.316 [info] Got 2 sessions for all scopes...
2026-09-14 15:44:10.321 [info] Getting sessions for all scopes...
2026-09-14 15:44:10.321 [info] Got 2 sessions for all scopes...
2026-09-14 15:44:10.322 [info] Getting sessions for all scopes...
2026-09-14 15:44:10.322 [info] Got 2 sessions for all scopes...
2026-09-14 15:44:10.326 [info] Getting sessions for all scopes...
2026-09-14 15:44:10.327 [info] Got 2 sessions for all scopes...
2026-09-14 15:44:10.329 [info] Getting sessions for all scopes...
2026-09-14 15:44:10.329 [info] Got 2 sessions for all scopes...
2026-09-14 15:44:10.332 [info] Getting sessions for all scopes...
2026-09-14 15:44:10.332 [info] Got 2 sessions for all scopes...
2026-09-14 15:44:10.333 [info] Getting sessions for all scopes...
2026-09-14 15:44:10.333 [info] Got 2 sessions for all scopes...
2026-09-14 15:44:10.334 [info] Getting sessions for all scopes...
2026-09-14 15:44:10.334 [info] Got 2 sessions for all scopes...
2026-09-14 15:44:10.335 [info] Getting sessions for all scopes...
2026-09-14 15:44:10.338 [info] Got 2 sessions for all scopes...
2026-09-14 15:44:10.341 [info] Getting sessions for all scopes...
2026-09-14 15:44:10.341 [info] Got 2 sessions for all scopes...
2026-09-14 15:44:12.774 [info] Getting sessions for read:user,user:email...
2026-09-14 15:44:12.774 [info] Got 0 sessions for read:user,user:email...
2026-09-14 15:44:12.785 [info] Getting sessions for all scopes...
2026-09-14 15:44:12.785 [info] Got 2 sessions for all scopes...
2026-09-14 15:44:12.812 [info] Getting sessions for repo...
2026-09-14 15:44:12.812 [info] Got 0 sessions for repo...
2026-09-14 15:44:12.831 [info] Getting sessions for all scopes...
2026-09-14 15:44:12.831 [info] Got 2 sessions for all scopes...
2026-09-14 15:44:12.880 [info] Getting sessions for read:user,user:email...
2026-09-14 15:44:12.880 [info] Got 0 sessions for read:user,user:email...
2026-09-14 15:44:12.890 [info] Getting sessions for all scopes...
2026-09-14 15:44:12.890 [info] Got 2 sessions for all scopes...
2026-09-14 15:44:12.901 [info] Getting sessions for repo...
2026-09-14 15:44:12.902 [info] Got 0 sessions for repo...
2026-09-14 15:44:12.904 [info] Getting sessions for all scopes...
2026-09-14 15:44:12.904 [info] Got 2 sessions for all scopes...
2026-09-14 15:48:26.573 [info] Getting sessions for all scopes...
2026-09-14 15:48:26.590 [info] Got 2 sessions for all scopes...
2026-09-14 15:48:26.595 [info] Getting sessions for all scopes...
2026-09-14 15:48:26.596 [info] Got 2 sessions for all scopes...
