2026-09-14 13:10:48.187 [info] Reading sessions from keychain...
2026-09-14 13:10:48.189 [info] Getting sessions for all scopes...
2026-09-14 13:11:06.588 [info] Got stored sessions!
2026-09-14 13:11:06.588 [info] Got 2 verified sessions.
2026-09-14 13:11:06.591 [info] Got 2 sessions for all scopes...
2026-09-14 13:11:06.592 [info] Getting sessions for all scopes...
2026-09-14 13:11:06.594 [info] Got 2 sessions for all scopes...
2026-09-14 13:11:06.595 [info] Getting sessions for all scopes...
2026-09-14 13:11:06.595 [info] Got 2 sessions for all scopes...
2026-09-14 13:11:06.595 [info] Getting sessions for all scopes...
2026-09-14 13:11:06.596 [info] Got 2 sessions for all scopes...
2026-09-14 13:11:06.596 [info] Getting sessions for all scopes...
2026-09-14 13:11:06.596 [info] Got 2 sessions for all scopes...
2026-09-14 13:11:06.599 [info] Getting sessions for all scopes...
2026-09-14 13:11:06.600 [info] Got 2 sessions for all scopes...
2026-09-14 13:11:06.600 [info] Getting sessions for user:email...
2026-09-14 13:11:06.601 [info] Got 1 sessions for user:email...
2026-09-14 13:11:06.601 [info] Getting sessions for read:user,user:email...
2026-09-14 13:11:06.602 [info] Got 0 sessions for read:user,user:email...
2026-09-14 13:11:06.607 [info] Getting sessions for read:user,user:email...
2026-09-14 13:11:06.608 [info] Got 0 sessions for read:user,user:email...
2026-09-14 13:11:06.608 [info] Getting sessions for read:user,user:email...
2026-09-14 13:11:06.608 [info] Got 0 sessions for read:user,user:email...
2026-09-14 13:11:06.609 [info] Getting sessions for read:user,user:email...
2026-09-14 13:11:06.609 [info] Got 0 sessions for read:user,user:email...
2026-09-14 13:11:06.609 [info] Getting sessions for read:user,user:email...
2026-09-14 13:11:06.609 [info] Got 0 sessions for read:user,user:email...
2026-09-14 13:11:06.610 [info] Getting sessions for read:user,user:email...
2026-09-14 13:11:06.610 [info] Got 0 sessions for read:user,user:email...
2026-09-14 13:11:44.978 [info] Getting sessions for all scopes...
2026-09-14 13:11:45.730 [info] Got 2 sessions for all scopes...
2026-09-14 13:11:45.731 [info] Getting sessions for all scopes...
2026-09-14 13:11:45.732 [info] Got 2 sessions for all scopes...
2026-09-14 13:11:45.735 [info] Getting sessions for all scopes...
2026-09-14 13:11:45.735 [info] Got 2 sessions for all scopes...
2026-09-14 13:11:45.736 [info] Getting sessions for all scopes...
2026-09-14 13:11:45.737 [info] Got 2 sessions for all scopes...
2026-09-14 13:11:45.738 [info] Getting sessions for all scopes...
2026-09-14 13:11:45.738 [info] Got 2 sessions for all scopes...
2026-09-14 13:11:45.739 [info] Getting sessions for all scopes...
2026-09-14 13:11:45.743 [info] Got 2 sessions for all scopes...
2026-09-14 13:11:45.752 [info] Getting sessions for all scopes...
2026-09-14 13:11:45.752 [info] Got 2 sessions for all scopes...
2026-09-14 13:11:48.920 [info] Getting sessions for all scopes...
2026-09-14 13:11:48.920 [info] Got 2 sessions for all scopes...
2026-09-14 13:11:48.921 [info] Getting sessions for all scopes...
2026-09-14 13:11:48.921 [info] Got 2 sessions for all scopes...
2026-09-14 13:12:33.597 [info] Getting sessions for all scopes...
2026-09-14 13:12:33.653 [info] Got 2 sessions for all scopes...
2026-09-14 13:12:39.973 [info] Getting sessions for read:user,repo,user:email,workflow...
2026-09-14 13:12:39.973 [info] Got 1 sessions for read:user,repo,user:email,workflow...
2026-09-14 13:12:42.123 [info] Getting sessions for user:email...
2026-09-14 13:12:42.123 [info] Got 1 sessions for user:email...
2026-09-14 13:12:42.124 [info] Getting sessions for read:user,user:email...
2026-09-14 13:12:42.124 [info] Got 0 sessions for read:user,user:email...
2026-09-14 13:12:42.140 [info] Getting sessions for all scopes...
2026-09-14 13:12:42.140 [info] Got 2 sessions for all scopes...
2026-09-14 13:12:43.440 [info] Getting sessions for all scopes...
2026-09-14 13:12:43.440 [info] Got 2 sessions for all scopes...
2026-09-14 13:12:43.447 [info] Getting sessions for read:user,repo,user:email,workflow...
2026-09-14 13:12:43.447 [info] Got 1 sessions for read:user,repo,user:email,workflow...
2026-09-14 13:12:45.490 [info] Getting sessions for all scopes...
2026-09-14 13:12:45.490 [info] Got 2 sessions for all scopes...
2026-09-14 13:12:47.782 [info] Getting sessions for all scopes...
2026-09-14 13:12:47.783 [info] Got 2 sessions for all scopes...
2026-09-14 13:12:47.785 [info] Getting sessions for all scopes...
2026-09-14 13:12:47.786 [info] Got 2 sessions for all scopes...
2026-09-14 13:12:48.618 [info] Getting sessions for all scopes...
2026-09-14 13:12:48.618 [info] Got 2 sessions for all scopes...
2026-09-14 13:12:48.694 [info] Getting sessions for read:user,user:email...
2026-09-14 13:12:48.694 [info] Got 0 sessions for read:user,user:email...
2026-09-14 13:12:48.963 [info] Getting sessions for all scopes...
2026-09-14 13:12:48.963 [info] Got 2 sessions for all scopes...
