2026-09-14 15:58:01.302 [info] Reading sessions from keychain...
2026-09-14 15:58:01.302 [info] Getting sessions for all scopes...
2026-09-14 15:58:01.302 [info] Got stored sessions!
2026-09-14 15:58:01.302 [info] Got 2 verified sessions.
2026-09-14 15:58:01.302 [info] Got 2 sessions for all scopes...
2026-09-14 15:58:01.302 [info] Getting sessions for all scopes...
2026-09-14 15:58:01.302 [info] Got 2 sessions for all scopes...
2026-09-14 15:58:01.302 [info] Getting sessions for all scopes...
2026-09-14 15:58:01.302 [info] Got 2 sessions for all scopes...
2026-09-14 15:58:01.302 [info] Getting sessions for all scopes...
2026-09-14 15:58:01.302 [info] Got 2 sessions for all scopes...
2026-09-14 15:58:01.302 [info] Getting sessions for read:user,user:email...
2026-09-14 15:58:01.302 [info] Got 0 sessions for read:user,user:email...
2026-09-14 15:58:01.302 [info] Getting sessions for all scopes...
2026-09-14 15:58:01.302 [info] Got 2 sessions for all scopes...
2026-09-14 15:58:01.302 [info] Getting sessions for user:email...
2026-09-14 15:58:01.302 [info] Got 1 sessions for user:email...
2026-09-14 15:58:01.302 [info] Getting sessions for all scopes...
2026-09-14 15:58:01.302 [info] Got 2 sessions for all scopes...
2026-09-14 15:58:01.302 [info] Getting sessions for read:user,user:email...
2026-09-14 15:58:01.302 [info] Got 0 sessions for read:user,user:email...
2026-09-14 15:58:01.302 [info] Getting sessions for read:user,user:email...
2026-09-14 15:58:01.302 [info] Got 0 sessions for read:user,user:email...
2026-09-14 15:58:01.303 [info] Getting sessions for read:user,user:email...
2026-09-14 15:58:01.303 [info] Got 0 sessions for read:user,user:email...
2026-09-14 15:58:01.303 [info] Getting sessions for read:user,user:email...
2026-09-14 15:58:01.303 [info] Got 0 sessions for read:user,user:email...
2026-09-14 15:58:01.303 [info] Getting sessions for read:user,user:email...
2026-09-14 15:58:01.303 [info] Got 0 sessions for read:user,user:email...
2026-09-14 15:58:01.303 [info] Getting sessions for read:user,user:email...
2026-09-14 15:58:01.303 [info] Got 0 sessions for read:user,user:email...
2026-09-14 15:58:01.303 [info] Getting sessions for read:user,user:email...
2026-09-14 15:58:01.303 [info] Got 0 sessions for read:user,user:email...
2026-09-14 15:58:01.303 [info] Getting sessions for all scopes...
2026-09-14 15:58:01.303 [info] Got 2 sessions for all scopes...
2026-09-14 15:58:01.303 [info] Getting sessions for all scopes...
2026-09-14 15:58:01.303 [info] Got 2 sessions for all scopes...
2026-09-14 15:58:01.303 [info] Getting sessions for all scopes...
2026-09-14 15:58:01.303 [info] Got 2 sessions for all scopes...
2026-09-14 15:58:01.412 [info] Getting sessions for all scopes...
2026-09-14 15:58:01.412 [info] Got 2 sessions for all scopes...
2026-09-14 15:58:01.420 [info] Getting sessions for all scopes...
2026-09-14 15:58:01.421 [info] Got 2 sessions for all scopes...
2026-09-14 15:58:01.422 [info] Getting sessions for all scopes...
2026-09-14 15:58:01.422 [info] Got 2 sessions for all scopes...
2026-09-14 15:58:01.426 [info] Getting sessions for all scopes...
2026-09-14 15:58:01.426 [info] Got 2 sessions for all scopes...
2026-09-14 15:58:01.427 [info] Getting sessions for all scopes...
2026-09-14 15:58:01.427 [info] Got 2 sessions for all scopes...
2026-09-14 15:58:01.428 [info] Getting sessions for all scopes...
2026-09-14 15:58:01.429 [info] Got 2 sessions for all scopes...
2026-09-14 15:58:01.430 [info] Getting sessions for all scopes...
2026-09-14 15:58:01.430 [info] Got 2 sessions for all scopes...
2026-09-14 15:58:01.431 [info] Getting sessions for all scopes...
2026-09-14 15:58:01.431 [info] Got 2 sessions for all scopes...
2026-09-14 15:58:01.432 [info] Getting sessions for all scopes...
2026-09-14 15:58:01.432 [info] Got 2 sessions for all scopes...
2026-09-14 15:58:25.035 [info] Getting sessions for repo...
2026-09-14 15:58:25.035 [info] Got 0 sessions for repo...
2026-09-14 15:58:25.036 [info] Getting sessions for repo...
2026-09-14 15:58:25.036 [info] Got 0 sessions for repo...
2026-09-14 15:58:25.037 [info] Getting sessions for repo...
2026-09-14 15:58:25.038 [info] Got 0 sessions for repo...
2026-09-14 15:58:25.038 [info] Getting sessions for repo...
2026-09-14 15:58:25.039 [info] Got 0 sessions for repo...
2026-09-14 15:58:25.040 [info] Getting sessions for repo...
2026-09-14 15:58:25.040 [info] Got 0 sessions for repo...
2026-09-14 15:58:25.041 [info] Getting sessions for repo...
2026-09-14 15:58:25.041 [info] Got 0 sessions for repo...
2026-09-14 15:58:25.042 [info] Getting sessions for repo...
2026-09-14 15:58:25.043 [info] Got 0 sessions for repo...
2026-09-14 15:58:25.044 [info] Getting sessions for repo...
2026-09-14 15:58:25.044 [info] Got 0 sessions for repo...
2026-09-14 15:58:25.758 [info] Getting sessions for read:user,repo,user:email,workflow...
2026-09-14 15:58:25.759 [info] Got 1 sessions for read:user,repo,user:email,workflow...
2026-09-14 15:58:29.356 [info] Getting sessions for all scopes...
2026-09-14 15:58:29.356 [info] Got 2 sessions for all scopes...
2026-09-14 15:58:29.358 [info] Getting sessions for all scopes...
2026-09-14 15:58:29.358 [info] Got 2 sessions for all scopes...
2026-09-14 15:58:29.359 [info] Getting sessions for all scopes...
2026-09-14 15:58:29.359 [info] Got 2 sessions for all scopes...
2026-09-14 15:58:29.360 [info] Getting sessions for all scopes...
2026-09-14 15:58:29.360 [info] Got 2 sessions for all scopes...
2026-09-14 15:58:29.362 [info] Getting sessions for all scopes...
2026-09-14 15:58:29.362 [info] Got 2 sessions for all scopes...
2026-09-14 15:58:29.363 [info] Getting sessions for all scopes...
2026-09-14 15:58:29.363 [info] Got 2 sessions for all scopes...
2026-09-14 15:58:29.364 [info] Getting sessions for all scopes...
2026-09-14 15:58:29.364 [info] Got 2 sessions for all scopes...
2026-09-14 15:58:29.366 [info] Getting sessions for all scopes...
2026-09-14 15:58:29.366 [info] Got 2 sessions for all scopes...
2026-09-14 15:58:29.788 [info] Getting sessions for read:user,user:email...
2026-09-14 15:58:29.789 [info] Got 0 sessions for read:user,user:email...
2026-09-14 15:58:29.790 [info] Getting sessions for read:user,user:email...
2026-09-14 15:58:29.790 [info] Got 0 sessions for read:user,user:email...
2026-09-14 15:58:29.791 [info] Getting sessions for read:user,user:email...
2026-09-14 15:58:29.792 [info] Got 0 sessions for read:user,user:email...
2026-09-14 15:58:29.793 [info] Getting sessions for read:user,user:email...
2026-09-14 15:58:29.793 [info] Got 0 sessions for read:user,user:email...
2026-09-14 15:58:29.794 [info] Getting sessions for read:user,user:email...
2026-09-14 15:58:29.794 [info] Got 0 sessions for read:user,user:email...
2026-09-14 15:58:29.795 [info] Getting sessions for read:user,user:email...
2026-09-14 15:58:29.795 [info] Got 0 sessions for read:user,user:email...
2026-09-14 15:58:29.796 [info] Getting sessions for read:user,user:email...
2026-09-14 15:58:29.796 [info] Got 0 sessions for read:user,user:email...
2026-09-14 15:58:29.797 [info] Getting sessions for read:user,user:email...
2026-09-14 15:58:29.797 [info] Got 0 sessions for read:user,user:email...
2026-09-14 15:58:29.810 [info] Getting sessions for user:email...
2026-09-14 15:58:29.810 [info] Got 1 sessions for user:email...
2026-09-14 15:58:29.811 [info] Getting sessions for read:user,user:email...
2026-09-14 15:58:29.811 [info] Got 0 sessions for read:user,user:email...
2026-09-14 15:58:30.453 [info] Getting sessions for all scopes...
2026-09-14 15:58:30.453 [info] Got 2 sessions for all scopes...
2026-09-14 15:58:30.455 [info] Getting sessions for all scopes...
2026-09-14 15:58:30.455 [info] Got 2 sessions for all scopes...
2026-09-14 15:58:30.456 [info] Getting sessions for all scopes...
2026-09-14 15:58:30.456 [info] Got 2 sessions for all scopes...
2026-09-14 15:58:30.457 [info] Getting sessions for all scopes...
2026-09-14 15:58:30.457 [info] Got 2 sessions for all scopes...
2026-09-14 15:58:30.459 [info] Getting sessions for all scopes...
2026-09-14 15:58:30.459 [info] Got 2 sessions for all scopes...
2026-09-14 15:58:30.460 [info] Getting sessions for all scopes...
2026-09-14 15:58:30.460 [info] Got 2 sessions for all scopes...
2026-09-14 15:58:30.461 [info] Getting sessions for all scopes...
2026-09-14 15:58:30.461 [info] Got 2 sessions for all scopes...
2026-09-14 15:58:30.462 [info] Getting sessions for all scopes...
2026-09-14 15:58:30.463 [info] Got 2 sessions for all scopes...
2026-09-14 15:58:30.466 [info] Getting sessions for all scopes...
2026-09-14 15:58:30.466 [info] Got 2 sessions for all scopes...
2026-09-14 15:58:30.471 [info] Getting sessions for read:user,user:email...
2026-09-14 15:58:30.472 [info] Got 0 sessions for read:user,user:email...
2026-09-14 15:58:30.904 [info] Getting sessions for repo...
2026-09-14 15:58:31.038 [info] Got 0 sessions for repo...
2026-09-14 15:58:31.039 [info] Getting sessions for repo...
2026-09-14 15:58:31.039 [info] Got 0 sessions for repo...
2026-09-14 15:58:31.078 [info] Getting sessions for repo...
2026-09-14 15:58:31.079 [info] Got 0 sessions for repo...
2026-09-14 15:58:31.079 [info] Getting sessions for repo...
2026-09-14 15:58:31.079 [info] Got 0 sessions for repo...
2026-09-14 15:58:31.080 [info] Getting sessions for repo...
2026-09-14 15:58:31.080 [info] Got 0 sessions for repo...
2026-09-14 15:58:31.081 [info] Getting sessions for repo...
2026-09-14 15:58:31.081 [info] Got 0 sessions for repo...
2026-09-14 15:58:31.082 [info] Getting sessions for repo...
2026-09-14 15:58:31.082 [info] Got 0 sessions for repo...
2026-09-14 15:58:31.083 [info] Getting sessions for repo...
2026-09-14 15:58:31.084 [info] Got 0 sessions for repo...
2026-09-14 15:58:31.089 [info] Getting sessions for repo...
2026-09-14 15:58:31.089 [info] Got 0 sessions for repo...
2026-09-14 15:58:31.090 [info] Getting sessions for all scopes...
2026-09-14 15:58:31.090 [info] Got 2 sessions for all scopes...
2026-09-14 15:58:31.169 [info] Getting sessions for all scopes...
2026-09-14 15:58:31.169 [info] Got 2 sessions for all scopes...
2026-09-14 15:58:31.171 [info] Getting sessions for all scopes...
2026-09-14 15:58:31.171 [info] Got 2 sessions for all scopes...
2026-09-14 15:58:31.172 [info] Getting sessions for all scopes...
2026-09-14 15:58:31.172 [info] Got 2 sessions for all scopes...
2026-09-14 15:58:31.174 [info] Getting sessions for all scopes...
2026-09-14 15:58:31.174 [info] Got 2 sessions for all scopes...
2026-09-14 15:58:31.175 [info] Getting sessions for all scopes...
2026-09-14 15:58:31.175 [info] Got 2 sessions for all scopes...
2026-09-14 15:58:31.180 [info] Getting sessions for all scopes...
2026-09-14 15:58:31.180 [info] Got 2 sessions for all scopes...
2026-09-14 15:58:31.181 [info] Getting sessions for all scopes...
2026-09-14 15:58:31.181 [info] Got 2 sessions for all scopes...
2026-09-14 15:58:31.182 [info] Getting sessions for all scopes...
2026-09-14 15:58:31.182 [info] Got 2 sessions for all scopes...
2026-09-14 15:58:31.183 [info] Getting sessions for all scopes...
2026-09-14 15:58:31.183 [info] Got 2 sessions for all scopes...
2026-09-14 15:58:31.184 [info] Getting sessions for all scopes...
2026-09-14 15:58:31.184 [info] Got 2 sessions for all scopes...
2026-09-14 15:58:31.185 [info] Getting sessions for repo...
2026-09-14 15:58:31.185 [info] Got 0 sessions for repo...
2026-09-14 15:58:31.191 [info] Getting sessions for user:email...
2026-09-14 15:58:31.191 [info] Got 1 sessions for user:email...
2026-09-14 15:58:31.199 [info] Getting sessions for all scopes...
2026-09-14 15:58:31.199 [info] Got 2 sessions for all scopes...
2026-09-14 15:58:31.200 [info] Getting sessions for all scopes...
2026-09-14 15:58:31.200 [info] Got 2 sessions for all scopes...
2026-09-14 15:58:31.211 [info] Getting sessions for all scopes...
2026-09-14 15:58:31.211 [info] Got 2 sessions for all scopes...
2026-09-14 15:58:31.212 [info] Getting sessions for read:user,user:email...
2026-09-14 15:58:31.212 [info] Got 0 sessions for read:user,user:email...
2026-09-14 15:58:31.213 [info] Getting sessions for all scopes...
2026-09-14 15:58:31.213 [info] Got 2 sessions for all scopes...
2026-09-14 15:58:31.231 [info] Getting sessions for all scopes...
2026-09-14 15:58:31.231 [info] Got 2 sessions for all scopes...
2026-09-14 15:58:31.232 [info] Getting sessions for read:user,user:email...
2026-09-14 15:58:31.233 [info] Got 0 sessions for read:user,user:email...
2026-09-14 15:58:31.234 [info] Getting sessions for all scopes...
2026-09-14 15:58:31.234 [info] Got 2 sessions for all scopes...
2026-09-14 15:58:31.344 [info] Getting sessions for repo...
2026-09-14 15:58:31.344 [info] Got 0 sessions for repo...
2026-09-14 15:58:31.344 [info] Getting sessions for all scopes...
2026-09-14 15:58:31.344 [info] Got 2 sessions for all scopes...
2026-09-14 15:58:31.346 [info] Getting sessions for read:user,repo,user:email,workflow...
2026-09-14 15:58:31.346 [info] Got 1 sessions for read:user,repo,user:email,workflow...
2026-09-14 15:58:31.863 [info] Getting sessions for all scopes...
2026-09-14 15:58:31.864 [info] Got 2 sessions for all scopes...
2026-09-14 15:58:31.877 [info] Getting sessions for repo...
2026-09-14 15:58:31.877 [info] Got 0 sessions for repo...
2026-09-14 15:58:32.425 [info] Getting sessions for all scopes...
2026-09-14 15:58:32.425 [info] Got 2 sessions for all scopes...
2026-09-14 15:58:32.486 [info] Getting sessions for read:user,user:email...
2026-09-14 15:58:32.486 [info] Got 0 sessions for read:user,user:email...
2026-09-14 15:58:32.555 [info] Getting sessions for read:user,user:email...
2026-09-14 15:58:32.555 [info] Got 0 sessions for read:user,user:email...
2026-09-14 15:58:32.556 [info] Getting sessions for all scopes...
2026-09-14 15:58:32.556 [info] Got 2 sessions for all scopes...
2026-09-14 15:58:32.673 [info] Getting sessions for all scopes...
2026-09-14 15:58:32.673 [info] Got 2 sessions for all scopes...
2026-09-14 15:58:32.675 [info] Getting sessions for all scopes...
2026-09-14 15:58:32.675 [info] Got 2 sessions for all scopes...
2026-09-14 15:58:32.676 [info] Getting sessions for repo...
2026-09-14 15:58:32.676 [info] Got 0 sessions for repo...
2026-09-14 15:58:32.774 [info] Getting sessions for repo...
2026-09-14 15:58:32.774 [info] Got 0 sessions for repo...
2026-09-14 15:58:32.782 [info] Getting sessions for all scopes...
2026-09-14 15:58:32.782 [info] Got 2 sessions for all scopes...
2026-09-14 15:58:32.996 [info] Getting sessions for all scopes...
2026-09-14 15:58:32.996 [info] Got 2 sessions for all scopes...
2026-09-14 15:58:32.998 [info] Getting sessions for read:user,user:email...
2026-09-14 15:58:32.998 [info] Got 0 sessions for read:user,user:email...
2026-09-14 15:58:33.884 [info] Getting sessions for read:user,repo,user:email,workflow...
2026-09-14 15:58:33.884 [info] Got 1 sessions for read:user,repo,user:email,workflow...
2026-09-14 15:58:33.887 [info] Getting sessions for read:user,user:email...
2026-09-14 15:58:33.887 [info] Got 0 sessions for read:user,user:email...
2026-09-14 15:58:33.888 [info] Getting sessions for all scopes...
2026-09-14 15:58:33.888 [info] Got 2 sessions for all scopes...
2026-09-14 15:58:33.928 [info] Getting sessions for all scopes...
2026-09-14 15:58:33.928 [info] Got 2 sessions for all scopes...
2026-09-14 15:58:33.929 [info] Getting sessions for repo...
2026-09-14 15:58:33.930 [info] Got 0 sessions for repo...
2026-09-14 15:58:33.934 [info] Getting sessions for all scopes...
2026-09-14 15:58:33.934 [info] Got 2 sessions for all scopes...
2026-09-14 15:58:33.981 [info] Getting sessions for repo...
2026-09-14 15:58:33.981 [info] Got 0 sessions for repo...
2026-09-14 15:58:34.014 [info] Getting sessions for all scopes...
2026-09-14 15:58:34.014 [info] Got 2 sessions for all scopes...
2026-09-14 15:58:34.081 [info] Getting sessions for all scopes...
2026-09-14 15:58:34.082 [info] Got 2 sessions for all scopes...
2026-09-14 15:58:34.379 [info] Getting sessions for read:user,repo,user:email,workflow...
2026-09-14 15:58:34.379 [info] Got 1 sessions for read:user,repo,user:email,workflow...
2026-09-14 15:58:36.828 [info] Getting sessions for all scopes...
2026-09-14 15:58:36.828 [info] Got 2 sessions for all scopes...
2026-09-14 15:58:36.875 [info] Getting sessions for read:user,repo,user:email,workflow...
2026-09-14 15:58:36.875 [info] Got 1 sessions for read:user,repo,user:email,workflow...
2026-09-14 15:58:37.204 [info] Getting sessions for all scopes...
2026-09-14 15:58:37.205 [info] Got 2 sessions for all scopes...
2026-09-14 15:58:37.211 [info] Getting sessions for read:user,repo,user:email,workflow...
2026-09-14 15:58:37.211 [info] Got 1 sessions for read:user,repo,user:email,workflow...
