2026-09-15 08:10:55.842 [info] Reading sessions from keychain...
2026-09-15 08:10:55.842 [info] Getting sessions for all scopes...
2026-09-15 08:11:11.142 [info] Got 0 sessions for all scopes...
2026-09-15 08:11:11.143 [info] Getting sessions for all scopes...
2026-09-15 08:11:11.143 [info] Got 0 sessions for all scopes...
2026-09-15 08:11:11.143 [info] Getting sessions for all scopes...
2026-09-15 08:11:11.143 [info] Got 0 sessions for all scopes...
2026-09-15 08:11:11.144 [info] Getting sessions for all scopes...
2026-09-15 08:11:11.144 [info] Got 0 sessions for all scopes...
2026-09-15 08:11:11.144 [info] Getting sessions for read:user,user:email...
2026-09-15 08:11:11.144 [info] Got 0 sessions for read:user,user:email...
2026-09-15 08:11:11.145 [info] Getting sessions for all scopes...
2026-09-15 08:11:11.145 [info] Got 0 sessions for all scopes...
2026-09-15 08:11:11.145 [info] Getting sessions for user:email...
2026-09-15 08:11:11.145 [info] Got 0 sessions for user:email...
2026-09-15 08:11:11.145 [info] Getting sessions for all scopes...
2026-09-15 08:11:11.146 [info] Got 0 sessions for all scopes...
2026-09-15 08:11:11.146 [info] Getting sessions for read:user,user:email...
2026-09-15 08:11:11.146 [info] Got 0 sessions for read:user,user:email...
2026-09-15 08:11:11.147 [info] Getting sessions for read:user,user:email...
2026-09-15 08:11:11.147 [info] Got 0 sessions for read:user,user:email...
2026-09-15 08:11:11.147 [info] Getting sessions for read:user,user:email...
2026-09-15 08:11:11.147 [info] Got 0 sessions for read:user,user:email...
2026-09-15 08:11:11.147 [info] Getting sessions for read:user,user:email...
2026-09-15 08:11:11.147 [info] Got 0 sessions for read:user,user:email...
2026-09-15 08:11:11.148 [info] Getting sessions for read:user,user:email...
2026-09-15 08:11:11.148 [info] Got 0 sessions for read:user,user:email...
2026-09-15 08:11:11.148 [info] Getting sessions for read:user,user:email...
2026-09-15 08:11:11.148 [info] Got 0 sessions for read:user,user:email...
2026-09-15 08:11:11.149 [info] Getting sessions for read:user,user:email...
2026-09-15 08:11:11.149 [info] Got 0 sessions for read:user,user:email...
2026-09-15 08:11:11.149 [info] Getting sessions for read:user,user:email...
2026-09-15 08:11:11.149 [info] Got 0 sessions for read:user,user:email...
2026-09-15 08:11:37.344 [info] Getting sessions for all scopes...
2026-09-15 08:11:37.344 [info] Got 0 sessions for all scopes...
2026-09-15 08:11:37.348 [info] Getting sessions for all scopes...
2026-09-15 08:11:37.458 [info] Got 0 sessions for all scopes...
2026-09-15 08:11:37.462 [info] Getting sessions for all scopes...
2026-09-15 08:11:37.462 [info] Got 0 sessions for all scopes...
2026-09-15 08:11:37.462 [info] Getting sessions for all scopes...
2026-09-15 08:11:37.463 [info] Got 0 sessions for all scopes...
2026-09-15 08:11:37.463 [info] Getting sessions for all scopes...
2026-09-15 08:11:37.463 [info] Got 0 sessions for all scopes...
2026-09-15 08:11:37.464 [info] Getting sessions for all scopes...
2026-09-15 08:11:37.464 [info] Got 0 sessions for all scopes...
2026-09-15 08:11:37.468 [info] Getting sessions for all scopes...
2026-09-15 08:11:37.468 [info] Got 0 sessions for all scopes...
2026-09-15 08:11:37.469 [info] Getting sessions for all scopes...
2026-09-15 08:11:37.469 [info] Got 0 sessions for all scopes...
2026-09-15 08:11:37.470 [info] Getting sessions for all scopes...
2026-09-15 08:11:37.470 [info] Got 0 sessions for all scopes...
2026-09-15 08:11:37.475 [info] Getting sessions for all scopes...
2026-09-15 08:11:37.475 [info] Got 0 sessions for all scopes...
2026-09-15 08:11:37.476 [info] Getting sessions for all scopes...
2026-09-15 08:11:37.476 [info] Got 0 sessions for all scopes...
2026-09-15 08:11:37.477 [info] Getting sessions for all scopes...
2026-09-15 08:11:37.477 [info] Got 0 sessions for all scopes...
2026-09-15 08:11:37.478 [info] Getting sessions for all scopes...
2026-09-15 08:11:37.478 [info] Got 0 sessions for all scopes...
2026-09-15 08:11:49.740 [info] Getting sessions for repo...
2026-09-15 08:11:49.740 [info] Got 0 sessions for repo...
2026-09-15 08:11:49.741 [info] Getting sessions for repo...
2026-09-15 08:11:49.742 [info] Got 0 sessions for repo...
2026-09-15 08:11:50.765 [info] Getting sessions for repo...
2026-09-15 08:11:50.765 [info] Got 0 sessions for repo...
2026-09-15 08:11:50.766 [info] Getting sessions for repo...
2026-09-15 08:11:50.766 [info] Got 0 sessions for repo...
2026-09-15 08:11:50.767 [info] Getting sessions for repo...
2026-09-15 08:11:50.767 [info] Got 0 sessions for repo...
2026-09-15 08:11:50.768 [info] Getting sessions for repo...
2026-09-15 08:11:50.773 [info] Got 0 sessions for repo...
2026-09-15 08:11:50.775 [info] Getting sessions for repo...
2026-09-15 08:11:50.775 [info] Got 0 sessions for repo...
2026-09-15 08:11:50.776 [info] Getting sessions for repo...
2026-09-15 08:11:50.776 [info] Got 0 sessions for repo...
2026-09-15 08:11:50.776 [info] Getting sessions for repo...
2026-09-15 08:11:50.776 [info] Got 0 sessions for repo...
2026-09-15 08:11:50.837 [info] Getting sessions for all scopes...
2026-09-15 08:11:50.837 [info] Got 0 sessions for all scopes...
2026-09-15 08:11:50.838 [info] Getting sessions for all scopes...
2026-09-15 08:11:50.838 [info] Got 0 sessions for all scopes...
2026-09-15 08:11:50.839 [info] Getting sessions for all scopes...
2026-09-15 08:11:50.840 [info] Got 0 sessions for all scopes...
2026-09-15 08:11:50.841 [info] Getting sessions for all scopes...
2026-09-15 08:11:50.841 [info] Got 0 sessions for all scopes...
2026-09-15 08:11:50.842 [info] Getting sessions for all scopes...
2026-09-15 08:11:50.842 [info] Got 0 sessions for all scopes...
2026-09-15 08:11:50.843 [info] Getting sessions for all scopes...
2026-09-15 08:11:50.843 [info] Got 0 sessions for all scopes...
2026-09-15 08:11:50.845 [info] Getting sessions for all scopes...
2026-09-15 08:11:50.845 [info] Got 0 sessions for all scopes...
2026-09-15 08:11:50.846 [info] Getting sessions for all scopes...
2026-09-15 08:11:50.847 [info] Got 0 sessions for all scopes...
2026-09-15 08:11:50.847 [info] Getting sessions for all scopes...
2026-09-15 08:11:50.848 [info] Got 0 sessions for all scopes...
2026-09-15 08:11:52.183 [info] Getting sessions for read:user,user:email...
2026-09-15 08:11:52.184 [info] Got 0 sessions for read:user,user:email...
2026-09-15 08:11:52.184 [info] Getting sessions for read:user,user:email...
2026-09-15 08:11:52.185 [info] Got 0 sessions for read:user,user:email...
2026-09-15 08:11:52.185 [info] Getting sessions for read:user,user:email...
2026-09-15 08:11:52.185 [info] Got 0 sessions for read:user,user:email...
2026-09-15 08:11:52.186 [info] Getting sessions for read:user,user:email...
2026-09-15 08:11:52.186 [info] Got 0 sessions for read:user,user:email...
2026-09-15 08:11:52.187 [info] Getting sessions for read:user,user:email...
2026-09-15 08:11:52.187 [info] Got 0 sessions for read:user,user:email...
2026-09-15 08:11:52.188 [info] Getting sessions for read:user,user:email...
2026-09-15 08:11:52.188 [info] Got 0 sessions for read:user,user:email...
2026-09-15 08:11:52.189 [info] Getting sessions for read:user,user:email...
2026-09-15 08:11:52.189 [info] Got 0 sessions for read:user,user:email...
2026-09-15 08:11:52.190 [info] Getting sessions for read:user,user:email...
2026-09-15 08:11:52.190 [info] Got 0 sessions for read:user,user:email...
2026-09-15 08:11:52.191 [info] Getting sessions for read:user,user:email...
2026-09-15 08:11:52.191 [info] Got 0 sessions for read:user,user:email...
2026-09-15 08:11:52.192 [info] Getting sessions for user:email...
2026-09-15 08:11:52.192 [info] Got 0 sessions for user:email...
2026-09-15 08:11:52.194 [info] Getting sessions for read:user,repo,user:email,workflow...
2026-09-15 08:11:52.194 [info] Got 0 sessions for read:user,repo,user:email,workflow...
2026-09-15 08:11:54.250 [info] Getting sessions for user:email...
2026-09-15 08:11:54.250 [info] Got 0 sessions for user:email...
2026-09-15 08:11:54.251 [info] Getting sessions for read:user,user:email...
2026-09-15 08:11:54.251 [info] Got 0 sessions for read:user,user:email...
2026-09-15 08:11:56.076 [info] Getting sessions for all scopes...
2026-09-15 08:11:56.076 [info] Got 0 sessions for all scopes...
2026-09-15 08:11:56.077 [info] Getting sessions for all scopes...
2026-09-15 08:11:56.077 [info] Got 0 sessions for all scopes...
2026-09-15 08:11:56.079 [info] Getting sessions for all scopes...
2026-09-15 08:11:56.079 [info] Got 0 sessions for all scopes...
2026-09-15 08:11:56.080 [info] Getting sessions for all scopes...
2026-09-15 08:11:56.080 [info] Got 0 sessions for all scopes...
2026-09-15 08:11:56.081 [info] Getting sessions for all scopes...
2026-09-15 08:11:56.081 [info] Got 0 sessions for all scopes...
2026-09-15 08:11:56.082 [info] Getting sessions for all scopes...
2026-09-15 08:11:56.082 [info] Got 0 sessions for all scopes...
2026-09-15 08:11:56.083 [info] Getting sessions for all scopes...
2026-09-15 08:11:56.083 [info] Got 0 sessions for all scopes...
2026-09-15 08:11:56.084 [info] Getting sessions for all scopes...
2026-09-15 08:11:56.085 [info] Got 0 sessions for all scopes...
2026-09-15 08:11:56.086 [info] Getting sessions for all scopes...
2026-09-15 08:11:56.086 [info] Got 0 sessions for all scopes...
2026-09-15 08:11:56.236 [info] Getting sessions for all scopes...
2026-09-15 08:11:56.237 [info] Got 0 sessions for all scopes...
2026-09-15 08:11:56.247 [info] Getting sessions for repo...
2026-09-15 08:11:56.247 [info] Got 0 sessions for repo...
2026-09-15 08:11:56.248 [info] Getting sessions for repo...
2026-09-15 08:11:56.248 [info] Got 0 sessions for repo...
2026-09-15 08:11:56.249 [info] Getting sessions for repo...
2026-09-15 08:11:56.249 [info] Got 0 sessions for repo...
2026-09-15 08:11:56.250 [info] Getting sessions for repo...
2026-09-15 08:11:56.250 [info] Got 0 sessions for repo...
2026-09-15 08:11:56.251 [info] Getting sessions for repo...
2026-09-15 08:11:56.251 [info] Got 0 sessions for repo...
2026-09-15 08:11:56.252 [info] Getting sessions for repo...
2026-09-15 08:11:56.252 [info] Got 0 sessions for repo...
2026-09-15 08:11:56.253 [info] Getting sessions for repo...
2026-09-15 08:11:56.253 [info] Got 0 sessions for repo...
2026-09-15 08:11:56.254 [info] Getting sessions for repo...
2026-09-15 08:11:56.254 [info] Got 0 sessions for repo...
2026-09-15 08:11:56.255 [info] Getting sessions for repo...
2026-09-15 08:11:56.255 [info] Got 0 sessions for repo...
2026-09-15 08:11:56.320 [info] Getting sessions for repo...
2026-09-15 08:11:56.320 [info] Got 0 sessions for repo...
2026-09-15 08:11:56.320 [info] Getting sessions for all scopes...
2026-09-15 08:11:56.320 [info] Got 0 sessions for all scopes...
2026-09-15 08:11:56.321 [info] Getting sessions for all scopes...
2026-09-15 08:11:56.321 [info] Got 0 sessions for all scopes...
2026-09-15 08:11:56.322 [info] Getting sessions for all scopes...
2026-09-15 08:11:56.322 [info] Got 0 sessions for all scopes...
2026-09-15 08:11:56.322 [info] Getting sessions for all scopes...
2026-09-15 08:11:56.322 [info] Got 0 sessions for all scopes...
2026-09-15 08:11:56.323 [info] Getting sessions for all scopes...
2026-09-15 08:11:56.323 [info] Got 0 sessions for all scopes...
2026-09-15 08:11:56.324 [info] Getting sessions for all scopes...
2026-09-15 08:11:56.324 [info] Got 0 sessions for all scopes...
2026-09-15 08:11:56.324 [info] Getting sessions for all scopes...
2026-09-15 08:11:56.324 [info] Got 0 sessions for all scopes...
2026-09-15 08:11:56.325 [info] Getting sessions for all scopes...
2026-09-15 08:11:56.325 [info] Got 0 sessions for all scopes...
2026-09-15 08:11:56.326 [info] Getting sessions for all scopes...
2026-09-15 08:11:56.326 [info] Got 0 sessions for all scopes...
2026-09-15 08:11:59.190 [info] Getting sessions for all scopes...
2026-09-15 08:11:59.190 [info] Got 0 sessions for all scopes...
2026-09-15 08:11:59.194 [info] Getting sessions for all scopes...
2026-09-15 08:11:59.194 [info] Got 0 sessions for all scopes...
2026-09-15 08:11:59.237 [info] Getting sessions for all scopes...
2026-09-15 08:11:59.237 [info] Got 0 sessions for all scopes...
2026-09-15 08:11:59.302 [info] Getting sessions for user:email...
2026-09-15 08:11:59.303 [info] Got 0 sessions for user:email...
2026-09-15 08:11:59.435 [info] Getting sessions for read:user,user:email...
2026-09-15 08:11:59.435 [info] Got 0 sessions for read:user,user:email...
2026-09-15 08:11:59.668 [info] Getting sessions for all scopes...
2026-09-15 08:11:59.668 [info] Got 0 sessions for all scopes...
2026-09-15 08:11:59.842 [info] Getting sessions for all scopes...
2026-09-15 08:11:59.842 [info] Got 0 sessions for all scopes...
2026-09-15 08:11:59.843 [info] Getting sessions for user:email...
2026-09-15 08:11:59.843 [info] Got 0 sessions for user:email...
2026-09-15 08:11:59.857 [info] Getting sessions for repo...
2026-09-15 08:11:59.857 [info] Got 0 sessions for repo...
2026-09-15 08:11:59.902 [info] Getting sessions for all scopes...
2026-09-15 08:11:59.902 [info] Got 0 sessions for all scopes...
2026-09-15 08:11:59.903 [info] Getting sessions for read:user,repo,user:email,workflow...
2026-09-15 08:11:59.903 [info] Got 0 sessions for read:user,repo,user:email,workflow...
2026-09-15 08:12:00.045 [info] Getting sessions for all scopes...
2026-09-15 08:12:00.045 [info] Got 0 sessions for all scopes...
2026-09-15 08:12:00.135 [info] Getting sessions for all scopes...
2026-09-15 08:12:00.135 [info] Got 0 sessions for all scopes...
2026-09-15 08:12:00.145 [info] Getting sessions for user:email...
2026-09-15 08:12:00.145 [info] Got 0 sessions for user:email...
2026-09-15 08:12:00.161 [info] Getting sessions for read:user,repo,user:email,workflow...
2026-09-15 08:12:00.161 [info] Got 0 sessions for read:user,repo,user:email,workflow...
2026-09-15 08:12:00.170 [info] Getting sessions for all scopes...
2026-09-15 08:12:00.170 [info] Got 0 sessions for all scopes...
2026-09-15 08:12:00.185 [info] Getting sessions for user:email...
2026-09-15 08:12:00.186 [info] Got 0 sessions for user:email...
2026-09-15 08:12:00.212 [info] Getting sessions for all scopes...
2026-09-15 08:12:00.212 [info] Got 0 sessions for all scopes...
2026-09-15 08:12:00.219 [info] Getting sessions for user:email...
2026-09-15 08:12:00.220 [info] Got 0 sessions for user:email...
