2026-09-14 13:18:24.614 [info] [main] Log level: Info
2026-09-14 13:18:24.614 [info] [main] Validating found git in: "git"
2026-09-14 13:18:24.614 [info] [main] Using git "2.55.0" from "git"
2026-09-14 13:18:24.614 [info] [Model][doInitialScan] Initial repository scan started
2026-09-14 13:18:24.614 [info] [Model][doInitialScan] Initial repository scan completed - repositories (0), closed repositories (0), parent repositories (0), unsafe repositories (0)
2026-09-14 13:32:32.871 [info] [main] Log level: Info
2026-09-14 13:32:32.900 [info] [main] Validating found git in: "git"
2026-09-14 13:32:32.900 [info] [main] Using git "2.55.0" from "git"
2026-09-14 13:32:32.900 [info] [Model][doInitialScan] Initial repository scan started
2026-09-14 13:32:32.900 [info] > git rev-parse --show-toplevel [221ms]
2026-09-14 13:32:32.900 [info] fatal: not a git repository (or any of the parent directories): .git
2026-09-14 13:32:32.900 [info] > git rev-parse --show-toplevel [400ms]
2026-09-14 13:32:32.900 [info] > git rev-parse --git-dir --git-common-dir --show-superproject-working-tree [292ms]
2026-09-14 13:32:32.900 [info] [Model][openRepository] Opened repository (path): /home/darren/.config/nvim/neovim
2026-09-14 13:32:32.900 [info] [Model][openRepository] Opened repository (real path): /home/darren/.config/nvim/neovim
2026-09-14 13:32:32.900 [info] [Model][openRepository] Opened repository (kind): repository
2026-09-14 13:32:32.900 [info] [Model][doInitialScan] Initial repository scan completed - repositories (1), closed repositories (0), parent repositories (0), unsafe repositories (0)
2026-09-14 13:32:32.900 [info] > git config --get commit.template [71ms]
2026-09-14 13:32:32.900 [info] > git config --get --local core.virtualfilesystem [152ms]
2026-09-14 13:32:32.900 [warning] [Git][config] git config failed: Failed to execute git
2026-09-14 13:32:33.106 [info] > git for-each-ref --format=%(refname)%00%(upstream:short)%00%(objectname)%00%(upstream:track)%00%(upstream:remotename)%00%(upstream:remoteref) refs/heads/main refs/remotes/main [136ms]
2026-09-14 13:32:33.188 [warning] [Git][revParse] Unable to read file: ENOENT: no such file or directory, open '/home/darren/.config/nvim/neovim/.git/refs/remotes/origin/main'
2026-09-14 13:32:33.208 [info] > git rev-parse refs/remotes/origin/main [20ms]
2026-09-14 13:32:33.464 [info] > git status -z -uall [159ms]
2026-09-14 13:32:33.464 [info] > git check-ignore -v -z --stdin [15ms]
2026-09-14 13:32:33.474 [info] > git for-each-ref --sort -committerdate --format %(refname)%00%(objectname)%00%(*objectname) [69ms]
2026-09-14 13:32:33.765 [info] > git config --get commit.template [12ms]
2026-09-14 13:32:33.766 [info] > git for-each-ref --format=%(refname)%00%(upstream:short)%00%(objectname)%00%(upstream:track)%00%(upstream:remotename)%00%(upstream:remoteref) refs/heads/main refs/remotes/main [59ms]
2026-09-14 13:32:33.810 [info] > git config --get --local branch.main.vscode-merge-base [15ms]
2026-09-14 13:32:33.810 [warning] [Git][config] git config failed: Failed to execute git
2026-09-14 13:32:33.890 [info] > git for-each-ref --format=%(refname)%00%(upstream:short)%00%(objectname)%00%(upstream:track)%00%(upstream:remotename)%00%(upstream:remoteref) refs/heads/main refs/remotes/main [15ms]
2026-09-14 13:32:33.943 [warning] [Git][revParse] Unable to read file: ENOENT: no such file or directory, open '/home/darren/.config/nvim/neovim/.git/refs/remotes/origin/main'
2026-09-14 13:32:33.957 [info] > git rev-parse refs/remotes/origin/main [14ms]
2026-09-14 13:32:34.070 [info] > git status -z -uall [76ms]
2026-09-14 13:32:34.072 [info] > git reflog main --grep-reflog=branch: Created from *. [232ms]
2026-09-14 13:32:34.141 [info] > git for-each-ref --sort -committerdate --format %(refname)%00%(objectname)%00%(*objectname) [89ms]
2026-09-14 13:32:34.181 [info] > git symbolic-ref --short refs/remotes/origin/HEAD [45ms]
2026-09-14 13:32:35.412 [info] > git for-each-ref --format=%(refname)%00%(upstream:short)%00%(objectname)%00%(upstream:track)%00%(upstream:remotename)%00%(upstream:remoteref) refs/heads/origin/main refs/remotes/origin/main [1191ms]
2026-09-14 13:32:35.507 [info] > git config --add --local branch.main.vscode-merge-base origin/main [58ms]
2026-09-14 13:32:35.584 [info] > git rev-parse --show-toplevel [183ms]
2026-09-14 13:32:35.584 [info] fatal: not a git repository (or any of the parent directories): .git
2026-09-14 13:32:35.808 [info] > git check-ignore -v -z --stdin [90ms]
2026-09-14 13:32:35.818 [info] > git config --get commit.template [235ms]
2026-09-14 13:32:36.275 [info] > git config --get commit.template [51ms]
2026-09-14 13:32:36.428 [info] > git for-each-ref --format=%(refname)%00%(upstream:short)%00%(objectname)%00%(upstream:track)%00%(upstream:remotename)%00%(upstream:remoteref) refs/heads/main refs/remotes/main [153ms]
2026-09-14 13:32:36.473 [warning] [Git][revParse] Unable to read file: ENOENT: no such file or directory, open '/home/darren/.config/nvim/neovim/.git/refs/remotes/origin/main'
2026-09-14 13:32:36.480 [info] > git for-each-ref --format=%(refname)%00%(upstream:short)%00%(objectname)%00%(upstream:track)%00%(upstream:remotename)%00%(upstream:remoteref) refs/heads/main refs/remotes/main [60ms]
2026-09-14 13:32:36.482 [info] > git rev-parse refs/remotes/origin/main [10ms]
2026-09-14 13:32:36.594 [warning] [Git][revParse] Unable to read file: ENOENT: no such file or directory, open '/home/darren/.config/nvim/neovim/.git/refs/remotes/origin/main'
2026-09-14 13:32:36.602 [info] > git merge-base refs/heads/main refs/remotes/origin/main [79ms]
2026-09-14 13:32:36.642 [info] > git merge-base refs/heads/main refs/remotes/origin/main [79ms]
2026-09-14 13:32:36.712 [info] > git diff --raw --numstat --diff-filter=ADMR -z --find-renames=50% 8d48af29bc1122e295efd515bca70fdfafddb312...refs/remotes/origin/main -- [80ms]
2026-09-14 13:32:36.720 [info] > git rev-parse refs/remotes/origin/main [126ms]
2026-09-14 13:32:36.915 [info] > git status -z -uall [163ms]
2026-09-14 13:32:36.921 [info] > git diff --raw --numstat --diff-filter=ADMR -z --find-renames=50% 8d48af29bc1122e295efd515bca70fdfafddb312...refs/remotes/origin/main -- [229ms]
2026-09-14 13:32:36.947 [info] > git for-each-ref --sort -committerdate --format %(refname)%00%(objectname)%00%(*objectname) [100ms]
2026-09-14 13:32:40.163 [info] > git rev-parse --show-toplevel [2331ms]
2026-09-14 13:32:40.164 [info] fatal: not a git repository (or any of the parent directories): .git
2026-09-14 13:32:40.198 [info] > git config --get commit.template [34ms]
2026-09-14 13:32:40.391 [info] > git for-each-ref --format=%(refname)%00%(upstream:short)%00%(objectname)%00%(upstream:track)%00%(upstream:remotename)%00%(upstream:remoteref) refs/heads/main refs/remotes/main [15ms]
2026-09-14 13:32:40.419 [warning] [Git][revParse] Unable to read file: ENOENT: no such file or directory, open '/home/darren/.config/nvim/neovim/.git/refs/remotes/origin/main'
2026-09-14 13:32:40.460 [info] > git rev-parse refs/remotes/origin/main [41ms]
2026-09-14 13:32:40.646 [info] > git status -z -uall [154ms]
2026-09-14 13:32:40.674 [info] > git for-each-ref --sort -committerdate --format %(refname)%00%(objectname)%00%(*objectname) [145ms]
2026-09-14 13:32:42.252 [info] > git rev-parse --show-toplevel [12ms]
2026-09-14 13:32:42.252 [info] fatal: not a git repository (or any of the parent directories): .git
2026-09-14 13:32:42.840 [info] > git rev-parse --show-toplevel [127ms]
2026-09-14 13:32:42.840 [info] fatal: not a git repository (or any of the parent directories): .git
2026-09-14 13:32:42.850 [info] > git check-ignore -v -z --stdin [23ms]
2026-09-14 13:32:43.088 [info] > git show --textconv :titus-kickstart/init.lua [65ms]
2026-09-14 13:32:43.090 [info] > git ls-files --stage -- titus-kickstart/init.lua [28ms]
2026-09-14 13:32:43.135 [info] > git cat-file -s 410fab0518c942dd288e51db943c68fbcfaabc04 [14ms]
2026-09-14 13:51:16.521 [info] > git blame --root --incremental 8d48af29bc1122e295efd515bca70fdfafddb312 -- titus-kickstart/init.lua [271ms]
2026-09-14 14:19:50.180 [info] > git check-ignore -v -z --stdin [131ms]
2026-09-14 14:20:09.437 [info] > git check-ignore -v -z --stdin [13ms]
2026-09-14 14:20:09.643 [info] > git ls-files --stage -- win-depend.ps1 [7ms]
2026-09-14 14:20:09.796 [info] > git cat-file -s c7599d93cfcddc40c933f6401382a9cf3e484665 [128ms]
2026-09-14 14:20:09.833 [info] > git show --textconv :win-depend.ps1 [244ms]
2026-09-14 14:20:29.213 [info] > git check-ignore -v -z --stdin [60ms]
2026-09-14 14:20:29.827 [info] > git ls-files --stage -- titus-kickstart/LICENSE.md [17ms]
2026-09-14 14:20:29.868 [info] > git show --textconv :titus-kickstart/LICENSE.md [112ms]
2026-09-14 14:20:29.911 [info] > git cat-file -s 9cf106272ac3b56b0c4c80218e8fc10a664ca5f4 [52ms]
2026-09-14 14:20:36.317 [info] > git config --get commit.template [16ms]
2026-09-14 14:20:36.704 [info] > git for-each-ref --format=%(refname)%00%(upstream:short)%00%(objectname)%00%(upstream:track)%00%(upstream:remotename)%00%(upstream:remoteref) refs/heads/main refs/remotes/main [335ms]
2026-09-14 14:20:36.729 [warning] [Git][revParse] Unable to read file: ENOENT: no such file or directory, open '/home/darren/.config/nvim/neovim/.git/refs/remotes/origin/main'
2026-09-14 14:20:36.772 [info] > git rev-parse refs/remotes/origin/main [43ms]
2026-09-14 14:20:37.033 [info] > git for-each-ref --sort -committerdate --format %(refname)%00%(objectname)%00%(*objectname) [190ms]
2026-09-14 14:20:37.713 [info] > git status -z -uall [915ms]
2026-09-14 14:20:42.844 [info] > git config --get commit.template [29ms]
2026-09-14 14:20:42.846 [info] > git for-each-ref --format=%(refname)%00%(upstream:short)%00%(objectname)%00%(upstream:track)%00%(upstream:remotename)%00%(upstream:remoteref) refs/heads/main refs/remotes/main [5ms]
2026-09-14 14:20:42.870 [warning] [Git][revParse] Unable to read file: ENOENT: no such file or directory, open '/home/darren/.config/nvim/neovim/.git/refs/remotes/origin/main'
2026-09-14 14:20:42.874 [info] > git rev-parse refs/remotes/origin/main [4ms]
2026-09-14 14:20:42.935 [info] > git status -z -uall [31ms]
2026-09-14 14:20:42.938 [info] > git for-each-ref --sort -committerdate --format %(refname)%00%(objectname)%00%(*objectname) [6ms]
2026-09-14 14:20:48.017 [info] > git config --get commit.template [28ms]
2026-09-14 14:20:48.020 [info] > git for-each-ref --format=%(refname)%00%(upstream:short)%00%(objectname)%00%(upstream:track)%00%(upstream:remotename)%00%(upstream:remoteref) refs/heads/main refs/remotes/main [5ms]
2026-09-14 14:20:48.044 [warning] [Git][revParse] Unable to read file: ENOENT: no such file or directory, open '/home/darren/.config/nvim/neovim/.git/refs/remotes/origin/main'
2026-09-14 14:20:48.048 [info] > git rev-parse refs/remotes/origin/main [4ms]
2026-09-14 14:20:48.100 [info] > git status -z -uall [28ms]
2026-09-14 14:20:48.105 [info] > git for-each-ref --sort -committerdate --format %(refname)%00%(objectname)%00%(*objectname) [7ms]
2026-09-14 14:20:49.610 [info] > git check-ignore -v -z --stdin [17ms]
2026-09-14 14:20:49.757 [info] > git show --textconv :tinypng [54ms]
2026-09-14 14:20:49.771 [info] > git ls-files --stage -- tinypng [16ms]
2026-09-14 14:20:49.805 [info] > git cat-file -s ff6bba5622202b564a3c83f65050f58550a6a718 [5ms]
2026-09-14 14:21:07.144 [info] > git check-ignore -v -z --stdin [8ms]
2026-09-14 14:21:07.231 [info] > git show --textconv :tinypng [55ms]
2026-09-14 14:21:07.233 [info] > git ls-files --stage -- tinypng [3ms]
2026-09-14 14:21:07.266 [info] > git cat-file -s ff6bba5622202b564a3c83f65050f58550a6a718 [6ms]
2026-09-14 14:21:08.979 [info] > git config --get commit.template [7ms]
2026-09-14 14:21:09.015 [info] > git for-each-ref --format=%(refname)%00%(upstream:short)%00%(objectname)%00%(upstream:track)%00%(upstream:remotename)%00%(upstream:remoteref) refs/heads/main refs/remotes/main [5ms]
2026-09-14 14:21:09.040 [warning] [Git][revParse] Unable to read file: ENOENT: no such file or directory, open '/home/darren/.config/nvim/neovim/.git/refs/remotes/origin/main'
2026-09-14 14:21:09.044 [info] > git rev-parse refs/remotes/origin/main [4ms]
2026-09-14 14:21:09.096 [info] > git status -z -uall [28ms]
2026-09-14 14:21:09.102 [info] > git for-each-ref --sort -committerdate --format %(refname)%00%(objectname)%00%(*objectname) [8ms]
2026-09-14 14:21:10.062 [info] > git check-ignore -v -z --stdin [6ms]
2026-09-14 14:21:10.147 [info] > git show --textconv :uca.xml [52ms]
2026-09-14 14:21:10.160 [info] > git ls-files --stage -- uca.xml [19ms]
2026-09-14 14:21:10.205 [info] > git cat-file -s e8012d653f9544d060bf5c79545690e599bd1d46 [5ms]
2026-09-14 14:21:23.297 [info] > git check-ignore -v -z --stdin [5ms]
2026-09-14 14:21:23.374 [info] > git show --textconv :uca.xml [31ms]
2026-09-14 14:21:23.379 [info] > git ls-files --stage -- uca.xml [5ms]
2026-09-14 14:21:23.435 [info] > git cat-file -s e8012d653f9544d060bf5c79545690e599bd1d46 [7ms]
2026-09-14 14:21:32.128 [info] > git config --get commit.template [34ms]
2026-09-14 14:21:32.131 [info] > git for-each-ref --format=%(refname)%00%(upstream:short)%00%(objectname)%00%(upstream:track)%00%(upstream:remotename)%00%(upstream:remoteref) refs/heads/main refs/remotes/main [9ms]
2026-09-14 14:21:32.159 [warning] [Git][revParse] Unable to read file: ENOENT: no such file or directory, open '/home/darren/.config/nvim/neovim/.git/refs/remotes/origin/main'
2026-09-14 14:21:32.163 [info] > git rev-parse refs/remotes/origin/main [4ms]
2026-09-14 14:21:32.222 [info] > git status -z -uall [35ms]
2026-09-14 14:21:32.234 [info] > git for-each-ref --sort -committerdate --format %(refname)%00%(objectname)%00%(*objectname) [15ms]
2026-09-14 14:21:32.632 [info] > git check-ignore -v -z --stdin [8ms]
2026-09-14 14:21:37.290 [info] > git config --get commit.template [5ms]
2026-09-14 14:21:37.319 [info] > git for-each-ref --format=%(refname)%00%(upstream:short)%00%(objectname)%00%(upstream:track)%00%(upstream:remotename)%00%(upstream:remoteref) refs/heads/main refs/remotes/main [5ms]
2026-09-14 14:21:37.344 [warning] [Git][revParse] Unable to read file: ENOENT: no such file or directory, open '/home/darren/.config/nvim/neovim/.git/refs/remotes/origin/main'
2026-09-14 14:21:37.351 [info] > git rev-parse refs/remotes/origin/main [6ms]
2026-09-14 14:21:37.554 [info] > git status -z -uall [159ms]
2026-09-14 14:21:37.575 [info] > git for-each-ref --sort -committerdate --format %(refname)%00%(objectname)%00%(*objectname) [37ms]
2026-09-14 14:21:38.401 [info] > git check-ignore -v -z --stdin [9ms]
2026-09-14 14:21:40.400 [info] > git check-ignore -v -z --stdin [18ms]
2026-09-14 14:21:40.508 [info] > git show --textconv :tinypng [59ms]
2026-09-14 14:21:40.520 [info] > git ls-files --stage -- tinypng [14ms]
2026-09-14 14:21:40.557 [info] > git cat-file -s ff6bba5622202b564a3c83f65050f58550a6a718 [5ms]
2026-09-14 14:22:13.313 [info] > git config --get commit.template [5ms]
2026-09-14 14:22:13.347 [info] > git for-each-ref --format=%(refname)%00%(upstream:short)%00%(objectname)%00%(upstream:track)%00%(upstream:remotename)%00%(upstream:remoteref) refs/heads/main refs/remotes/main [5ms]
2026-09-14 14:22:13.376 [warning] [Git][revParse] Unable to read file: ENOENT: no such file or directory, open '/home/darren/.config/nvim/neovim/.git/refs/remotes/origin/main'
2026-09-14 14:22:13.380 [info] > git rev-parse refs/remotes/origin/main [4ms]
2026-09-14 14:22:13.448 [info] > git status -z -uall [38ms]
2026-09-14 14:22:13.457 [info] > git for-each-ref --sort -committerdate --format %(refname)%00%(objectname)%00%(*objectname) [10ms]
2026-09-14 14:22:17.985 [info] > git check-ignore -v -z --stdin [17ms]
2026-09-14 14:22:18.094 [info] > git show --textconv :README.md [67ms]
2026-09-14 14:22:18.108 [info] > git ls-files --stage -- README.md [20ms]
2026-09-14 14:22:18.161 [info] > git cat-file -s b15e808472c89c827c4d28e520b5d90953a600da [10ms]
2026-09-14 14:22:18.532 [info] > git config --get commit.template [28ms]
2026-09-14 14:22:18.536 [info] > git for-each-ref --format=%(refname)%00%(upstream:short)%00%(objectname)%00%(upstream:track)%00%(upstream:remotename)%00%(upstream:remoteref) refs/heads/main refs/remotes/main [6ms]
2026-09-14 14:22:18.561 [warning] [Git][revParse] Unable to read file: ENOENT: no such file or directory, open '/home/darren/.config/nvim/neovim/.git/refs/remotes/origin/main'
2026-09-14 14:22:18.565 [info] > git rev-parse refs/remotes/origin/main [4ms]
2026-09-14 14:22:18.620 [info] > git status -z -uall [29ms]
2026-09-14 14:22:18.624 [info] > git for-each-ref --sort -committerdate --format %(refname)%00%(objectname)%00%(*objectname) [6ms]
2026-09-14 14:22:18.974 [info] > git check-ignore -v -z --stdin [5ms]
2026-09-14 14:22:47.593 [info] > git config --get commit.template [32ms]
2026-09-14 14:22:47.596 [info] > git for-each-ref --format=%(refname)%00%(upstream:short)%00%(objectname)%00%(upstream:track)%00%(upstream:remotename)%00%(upstream:remoteref) refs/heads/main refs/remotes/main [6ms]
2026-09-14 14:22:47.621 [warning] [Git][revParse] Unable to read file: ENOENT: no such file or directory, open '/home/darren/.config/nvim/neovim/.git/refs/remotes/origin/main'
2026-09-14 14:22:47.625 [info] > git rev-parse refs/remotes/origin/main [4ms]
2026-09-14 14:22:47.679 [info] > git status -z -uall [29ms]
2026-09-14 14:22:47.684 [info] > git for-each-ref --sort -committerdate --format %(refname)%00%(objectname)%00%(*objectname) [7ms]
2026-09-14 14:22:49.017 [info] > git check-ignore -v -z --stdin [4ms]
2026-09-14 14:22:49.092 [info] > git show --textconv :lin-depend.sh [40ms]
2026-09-14 14:22:49.100 [info] > git ls-files --stage -- lin-depend.sh [10ms]
2026-09-14 14:22:49.130 [info] > git cat-file -s cc218789f82e6bd2beb85f0cf87cd365fc143261 [5ms]
2026-09-14 14:23:05.935 [info] > git config --get commit.template [16ms]
2026-09-14 14:23:05.976 [info] > git for-each-ref --format=%(refname)%00%(upstream:short)%00%(objectname)%00%(upstream:track)%00%(upstream:remotename)%00%(upstream:remoteref) refs/heads/main refs/remotes/main [11ms]
2026-09-14 14:23:06.010 [warning] [Git][revParse] Unable to read file: ENOENT: no such file or directory, open '/home/darren/.config/nvim/neovim/.git/refs/remotes/origin/main'
2026-09-14 14:23:06.040 [info] > git rev-parse refs/remotes/origin/main [31ms]
2026-09-14 14:23:06.126 [info] > git status -z -uall [55ms]
2026-09-14 14:23:06.131 [info] > git for-each-ref --sort -committerdate --format %(refname)%00%(objectname)%00%(*objectname) [18ms]
2026-09-14 14:23:06.356 [info] > git check-ignore -v -z --stdin [5ms]
2026-09-14 14:23:06.398 [info] > git show --textconv :cleannvim.sh [1ms]
2026-09-14 14:23:06.467 [info] > git ls-files --stage -- cleannvim.sh [9ms]
2026-09-14 14:23:06.497 [info] > git cat-file -s cdfb0d22b725169a2174589b23813d3133adc7a1 [6ms]
2026-09-14 14:23:06.771 [info] > git check-ignore -v -z --stdin [19ms]
2026-09-14 14:23:14.050 [info] > git config --get commit.template [33ms]
2026-09-14 14:23:14.052 [info] > git for-each-ref --format=%(refname)%00%(upstream:short)%00%(objectname)%00%(upstream:track)%00%(upstream:remotename)%00%(upstream:remoteref) refs/heads/main refs/remotes/main [7ms]
2026-09-14 14:23:14.081 [warning] [Git][revParse] Unable to read file: ENOENT: no such file or directory, open '/home/darren/.config/nvim/neovim/.git/refs/remotes/origin/main'
2026-09-14 14:23:14.087 [info] > git rev-parse refs/remotes/origin/main [5ms]
2026-09-14 14:23:14.143 [info] > git status -z -uall [32ms]
2026-09-14 14:23:14.147 [info] > git for-each-ref --sort -committerdate --format %(refname)%00%(objectname)%00%(*objectname) [8ms]
2026-09-14 14:23:14.899 [info] > git check-ignore -v -z --stdin [5ms]
2026-09-14 14:23:14.972 [info] > git show --textconv :.markdownlint-cli2.yaml [39ms]
2026-09-14 14:23:14.981 [info] > git ls-files --stage -- .markdownlint-cli2.yaml [12ms]
2026-09-14 14:23:15.010 [info] > git cat-file -s 7745723380ccba90f9d69699c6372e8283ef2069 [5ms]
2026-09-14 14:23:27.454 [info] > git check-ignore -v -z --stdin [7ms]
2026-09-14 14:23:27.536 [info] > git show --textconv :.gitignore [51ms]
2026-09-14 14:23:27.546 [info] > git ls-files --stage -- .gitignore [12ms]
2026-09-14 14:23:27.583 [info] > git cat-file -s e1405bead5bd8b6a5d0ad3d02d6b2245e5a23463 [8ms]
2026-09-14 14:23:56.343 [info] > git config --get commit.template [39ms]
2026-09-14 14:23:56.350 [info] > git for-each-ref --format=%(refname)%00%(upstream:short)%00%(objectname)%00%(upstream:track)%00%(upstream:remotename)%00%(upstream:remoteref) refs/heads/main refs/remotes/main [10ms]
2026-09-14 14:23:56.405 [warning] [Git][revParse] Unable to read file: ENOENT: no such file or directory, open '/home/darren/.config/nvim/neovim/.git/refs/remotes/origin/main'
2026-09-14 14:23:56.440 [info] > git rev-parse refs/remotes/origin/main [34ms]
2026-09-14 14:23:56.646 [info] > git status -z -uall [159ms]
2026-09-14 14:23:56.753 [info] > git for-each-ref --sort -committerdate --format %(refname)%00%(objectname)%00%(*objectname) [163ms]
2026-09-14 14:23:56.830 [info] > git check-ignore -v -z --stdin [97ms]
2026-09-14 14:23:57.067 [info] > git show --textconv :titus-kickstart/LICENSE.md [60ms]
2026-09-14 14:23:57.084 [info] > git ls-files --stage -- titus-kickstart/LICENSE.md [18ms]
2026-09-14 14:23:57.167 [info] > git cat-file -s 9cf106272ac3b56b0c4c80218e8fc10a664ca5f4 [14ms]
2026-09-14 14:23:57.647 [info] > git check-ignore -v -z --stdin [13ms]
2026-09-14 14:24:01.876 [info] > git config --get commit.template [20ms]
2026-09-14 14:24:01.982 [info] > git for-each-ref --format=%(refname)%00%(upstream:short)%00%(objectname)%00%(upstream:track)%00%(upstream:remotename)%00%(upstream:remoteref) refs/heads/main refs/remotes/main [73ms]
2026-09-14 14:24:02.031 [warning] [Git][revParse] Unable to read file: ENOENT: no such file or directory, open '/home/darren/.config/nvim/neovim/.git/refs/remotes/origin/main'
2026-09-14 14:24:02.106 [info] > git rev-parse refs/remotes/origin/main [75ms]
2026-09-14 14:24:02.253 [info] > git status -z -uall [96ms]
2026-09-14 14:24:02.260 [info] > git check-ignore -v -z --stdin [13ms]
2026-09-14 14:24:02.266 [info] > git for-each-ref --sort -committerdate --format %(refname)%00%(objectname)%00%(*objectname) [72ms]
2026-09-14 14:24:02.409 [info] > git show --textconv :titus-kickstart/GUIDE.md [39ms]
2026-09-14 14:24:02.428 [info] > git ls-files --stage -- titus-kickstart/GUIDE.md [22ms]
2026-09-14 14:24:02.468 [info] > git cat-file -s 85d6f2f90b24631892cf72dca85017f369e6de5e [7ms]
2026-09-14 14:24:02.967 [info] > git check-ignore -v -z --stdin [4ms]
2026-09-14 14:24:12.764 [info] > git config --get commit.template [60ms]
2026-09-14 14:24:12.766 [info] > git for-each-ref --format=%(refname)%00%(upstream:short)%00%(objectname)%00%(upstream:track)%00%(upstream:remotename)%00%(upstream:remoteref) refs/heads/main refs/remotes/main [10ms]
2026-09-14 14:24:12.802 [warning] [Git][revParse] Unable to read file: ENOENT: no such file or directory, open '/home/darren/.config/nvim/neovim/.git/refs/remotes/origin/main'
2026-09-14 14:24:12.807 [info] > git rev-parse refs/remotes/origin/main [4ms]
2026-09-14 14:24:12.868 [info] > git status -z -uall [31ms]
2026-09-14 14:24:12.873 [info] > git for-each-ref --sort -committerdate --format %(refname)%00%(objectname)%00%(*objectname) [7ms]
2026-09-14 14:24:14.728 [info] > git check-ignore -v -z --stdin [5ms]
2026-09-14 14:24:14.805 [info] > git show --textconv :titus-kickstart/.stylua.toml [40ms]
2026-09-14 14:24:14.811 [info] > git ls-files --stage -- titus-kickstart/.stylua.toml [9ms]
2026-09-14 14:24:14.849 [info] > git cat-file -s 139e9397d9073a06b077897edc5aba96f99afbc2 [11ms]
2026-09-14 14:24:21.356 [info] > git config --get commit.template [7ms]
2026-09-14 14:24:21.397 [info] > git for-each-ref --format=%(refname)%00%(upstream:short)%00%(objectname)%00%(upstream:track)%00%(upstream:remotename)%00%(upstream:remoteref) refs/heads/main refs/remotes/main [13ms]
2026-09-14 14:24:21.427 [warning] [Git][revParse] Unable to read file: ENOENT: no such file or directory, open '/home/darren/.config/nvim/neovim/.git/refs/remotes/origin/main'
2026-09-14 14:24:21.433 [info] > git rev-parse refs/remotes/origin/main [6ms]
2026-09-14 14:24:21.503 [info] > git status -z -uall [39ms]
2026-09-14 14:24:21.513 [info] > git for-each-ref --sort -committerdate --format %(refname)%00%(objectname)%00%(*objectname) [18ms]
2026-09-14 14:24:21.778 [info] > git check-ignore -v -z --stdin [5ms]
2026-09-14 14:24:21.878 [info] > git show --textconv :titus-kickstart/plugin/ui.lua [43ms]
2026-09-14 14:24:21.885 [info] > git ls-files --stage -- titus-kickstart/plugin/ui.lua [9ms]
2026-09-14 14:24:21.931 [info] > git cat-file -s 5eef05f5bc08430dd3e8359cf9bd34315a72923a [16ms]
2026-09-14 14:24:22.024 [info] > git check-ignore -v -z --stdin [6ms]
2026-09-14 14:24:53.656 [info] > git check-ignore -v -z --stdin [6ms]
2026-09-14 14:24:55.317 [info] > git check-ignore -v -z --stdin [12ms]
2026-09-14 14:24:55.386 [info] > git show --textconv :titus-kickstart/lua/keymaps.lua [30ms]
2026-09-14 14:24:55.391 [info] > git ls-files --stage -- titus-kickstart/lua/keymaps.lua [7ms]
2026-09-14 14:24:55.427 [info] > git cat-file -s fcf06ba5c76f148a7ad2bebccb25e87f97719f29 [9ms]
2026-09-14 14:25:33.515 [info] > git config --get commit.template [48ms]
2026-09-14 14:25:33.526 [info] > git for-each-ref --format=%(refname)%00%(upstream:short)%00%(objectname)%00%(upstream:track)%00%(upstream:remotename)%00%(upstream:remoteref) refs/heads/main refs/remotes/main [16ms]
2026-09-14 14:25:33.560 [warning] [Git][revParse] Unable to read file: ENOENT: no such file or directory, open '/home/darren/.config/nvim/neovim/.git/refs/remotes/origin/main'
2026-09-14 14:25:33.564 [info] > git rev-parse refs/remotes/origin/main [5ms]
2026-09-14 14:25:33.626 [info] > git status -z -uall [35ms]
2026-09-14 14:25:33.631 [info] > git for-each-ref --sort -committerdate --format %(refname)%00%(objectname)%00%(*objectname) [6ms]
2026-09-14 14:25:34.891 [info] > git rev-parse --show-toplevel [25ms]
2026-09-14 14:25:34.891 [info] fatal: not a git repository (or any of the parent directories): .git
2026-09-14 14:27:39.453 [info] > git check-ignore -v -z --stdin [161ms]
2026-09-14 14:27:39.568 [info] > git ls-files --stage -- uca.xml [5ms]
2026-09-14 14:27:39.640 [info] > git show --textconv :uca.xml [115ms]
2026-09-14 14:27:39.640 [info] > git cat-file -s e8012d653f9544d060bf5c79545690e599bd1d46 [47ms]
2026-09-14 14:27:52.038 [info] > git rev-parse --show-toplevel [9ms]
2026-09-14 14:27:52.039 [info] fatal: not a git repository (or any of the parent directories): .git
2026-09-14 14:27:52.971 [info] > git config --get commit.template [34ms]
2026-09-14 14:27:52.973 [info] > git for-each-ref --format=%(refname)%00%(upstream:short)%00%(objectname)%00%(upstream:track)%00%(upstream:remotename)%00%(upstream:remoteref) refs/heads/main refs/remotes/main [10ms]
2026-09-14 14:27:53.006 [warning] [Git][revParse] Unable to read file: ENOENT: no such file or directory, open '/home/darren/.config/nvim/neovim/.git/refs/remotes/origin/main'
2026-09-14 14:27:53.010 [info] > git rev-parse refs/remotes/origin/main [4ms]
2026-09-14 14:27:53.071 [info] > git status -z -uall [33ms]
2026-09-14 14:27:53.076 [info] > git for-each-ref --sort -committerdate --format %(refname)%00%(objectname)%00%(*objectname) [7ms]
2026-09-14 14:27:54.187 [info] > git check-ignore -v -z --stdin [7ms]
2026-09-14 14:27:54.280 [info] > git show --textconv :tinypng [42ms]
2026-09-14 14:27:54.285 [info] > git ls-files --stage -- tinypng [7ms]
2026-09-14 14:27:54.321 [info] > git cat-file -s ff6bba5622202b564a3c83f65050f58550a6a718 [8ms]
2026-09-14 14:28:04.277 [info] > git rev-parse --show-toplevel [11ms]
2026-09-14 14:28:04.277 [info] fatal: not a git repository (or any of the parent directories): .git
2026-09-14 14:28:05.191 [info] > git config --get commit.template [12ms]
2026-09-14 14:28:05.276 [info] > git for-each-ref --format=%(refname)%00%(upstream:short)%00%(objectname)%00%(upstream:track)%00%(upstream:remotename)%00%(upstream:remoteref) refs/heads/main refs/remotes/main [21ms]
2026-09-14 14:28:05.327 [warning] [Git][revParse] Unable to read file: ENOENT: no such file or directory, open '/home/darren/.config/nvim/neovim/.git/refs/remotes/origin/main'
2026-09-14 14:28:05.337 [info] > git rev-parse refs/remotes/origin/main [11ms]
2026-09-14 14:28:05.445 [info] > git status -z -uall [75ms]
2026-09-14 14:28:05.460 [info] > git for-each-ref --sort -committerdate --format %(refname)%00%(objectname)%00%(*objectname) [20ms]
2026-09-14 14:28:15.714 [info] > git rev-parse --show-toplevel [38ms]
2026-09-14 14:28:15.714 [info] fatal: not a git repository (or any of the parent directories): .git
2026-09-14 14:28:40.757 [info] > git rev-parse --show-toplevel [8ms]
2026-09-14 14:28:40.757 [info] fatal: not a git repository (or any of the parent directories): .git
2026-09-14 14:28:41.276 [info] > git check-ignore -v -z --stdin [32ms]
2026-09-14 14:28:42.082 [info] > git show --textconv :titus-kickstart/plugin/completion.lua [73ms]
2026-09-14 14:28:42.096 [info] > git ls-files --stage -- titus-kickstart/plugin/completion.lua [19ms]
2026-09-14 14:28:42.195 [info] > git cat-file -s 7f60e61d119c6197ed570d095904466b16faae13 [22ms]
2026-09-14 14:28:50.381 [info] > git rev-parse --show-toplevel [5ms]
2026-09-14 14:28:50.381 [info] fatal: not a git repository (or any of the parent directories): .git
2026-09-14 14:28:54.264 [info] > git rev-parse --show-toplevel [8ms]
2026-09-14 14:28:54.264 [info] fatal: not a git repository (or any of the parent directories): .git
2026-09-14 14:28:55.027 [info] > git check-ignore -v -z --stdin [25ms]
2026-09-14 14:28:55.487 [info] > git show --textconv :titus-kickstart/plugin/editor.lua [81ms]
2026-09-14 14:28:55.520 [info] > git ls-files --stage -- titus-kickstart/plugin/editor.lua [33ms]
2026-09-14 14:28:55.593 [info] > git cat-file -s 6d5230da43f0aec11e3dd6efaa86caf6e1764c0e [10ms]
2026-09-14 14:29:00.645 [info] > git rev-parse --show-toplevel [6ms]
2026-09-14 14:29:00.645 [info] fatal: not a git repository (or any of the parent directories): .git
2026-09-14 14:29:05.093 [info] > git rev-parse --show-toplevel [12ms]
2026-09-14 14:29:05.093 [info] fatal: not a git repository (or any of the parent directories): .git
2026-09-14 14:29:05.760 [info] > git check-ignore -v -z --stdin [26ms]
2026-09-14 14:29:06.443 [info] > git show --textconv :titus-kickstart/plugin/lsp.lua [56ms]
2026-09-14 14:29:06.933 [info] > git ls-files --stage -- titus-kickstart/plugin/lsp.lua [491ms]
2026-09-14 14:29:06.968 [info] > git cat-file -s 871dd04adc7df85154831395f91617b5b5a4e411 [5ms]
2026-09-14 14:29:11.330 [info] > git rev-parse --show-toplevel [8ms]
2026-09-14 14:29:11.330 [info] fatal: not a git repository (or any of the parent directories): .git
2026-09-14 14:29:17.578 [info] > git rev-parse --show-toplevel [10ms]
2026-09-14 14:29:17.578 [info] fatal: not a git repository (or any of the parent directories): .git
2026-09-14 14:29:18.739 [info] > git check-ignore -v -z --stdin [8ms]
2026-09-14 14:29:18.854 [info] > git show --textconv :titus-kickstart/plugin/ui.lua [42ms]
2026-09-14 14:29:18.860 [info] > git ls-files --stage -- titus-kickstart/plugin/ui.lua [9ms]
2026-09-14 14:29:18.907 [info] > git cat-file -s 5eef05f5bc08430dd3e8359cf9bd34315a72923a [13ms]
2026-09-14 14:29:24.700 [info] > git rev-parse --show-toplevel [6ms]
2026-09-14 14:29:24.700 [info] fatal: not a git repository (or any of the parent directories): .git
2026-09-14 14:29:31.950 [info] > git config --get commit.template [38ms]
2026-09-14 14:29:31.952 [info] > git for-each-ref --format=%(refname)%00%(upstream:short)%00%(objectname)%00%(upstream:track)%00%(upstream:remotename)%00%(upstream:remoteref) refs/heads/main refs/remotes/main [8ms]
2026-09-14 14:29:31.986 [warning] [Git][revParse] Unable to read file: ENOENT: no such file or directory, open '/home/darren/.config/nvim/neovim/.git/refs/remotes/origin/main'
2026-09-14 14:29:31.995 [info] > git rev-parse refs/remotes/origin/main [8ms]
2026-09-14 14:29:32.074 [info] > git status -z -uall [40ms]
2026-09-14 14:29:32.079 [info] > git for-each-ref --sort -committerdate --format %(refname)%00%(objectname)%00%(*objectname) [10ms]
2026-09-14 14:29:41.932 [info] > git check-ignore -v -z --stdin [4ms]
2026-09-14 14:29:44.134 [info] > git check-ignore -v -z --stdin [6ms]
2026-09-14 14:29:44.205 [info] > git show --textconv :titus-kickstart/doc/tags [35ms]
2026-09-14 14:29:44.211 [info] > git ls-files --stage -- titus-kickstart/doc/tags [9ms]
2026-09-14 14:29:44.243 [info] > git cat-file -s 687ae7721d9d7d6832bb823224d0290e6314656d [5ms]
2026-09-14 14:29:53.036 [info] > git check-ignore -v -z --stdin [13ms]
2026-09-14 14:29:53.127 [info] > git show --textconv :titus-kickstart/init.lua [36ms]
2026-09-14 14:29:53.137 [info] > git ls-files --stage -- titus-kickstart/init.lua [11ms]
2026-09-14 14:29:53.177 [info] > git cat-file -s 410fab0518c942dd288e51db943c68fbcfaabc04 [9ms]
2026-09-14 14:29:56.304 [info] > git check-ignore -v -z --stdin [11ms]
2026-09-14 14:29:56.379 [info] > git show --textconv :.markdownlint-cli2.yaml [42ms]
2026-09-14 14:29:56.386 [info] > git ls-files --stage -- .markdownlint-cli2.yaml [13ms]
2026-09-14 14:29:56.425 [info] > git cat-file -s 7745723380ccba90f9d69699c6372e8283ef2069 [9ms]
2026-09-14 14:30:06.852 [info] > git check-ignore -v -z --stdin [5ms]
2026-09-14 14:30:06.945 [info] > git show --textconv :setup.sh [56ms]
2026-09-14 14:30:06.951 [info] > git ls-files --stage -- setup.sh [8ms]
2026-09-14 14:30:06.981 [info] > git cat-file -s 8625d9034ce586c2d003d50e1b3b4ddedc3210eb [6ms]
2026-09-14 14:30:28.150 [info] > git check-ignore -v -z --stdin [4ms]
2026-09-14 14:30:30.891 [info] > git config --get commit.template [43ms]
2026-09-14 14:30:30.893 [info] > git for-each-ref --format=%(refname)%00%(upstream:short)%00%(objectname)%00%(upstream:track)%00%(upstream:remotename)%00%(upstream:remoteref) refs/heads/main refs/remotes/main [4ms]
2026-09-14 14:30:30.917 [warning] [Git][revParse] Unable to read file: ENOENT: no such file or directory, open '/home/darren/.config/nvim/neovim/.git/refs/remotes/origin/main'
2026-09-14 14:30:30.921 [info] > git rev-parse refs/remotes/origin/main [4ms]
2026-09-14 14:30:30.973 [info] > git status -z -uall [28ms]
2026-09-14 14:30:30.981 [info] > git for-each-ref --sort -committerdate --format %(refname)%00%(objectname)%00%(*objectname) [9ms]
2026-09-14 14:30:36.053 [info] > git config --get commit.template [28ms]
2026-09-14 14:30:36.056 [info] > git for-each-ref --format=%(refname)%00%(upstream:short)%00%(objectname)%00%(upstream:track)%00%(upstream:remotename)%00%(upstream:remoteref) refs/heads/main refs/remotes/main [6ms]
2026-09-14 14:30:36.080 [warning] [Git][revParse] Unable to read file: ENOENT: no such file or directory, open '/home/darren/.config/nvim/neovim/.git/refs/remotes/origin/main'
2026-09-14 14:30:36.084 [info] > git rev-parse refs/remotes/origin/main [4ms]
2026-09-14 14:30:36.138 [info] > git status -z -uall [29ms]
2026-09-14 14:30:36.142 [info] > git for-each-ref --sort -committerdate --format %(refname)%00%(objectname)%00%(*objectname) [6ms]
2026-09-14 14:30:41.729 [info] > git config --get commit.template [28ms]
2026-09-14 14:30:41.732 [info] > git for-each-ref --format=%(refname)%00%(upstream:short)%00%(objectname)%00%(upstream:track)%00%(upstream:remotename)%00%(upstream:remoteref) refs/heads/main refs/remotes/main [6ms]
2026-09-14 14:30:41.759 [warning] [Git][revParse] Unable to read file: ENOENT: no such file or directory, open '/home/darren/.config/nvim/neovim/.git/refs/remotes/origin/main'
2026-09-14 14:30:41.764 [info] > git rev-parse refs/remotes/origin/main [5ms]
2026-09-14 14:30:41.835 [info] > git status -z -uall [40ms]
2026-09-14 14:30:41.840 [info] > git for-each-ref --sort -committerdate --format %(refname)%00%(objectname)%00%(*objectname) [7ms]
2026-09-14 14:30:46.884 [warning] [Git][getHEAD] Failed to parse HEAD file: ENOENT: no such file or directory, open '/home/darren/.config/nvim/neovim/.git/HEAD'
2026-09-14 14:30:47.173 [warning] [Git][getRemotes] Error: ENOENT: no such file or directory, open '/home/darren/.config/nvim/neovim/.git/config'
2026-09-14 14:30:47.296 [warning] [Git][getHEAD] Failed to parse HEAD file: ENOENT: no such file or directory, open '/home/darren/.config/nvim/neovim/.git/HEAD'
2026-09-14 14:30:47.379 [warning] [Git][getRemotes] Error: ENOENT: no such file or directory, open '/home/darren/.config/nvim/neovim/.git/config'
