2026-09-15 07:56:10.840 [info] Reading sessions from keychain...
2026-09-15 07:56:10.840 [info] Getting sessions for all scopes...
2026-09-15 07:56:34.300 [info] Got 0 sessions for all scopes...
2026-09-15 07:56:34.300 [info] Getting sessions for all scopes...
2026-09-15 07:56:34.300 [info] Got 0 sessions for all scopes...
2026-09-15 07:56:34.301 [info] Getting sessions for all scopes...
2026-09-15 07:56:34.301 [info] Got 0 sessions for all scopes...
2026-09-15 07:56:34.301 [info] Getting sessions for all scopes...
2026-09-15 07:56:34.302 [info] Got 0 sessions for all scopes...
2026-09-15 07:56:34.303 [info] Getting sessions for read:user,user:email...
2026-09-15 07:56:34.303 [info] Got 0 sessions for read:user,user:email...
2026-09-15 07:56:34.303 [info] Getting sessions for all scopes...
2026-09-15 07:56:34.304 [info] Got 0 sessions for all scopes...
2026-09-15 07:56:34.304 [info] Getting sessions for user:email...
2026-09-15 07:56:34.304 [info] Got 0 sessions for user:email...
2026-09-15 07:56:34.304 [info] Getting sessions for all scopes...
2026-09-15 07:56:34.304 [info] Got 0 sessions for all scopes...
2026-09-15 07:56:34.305 [info] Getting sessions for read:user,user:email...
2026-09-15 07:56:34.305 [info] Got 0 sessions for read:user,user:email...
2026-09-15 07:56:34.306 [info] Getting sessions for read:user,user:email...
2026-09-15 07:56:34.306 [info] Got 0 sessions for read:user,user:email...
2026-09-15 07:56:34.306 [info] Getting sessions for read:user,user:email...
2026-09-15 07:56:34.306 [info] Got 0 sessions for read:user,user:email...
2026-09-15 07:56:34.306 [info] Getting sessions for read:user,user:email...
2026-09-15 07:56:34.307 [info] Got 0 sessions for read:user,user:email...
2026-09-15 07:56:34.307 [info] Getting sessions for read:user,user:email...
2026-09-15 07:56:34.307 [info] Got 0 sessions for read:user,user:email...
2026-09-15 07:56:34.307 [info] Getting sessions for read:user,user:email...
2026-09-15 07:56:34.308 [info] Got 0 sessions for read:user,user:email...
2026-09-15 07:56:34.308 [info] Getting sessions for read:user,user:email...
2026-09-15 07:56:34.308 [info] Got 0 sessions for read:user,user:email...
2026-09-15 07:56:34.309 [info] Getting sessions for read:user,user:email...
2026-09-15 07:56:34.309 [info] Got 0 sessions for read:user,user:email...
2026-09-15 07:56:34.309 [info] Getting sessions for all scopes...
2026-09-15 07:56:34.309 [info] Got 0 sessions for all scopes...
2026-09-15 07:56:34.310 [info] Getting sessions for all scopes...
2026-09-15 07:56:34.310 [info] Got 0 sessions for all scopes...
2026-09-15 07:56:34.310 [info] Getting sessions for all scopes...
2026-09-15 07:56:34.310 [info] Got 0 sessions for all scopes...
2026-09-15 07:56:52.185 [info] Getting sessions for all scopes...
2026-09-15 07:56:52.244 [info] Got 0 sessions for all scopes...
2026-09-15 07:56:52.245 [info] Getting sessions for all scopes...
2026-09-15 07:56:52.245 [info] Got 0 sessions for all scopes...
2026-09-15 07:56:52.247 [info] Getting sessions for all scopes...
2026-09-15 07:56:52.248 [info] Got 0 sessions for all scopes...
2026-09-15 07:56:52.250 [info] Getting sessions for all scopes...
2026-09-15 07:56:52.250 [info] Got 0 sessions for all scopes...
2026-09-15 07:56:52.251 [info] Getting sessions for all scopes...
2026-09-15 07:56:52.252 [info] Got 0 sessions for all scopes...
2026-09-15 07:56:52.253 [info] Getting sessions for all scopes...
2026-09-15 07:56:52.253 [info] Got 0 sessions for all scopes...
2026-09-15 07:56:52.254 [info] Getting sessions for all scopes...
2026-09-15 07:56:52.254 [info] Got 0 sessions for all scopes...
2026-09-15 07:56:52.256 [info] Getting sessions for all scopes...
2026-09-15 07:56:52.256 [info] Got 0 sessions for all scopes...
2026-09-15 07:56:52.257 [info] Getting sessions for all scopes...
2026-09-15 07:56:52.257 [info] Got 0 sessions for all scopes...
2026-09-15 07:56:52.258 [info] Getting sessions for all scopes...
2026-09-15 07:56:52.258 [info] Got 0 sessions for all scopes...
2026-09-15 07:56:53.330 [info] Getting sessions for repo...
2026-09-15 07:56:53.331 [info] Got 0 sessions for repo...
2026-09-15 07:56:53.332 [info] Getting sessions for repo...
2026-09-15 07:56:53.332 [info] Got 0 sessions for repo...
2026-09-15 07:56:53.332 [info] Getting sessions for repo...
2026-09-15 07:56:53.333 [info] Got 0 sessions for repo...
2026-09-15 07:56:53.333 [info] Getting sessions for repo...
2026-09-15 07:56:53.333 [info] Got 0 sessions for repo...
2026-09-15 07:56:53.334 [info] Getting sessions for repo...
2026-09-15 07:56:53.334 [info] Got 0 sessions for repo...
2026-09-15 07:56:53.335 [info] Getting sessions for repo...
2026-09-15 07:56:53.335 [info] Got 0 sessions for repo...
2026-09-15 07:56:53.336 [info] Getting sessions for repo...
2026-09-15 07:56:53.336 [info] Got 0 sessions for repo...
2026-09-15 07:56:53.337 [info] Getting sessions for repo...
2026-09-15 07:56:53.337 [info] Got 0 sessions for repo...
2026-09-15 07:56:53.338 [info] Getting sessions for repo...
2026-09-15 07:56:53.338 [info] Got 0 sessions for repo...
2026-09-15 07:56:53.414 [info] Getting sessions for all scopes...
2026-09-15 07:56:53.421 [info] Got 0 sessions for all scopes...
2026-09-15 07:56:53.553 [info] Getting sessions for all scopes...
2026-09-15 07:56:53.560 [info] Got 0 sessions for all scopes...
2026-09-15 07:56:53.578 [info] Getting sessions for all scopes...
2026-09-15 07:56:53.579 [info] Got 0 sessions for all scopes...
2026-09-15 07:56:53.579 [info] Getting sessions for all scopes...
2026-09-15 07:56:53.579 [info] Got 0 sessions for all scopes...
2026-09-15 07:56:53.580 [info] Getting sessions for all scopes...
2026-09-15 07:56:53.580 [info] Got 0 sessions for all scopes...
2026-09-15 07:56:53.602 [info] Getting sessions for all scopes...
2026-09-15 07:56:53.602 [info] Got 0 sessions for all scopes...
2026-09-15 07:56:53.603 [info] Getting sessions for all scopes...
2026-09-15 07:56:53.603 [info] Got 0 sessions for all scopes...
2026-09-15 07:56:53.604 [info] Getting sessions for all scopes...
2026-09-15 07:56:53.604 [info] Got 0 sessions for all scopes...
2026-09-15 07:56:53.618 [info] Getting sessions for all scopes...
2026-09-15 07:56:53.618 [info] Got 0 sessions for all scopes...
2026-09-15 07:56:53.619 [info] Getting sessions for user:email...
2026-09-15 07:56:53.619 [info] Got 0 sessions for user:email...
2026-09-15 07:56:53.620 [info] Getting sessions for read:user,repo,user:email,workflow...
2026-09-15 07:56:53.620 [info] Got 0 sessions for read:user,repo,user:email,workflow...
2026-09-15 07:56:54.732 [info] Getting sessions for read:user,user:email...
2026-09-15 07:56:54.732 [info] Got 0 sessions for read:user,user:email...
2026-09-15 07:56:54.738 [info] Getting sessions for read:user,user:email...
2026-09-15 07:56:54.738 [info] Got 0 sessions for read:user,user:email...
2026-09-15 07:56:54.739 [info] Getting sessions for read:user,user:email...
2026-09-15 07:56:54.739 [info] Got 0 sessions for read:user,user:email...
2026-09-15 07:56:54.740 [info] Getting sessions for read:user,user:email...
2026-09-15 07:56:54.740 [info] Got 0 sessions for read:user,user:email...
2026-09-15 07:56:54.743 [info] Getting sessions for read:user,user:email...
2026-09-15 07:56:54.743 [info] Got 0 sessions for read:user,user:email...
2026-09-15 07:56:54.744 [info] Getting sessions for read:user,user:email...
2026-09-15 07:56:54.745 [info] Got 0 sessions for read:user,user:email...
2026-09-15 07:56:54.746 [info] Getting sessions for read:user,user:email...
2026-09-15 07:56:54.746 [info] Got 0 sessions for read:user,user:email...
2026-09-15 07:56:54.747 [info] Getting sessions for read:user,user:email...
2026-09-15 07:56:54.747 [info] Got 0 sessions for read:user,user:email...
2026-09-15 07:56:54.749 [info] Getting sessions for read:user,user:email...
2026-09-15 07:56:54.749 [info] Got 0 sessions for read:user,user:email...
2026-09-15 07:56:54.789 [info] Getting sessions for user:email...
2026-09-15 07:56:54.790 [info] Got 0 sessions for user:email...
2026-09-15 07:56:54.791 [info] Getting sessions for read:user,user:email...
2026-09-15 07:56:54.792 [info] Got 0 sessions for read:user,user:email...
2026-09-15 07:56:57.020 [info] Getting sessions for all scopes...
2026-09-15 07:56:57.021 [info] Got 0 sessions for all scopes...
2026-09-15 07:56:57.024 [info] Getting sessions for all scopes...
2026-09-15 07:56:57.024 [info] Got 0 sessions for all scopes...
2026-09-15 07:56:57.025 [info] Getting sessions for all scopes...
2026-09-15 07:56:57.025 [info] Got 0 sessions for all scopes...
2026-09-15 07:56:57.028 [info] Getting sessions for all scopes...
2026-09-15 07:56:57.029 [info] Got 0 sessions for all scopes...
2026-09-15 07:56:57.029 [info] Getting sessions for all scopes...
2026-09-15 07:56:57.030 [info] Got 0 sessions for all scopes...
2026-09-15 07:56:57.030 [info] Getting sessions for all scopes...
2026-09-15 07:56:57.030 [info] Got 0 sessions for all scopes...
2026-09-15 07:56:57.032 [info] Getting sessions for all scopes...
2026-09-15 07:56:57.032 [info] Got 0 sessions for all scopes...
2026-09-15 07:56:57.034 [info] Getting sessions for all scopes...
2026-09-15 07:56:57.034 [info] Got 0 sessions for all scopes...
2026-09-15 07:56:57.038 [info] Getting sessions for all scopes...
2026-09-15 07:56:57.038 [info] Got 0 sessions for all scopes...
2026-09-15 07:56:57.048 [info] Getting sessions for all scopes...
2026-09-15 07:56:57.049 [info] Got 0 sessions for all scopes...
2026-09-15 07:56:57.298 [info] Getting sessions for repo...
2026-09-15 07:56:57.298 [info] Got 0 sessions for repo...
2026-09-15 07:56:57.305 [info] Getting sessions for repo...
2026-09-15 07:56:57.305 [info] Got 0 sessions for repo...
2026-09-15 07:56:57.306 [info] Getting sessions for repo...
2026-09-15 07:56:57.306 [info] Got 0 sessions for repo...
2026-09-15 07:56:57.307 [info] Getting sessions for repo...
2026-09-15 07:56:57.307 [info] Got 0 sessions for repo...
2026-09-15 07:56:57.308 [info] Getting sessions for repo...
2026-09-15 07:56:57.308 [info] Got 0 sessions for repo...
2026-09-15 07:56:57.310 [info] Getting sessions for repo...
2026-09-15 07:56:57.310 [info] Got 0 sessions for repo...
2026-09-15 07:56:57.311 [info] Getting sessions for repo...
2026-09-15 07:56:57.311 [info] Got 0 sessions for repo...
2026-09-15 07:56:57.316 [info] Getting sessions for repo...
2026-09-15 07:56:57.316 [info] Got 0 sessions for repo...
2026-09-15 07:56:57.317 [info] Getting sessions for repo...
2026-09-15 07:56:57.317 [info] Got 0 sessions for repo...
2026-09-15 07:56:57.318 [info] Getting sessions for all scopes...
2026-09-15 07:56:57.318 [info] Got 0 sessions for all scopes...
2026-09-15 07:56:57.322 [info] Getting sessions for all scopes...
2026-09-15 07:56:57.322 [info] Got 0 sessions for all scopes...
2026-09-15 07:56:57.323 [info] Getting sessions for repo...
2026-09-15 07:56:57.323 [info] Got 0 sessions for repo...
2026-09-15 07:57:01.254 [info] Getting sessions for all scopes...
2026-09-15 07:57:01.254 [info] Got 0 sessions for all scopes...
2026-09-15 07:57:01.259 [info] Getting sessions for all scopes...
2026-09-15 07:57:01.259 [info] Got 0 sessions for all scopes...
2026-09-15 07:57:01.260 [info] Getting sessions for all scopes...
2026-09-15 07:57:01.260 [info] Got 0 sessions for all scopes...
2026-09-15 07:57:01.260 [info] Getting sessions for all scopes...
2026-09-15 07:57:01.260 [info] Got 0 sessions for all scopes...
2026-09-15 07:57:01.277 [info] Getting sessions for all scopes...
2026-09-15 07:57:01.277 [info] Got 0 sessions for all scopes...
2026-09-15 07:57:01.281 [info] Getting sessions for all scopes...
2026-09-15 07:57:01.282 [info] Got 0 sessions for all scopes...
2026-09-15 07:57:01.282 [info] Getting sessions for all scopes...
2026-09-15 07:57:01.283 [info] Got 0 sessions for all scopes...
2026-09-15 07:57:01.283 [info] Getting sessions for all scopes...
2026-09-15 07:57:01.283 [info] Got 0 sessions for all scopes...
2026-09-15 07:57:01.284 [info] Getting sessions for all scopes...
2026-09-15 07:57:01.284 [info] Got 0 sessions for all scopes...
2026-09-15 07:57:01.296 [info] Getting sessions for all scopes...
2026-09-15 07:57:01.296 [info] Got 0 sessions for all scopes...
2026-09-15 07:57:01.352 [info] Getting sessions for user:email...
2026-09-15 07:57:01.353 [info] Got 0 sessions for user:email...
2026-09-15 07:57:01.415 [info] Getting sessions for read:user,user:email...
2026-09-15 07:57:01.416 [info] Got 0 sessions for read:user,user:email...
2026-09-15 07:57:01.517 [info] Getting sessions for all scopes...
2026-09-15 07:57:01.517 [info] Got 0 sessions for all scopes...
2026-09-15 07:57:01.518 [info] Getting sessions for user:email...
2026-09-15 07:57:01.518 [info] Got 0 sessions for user:email...
2026-09-15 07:57:01.519 [info] Getting sessions for all scopes...
2026-09-15 07:57:01.519 [info] Got 0 sessions for all scopes...
2026-09-15 07:57:01.545 [info] Getting sessions for repo...
2026-09-15 07:57:01.545 [info] Got 0 sessions for repo...
2026-09-15 07:57:01.549 [info] Getting sessions for all scopes...
2026-09-15 07:57:01.549 [info] Got 0 sessions for all scopes...
2026-09-15 07:57:01.550 [info] Getting sessions for read:user,repo,user:email,workflow...
2026-09-15 07:57:01.550 [info] Got 0 sessions for read:user,repo,user:email,workflow...
2026-09-15 07:57:01.552 [info] Getting sessions for all scopes...
2026-09-15 07:57:01.552 [info] Got 0 sessions for all scopes...
2026-09-15 07:57:01.565 [info] Getting sessions for all scopes...
2026-09-15 07:57:01.565 [info] Got 0 sessions for all scopes...
2026-09-15 07:57:01.566 [info] Getting sessions for user:email...
2026-09-15 07:57:01.566 [info] Got 0 sessions for user:email...
2026-09-15 07:57:01.582 [info] Getting sessions for read:user,repo,user:email,workflow...
2026-09-15 07:57:01.582 [info] Got 0 sessions for read:user,repo,user:email,workflow...
2026-09-15 07:57:01.585 [info] Getting sessions for all scopes...
2026-09-15 07:57:01.585 [info] Got 0 sessions for all scopes...
2026-09-15 07:57:01.596 [info] Getting sessions for user:email...
2026-09-15 07:57:01.597 [info] Got 0 sessions for user:email...
2026-09-15 07:57:01.664 [info] Getting sessions for all scopes...
2026-09-15 07:57:01.664 [info] Got 0 sessions for all scopes...
2026-09-15 07:57:01.672 [info] Getting sessions for user:email...
2026-09-15 07:57:01.672 [info] Got 0 sessions for user:email...
