resolving dependencies...
looking for conflicting packages...

Packages (2) oniguruma-6.9.10-1  yazi-26.9.1-2

Total Download Size:    9.51 MiB
Total Installed Size:  35.02 MiB

:: Proceed with installation? [Y/n] 
:: Retrieving packages...
 yazi-26.9.1-2-x86_64 downloading...
 oniguruma-6.9.10-1-x86_64 downloading...
checking keyring...
checking package integrity...
loading package files...
checking for file conflicts...
checking available disk space...
:: Processing package changes...
installing oniguruma...
installing yazi...
Optional dependencies for yazi
    ttf-font-nerd: for icons
    ffmpeg: for video thumbnails [installed]
    7zip: for archive extraction and preview
    jq: for JSON preview
    poppler: for PDF preview [installed]
    fd: for file searching
    ripgrep: for file content searching [installed]
    fzf: for quick file subtree navigation
    zoxide: for historical directories navigation
    resvg: for SVG preview
    imagemagick: for image and font preview [installed]
    xclip: for X11 clipboard support
    xsel: for X11 clipboard support
    wl-clipboard: for Wayland clipboard support
    chafa: for ASCII image preview as fallback
    git: for Yazi package management [installed]
:: Running post-transaction hooks...
(1/3) Arming ConditionNeedsUpdate...
(2/3) Updating icon theme caches...
(3/3) Updating the desktop file MIME type cache...
