[34m[INFO](B[m Package cachyos-hyprland-settings not installed, skipping.
[34m[INFO](B[m Package mako not installed, skipping.
[34m[INFO](B[m Package wallust-git not installed, skipping.
[34m[INFO](B[m Package rofi-lbonn-wayland not installed, skipping.
[34m[INFO](B[m Package rofi-lbonn-wayland-git not installed, skipping.
[33m[NOTE](B[m - Installing [36mwallust 3.5.2(B[m from bundled tarball... 
==> WARNING: A package has already been built, installing existing package...
==> Installing package wallust with pacman -U...
loading packages...
resolving dependencies...
looking for conflicting packages...

Package (1)  New Version  Net Change

wallust      3.5.2-1        5.59 MiB

Total Installed Size:  5.59 MiB

:: Proceed with installation? [Y/n] 
checking keyring...
checking package integrity...
loading package files...
checking for file conflicts...
checking available disk space...
:: Processing package changes...
installing wallust...
Optional dependencies for wallust
    imagemagick [installed]
:: Running post-transaction hooks...
(1/1) Arming ConditionNeedsUpdate...
[32m[OK](B[m wallust [33m3.5.2(B[m installed successfully.
[32m[OK](B[m wallust pinned in [33m/etc/pacman.conf(B[m via IgnorePkg.
