Sync Explicit (1): hypridle-0.1.8-2
resolving dependencies...
looking for conflicting packages...

Package (2)      New Version  Net Change  Download Size

extra/sdbus-cpp  2.3.1-1        0.93 MiB       0.25 MiB
extra/hypridle   0.1.8-2        0.27 MiB       0.11 MiB

Total Download Size:   0.36 MiB
Total Installed Size:  1.20 MiB

:: Proceed with installation? [Y/n] 
:: Retrieving packages...
 sdbus-cpp-2.3.1-1-x86_64 downloading...
 hypridle-0.1.8-2-x86_64 downloading...
checking keyring...
checking package integrity...
loading package files...
checking for file conflicts...
checking available disk space...
:: Processing package changes...
installing sdbus-cpp...
installing hypridle...
:: Running post-transaction hooks...
(1/2) Reloading user manager configuration...
(2/2) Arming ConditionNeedsUpdate...
Sync Explicit (1): hyprlock-0.9.6-3
resolving dependencies...
looking for conflicting packages...

Package (1)     New Version  Net Change  Download Size

extra/hyprlock  0.9.6-3        0.82 MiB       0.30 MiB

Total Download Size:   0.30 MiB
Total Installed Size:  0.82 MiB

:: Proceed with installation? [Y/n] 
:: Retrieving packages...
 hyprlock-0.9.6-3-x86_64 downloading...
checking keyring...
checking package integrity...
loading package files...
checking for file conflicts...
checking available disk space...
:: Processing package changes...
installing hyprlock...
:: Running post-transaction hooks...
(1/1) Arming ConditionNeedsUpdate...
