[34m[INFO](B[m Package cachyos-hyprland-settings not installed, skipping.
[34m[INFO](B[m Package mako not installed, skipping.
[34m[INFO](B[m Package wallust-git not installed, skipping.
[34m[INFO](B[m Package rofi-lbonn-wayland not installed, skipping.
[34m[INFO](B[m Package rofi-lbonn-wayland-git not installed, skipping.
Sync Explicit (1): bc-1.08.2-1
resolving dependencies...
looking for conflicting packages...

Package (1)  New Version  Net Change  Download Size

extra/bc     1.08.2-1       0.17 MiB       0.09 MiB

Total Download Size:   0.09 MiB
Total Installed Size:  0.17 MiB

:: Proceed with installation? [Y/n] 
:: Retrieving packages...
 bc-1.08.2-1-x86_64 downloading...
checking keyring...
checking package integrity...
loading package files...
checking for file conflicts...
checking available disk space...
:: Processing package changes...
installing bc...
:: Running post-transaction hooks...
(1/2) Arming ConditionNeedsUpdate...
(2/2) Updating the info directory file...
Sync Explicit (1): cliphist-1:0.7.0-2
resolving dependencies...
looking for conflicting packages...

Package (2)         New Version  Net Change  Download Size

extra/wl-clipboard  1:2.3.0-1      0.10 MiB       0.03 MiB
extra/cliphist      1:0.7.0-2      2.31 MiB       0.87 MiB

Total Download Size:   0.90 MiB
Total Installed Size:  2.41 MiB

:: Proceed with installation? [Y/n] 
:: Retrieving packages...
 cliphist-1:0.7.0-2-x86_64 downloading...
 wl-clipboard-1:2.3.0-1-x86_64 downloading...
checking keyring...
checking package integrity...
loading package files...
checking for file conflicts...
checking available disk space...
:: Processing package changes...
installing wl-clipboard...
Optional dependencies for wl-clipboard
    xdg-utils: for content type inference in wl-copy [installed]
    mailcap: for type inference in wl-paste [installed]
installing cliphist...
Optional dependencies for cliphist
    xdg-utils: image and mime inferance [installed]
:: Running post-transaction hooks...
(1/2) Reloading user manager configuration...
(2/2) Arming ConditionNeedsUpdate...
Sync Explicit (1): grim-1.5.0-2
resolving dependencies...
looking for conflicting packages...

Package (1)  New Version  Net Change  Download Size

extra/grim   1.5.0-2        0.04 MiB       0.02 MiB

Total Download Size:   0.02 MiB
Total Installed Size:  0.04 MiB

:: Proceed with installation? [Y/n] 
:: Retrieving packages...
 grim-1.5.0-2-x86_64 downloading...
checking keyring...
checking package integrity...
loading package files...
checking for file conflicts...
checking available disk space...
:: Processing package changes...
installing grim...
:: Running post-transaction hooks...
(1/1) Arming ConditionNeedsUpdate...
Sync Explicit (1): gvfs-1.60.2-4
resolving dependencies...
looking for conflicting packages...

Package (3)   New Version  Net Change  Download Size

extra/gcr-4   4.4.0.1-1      3.00 MiB       0.53 MiB
core/openssh  10.5p1-1       6.75 MiB       1.42 MiB
extra/gvfs    1.60.2-4       5.26 MiB       0.95 MiB

Total Download Size:    2.91 MiB
Total Installed Size:  15.01 MiB

:: Proceed with installation? [Y/n] 
:: Retrieving packages...
 openssh-10.5p1-1-x86_64 downloading...
 gvfs-1.60.2-4-x86_64 downloading...
 gcr-4-4.4.0.1-1-x86_64 downloading...
checking keyring...
checking package integrity...
loading package files...
checking for file conflicts...
checking available disk space...
:: Processing package changes...
installing openssh...
Optional dependencies for openssh
    libfido2: FIDO/U2F support [installed]
    sh: for ssh-copy-id and findssl.sh [installed]
    x11-ssh-askpass: input passphrase in X [installed]
    xorg-xauth: X11 forwarding [installed]
installing gcr-4...
Optional dependencies for gcr-4
    gtk4: gcr-viewer-gtk4
installing gvfs...
Optional dependencies for gvfs
    gvfs-afc: AFC support (Apple mobile devices)
    gvfs-dnssd: DNS-SD and WebDAV support (macOS file sharing)
    gvfs-goa: Gnome Online Accounts support (e.g. OwnCloud)
    gvfs-gphoto2: gphoto2 support (PTP camera, MTP media player)
    gvfs-mtp: MTP support (Android, media player)
    gvfs-nfs: NFS support
    gvfs-onedrive: Microsoft OneDrive support
    gvfs-smb: SMB/CIFS support (Windows file sharing)
    gvfs-wsdd: Web Services Dynamic Discovery support (Windows discovery)
:: Running post-transaction hooks...
(1/7) Creating temporary files...
(2/7) Reloading system manager configuration...
(3/7) Reloading user manager configuration...
(4/7) Arming ConditionNeedsUpdate...
(5/7) Updating GIO module cache...
(6/7) Compiling GSettings XML schema files...
(7/7) Reloading GVFS config...
Sync Explicit (1): gvfs-mtp-1.60.2-4
resolving dependencies...
looking for conflicting packages...

Package (1)     New Version  Net Change  Download Size

extra/gvfs-mtp  1.60.2-4       0.15 MiB       0.05 MiB

Total Download Size:   0.05 MiB
Total Installed Size:  0.15 MiB

:: Proceed with installation? [Y/n] 
:: Retrieving packages...
 gvfs-mtp-1.60.2-4-x86_64 downloading...
checking keyring...
checking package integrity...
loading package files...
checking for file conflicts...
checking available disk space...
:: Processing package changes...
installing gvfs-mtp...
:: Running post-transaction hooks...
(1/3) Reloading user manager configuration...
(2/3) Arming ConditionNeedsUpdate...
(3/3) Reloading GVFS config...
Sync Explicit (1): hyprpolkitagent-0.1.3-10
resolving dependencies...
looking for conflicting packages...

Package (2)                New Version  Net Change  Download Size

extra/hyprland-qt-support  0.1.0-14       0.45 MiB       0.09 MiB
extra/hyprpolkitagent      0.1.3-10       0.21 MiB       0.08 MiB

Total Download Size:   0.17 MiB
Total Installed Size:  0.66 MiB

:: Proceed with installation? [Y/n] 
:: Retrieving packages...
 hyprland-qt-support-0.1.0-14-x86_64 downloading...
 hyprpolkitagent-0.1.3-10-x86_64 downloading...
checking keyring...
checking package integrity...
loading package files...
checking for file conflicts...
checking available disk space...
:: Processing package changes...
installing hyprland-qt-support...
installing hyprpolkitagent...
:: Running post-transaction hooks...
(1/2) Reloading user manager configuration...
(2/2) Arming ConditionNeedsUpdate...
Sync Explicit (1): hyprsunset-0.4.0-3
resolving dependencies...
looking for conflicting packages...

Package (1)       New Version  Net Change  Download Size

extra/hyprsunset  0.4.0-3        0.26 MiB       0.11 MiB

Total Download Size:   0.11 MiB
Total Installed Size:  0.26 MiB

:: Proceed with installation? [Y/n] 
:: Retrieving packages...
 hyprsunset-0.4.0-3-x86_64 downloading...
checking keyring...
checking package integrity...
loading package files...
checking for file conflicts...
checking available disk space...
:: Processing package changes...
installing hyprsunset...
:: Running post-transaction hooks...
(1/2) Reloading user manager configuration...
(2/2) Arming ConditionNeedsUpdate...
Sync Explicit (1): inxi-3.3.41.1-1
resolving dependencies...
looking for conflicting packages...

Package (1)  New Version  Net Change  Download Size

extra/inxi   3.3.41.1-1     1.36 MiB       0.35 MiB

Total Download Size:   0.35 MiB
Total Installed Size:  1.36 MiB

:: Proceed with installation? [Y/n] 
:: Retrieving packages...
 inxi-3.3.41.1-1-any downloading...
checking keyring...
checking package integrity...
loading package files...
checking for file conflicts...
checking available disk space...
:: Processing package changes...
installing inxi...
Optional dependencies for inxi
    bind: dig: -i wlan IP
    binutils: strings: -I sysvinit version [installed]
    bluez-tools: bt-adapter: -E bluetooth data (if no hciconfig)
    curl: -i (if no dig); -w,-W; -U [installed]
    dmidecode: -M if no sys machine data; -m [installed]
    doas: -Dx hddtemp-user; -o file-user (alt for sudo)
    file: -o unmounted file system (if no lsblk) [installed]
    freeipmi: ipmi-sensors: -s IPMI sensors (servers)
    hddtemp: -Dx show hdd temp, if no drivetemp module
    iproute2: ip: -i ip LAN [installed]
    kmod: modinfo: Ax; -Nx module version [installed]
    ipmitool: -s IPMI sensors (servers)
    lvm2: lvs: -L LVM data
    lm_sensors: sensors: -s sensors output [installed]
    mdadm: -Ra advanced mdraid data [installed]
    mesa-utils: glxinfo: -G (X) glx info [installed]
    net-tools: ifconfig: -i ip LAN (deprecated)
    perl-cpanel-json-xs: Cpanel::JSON::XS: --output json (faster than JSON::PP)
    perl-json-xs: JSON::XS: --output json (legacy)
    perl-io-socket-ssl: IO::Socket::SSL: -U; -w,-W; -i (if dig not installed)
    smartmontools: smartctl: -Da advanced data [installed]
    systemd-sysvcompat: -I runlevel [installed]
    sudo: -Dx hddtemp-user; -o file-user [installed]
    tree: --debugger 20,21 /sys tree
    upower: -sx attached device battery info [installed]
    usbutils: lsusb: -A usb audio; -J (optional); -N usb networking
    vulkan-tools: vulkaninfo: -G vulkan info [installed]
    wget: -i (if no dig); -w,-W; -U [installed]
    wmctrl: -S active window manager (fallback)
    xorg-xdpyinfo: xdpyinfo: -G (X) Screen resolution, dpi; -Ga Screen size [installed]
    xorg-xdriinfo: xdriinfo: -G (X) DRI driver (if missing, fallback to Xorg log)
    xorg-xprop: xprop: -S (X) desktop data [installed]
    xorg-xrandr: xrandr: -G (X) monitors(s) resolution; -Ga monitor data
:: Running post-transaction hooks...
(1/1) Arming ConditionNeedsUpdate...
Sync Explicit (1): jq-1.8.2-1
resolving dependencies...
looking for conflicting packages...

Package (1)  New Version  Net Change  Download Size

extra/jq     1.8.2-1        0.47 MiB       0.20 MiB

Total Download Size:   0.20 MiB
Total Installed Size:  0.47 MiB

:: Proceed with installation? [Y/n] 
:: Retrieving packages...
 jq-1.8.2-1-x86_64 downloading...
checking keyring...
checking package integrity...
loading package files...
checking for file conflicts...
checking available disk space...
:: Processing package changes...
installing jq...
:: Running post-transaction hooks...
(1/1) Arming ConditionNeedsUpdate...
Sync Explicit (1): kitty-0.48.2-1
resolving dependencies...
looking for conflicting packages...

Package (4)                    New Version  Net Change  Download Size

extra/kitty-shell-integration  0.48.2-1       0.09 MiB       0.03 MiB
extra/kitty-terminfo           0.48.2-1       0.00 MiB       0.00 MiB
extra/librsync                 1:2.3.4-2      0.10 MiB       0.04 MiB
extra/kitty                    0.48.2-1      65.59 MiB      18.05 MiB

Total Download Size:   18.12 MiB
Total Installed Size:  65.78 MiB

:: Proceed with installation? [Y/n] 
:: Retrieving packages...
 kitty-0.48.2-1-x86_64 downloading...
 librsync-1:2.3.4-2-x86_64 downloading...
 kitty-shell-integration-0.48.2-1-x86_64 downloading...
 kitty-terminfo-0.48.2-1-x86_64 downloading...
checking keyring...
checking package integrity...
loading package files...
checking for file conflicts...
checking available disk space...
:: Processing package changes...
installing librsync...
installing kitty-terminfo...
installing kitty-shell-integration...
Optional dependencies for kitty-shell-integration
    bash: Bash completions [installed]
    zsh: ZSH completions [installed]
    fish: Fish completions
installing kitty...
Optional dependencies for kitty
    imagemagick: viewing images with icat [installed]
    python-pygments: syntax highlighting in kitty +kitten diff
    libcanberra: playing "bell" sound on terminal bell [installed]
:: Running post-transaction hooks...
(1/3) Arming ConditionNeedsUpdate...
(2/3) Updating icon theme caches...
(3/3) Updating the desktop file MIME type cache...
Sync Explicit (1): kvantum-1.1.8-1
resolving dependencies...
looking for conflicting packages...

Package (1)    New Version  Net Change  Download Size

extra/kvantum  1.1.8-1        8.40 MiB       1.13 MiB

Total Download Size:   1.13 MiB
Total Installed Size:  8.40 MiB

:: Proceed with installation? [Y/n] 
:: Retrieving packages...
 kvantum-1.1.8-1-x86_64 downloading...
checking keyring...
checking package integrity...
loading package files...
checking for file conflicts...
checking available disk space...
:: Processing package changes...
installing kvantum...
Optional dependencies for kvantum
    kvantum-qt5: Qt5 style
:: Running post-transaction hooks...
(1/3) Arming ConditionNeedsUpdate...
(2/3) Updating icon theme caches...
(3/3) Updating the desktop file MIME type cache...
Sync Explicit (1): kvantum-qt5-1.1.8-1
resolving dependencies...
looking for conflicting packages...

Package (5)             New Version        Net Change  Download Size

extra/qt5-base          5.15.19+kde+r96-1   63.71 MiB      13.43 MiB
extra/qt5-svg           5.15.19+kde+r5-1     0.49 MiB       0.15 MiB
extra/qt5-translations  5.15.19-1           14.71 MiB       1.86 MiB
extra/qt5-x11extras     5.15.19-1            0.04 MiB       0.01 MiB
extra/kvantum-qt5       1.1.8-1              0.98 MiB       0.36 MiB

Total Download Size:   15.82 MiB
Total Installed Size:  79.93 MiB

:: Proceed with installation? [Y/n] 
:: Retrieving packages...
 qt5-base-5.15.19+kde+r96-1-x86_64 downloading...
 qt5-translations-5.15.19-1-any downloading...
 kvantum-qt5-1.1.8-1-x86_64 downloading...
 qt5-svg-5.15.19+kde+r5-1-x86_64 downloading...
 qt5-x11extras-5.15.19-1-x86_64 downloading...
checking keyring...
checking package integrity...
loading package files...
checking for file conflicts...
checking available disk space...
:: Processing package changes...
installing qt5-translations...
installing qt5-base...
Optional dependencies for qt5-base
    qt5-svg: to use SVG icon themes [pending]
    qt5-wayland: to run Qt applications in a Wayland session
    postgresql-libs: PostgreSQL driver
    mariadb-libs: MariaDB driver
    unixodbc: ODBC driver
    libfbclient: Firebird/iBase driver
    freetds: MS SQL driver
    gtk3: GTK platform plugin [installed]
    perl: for fixqt4headers and syncqt [installed]
installing qt5-svg...
installing qt5-x11extras...
installing kvantum-qt5...
:: Running post-transaction hooks...
(1/1) Arming ConditionNeedsUpdate...
Sync Explicit (1): libspng-0.7.4-4
resolving dependencies...
looking for conflicting packages...

Package (1)    New Version  Net Change  Download Size

extra/libspng  0.7.4-4        0.09 MiB       0.04 MiB

Total Download Size:   0.04 MiB
Total Installed Size:  0.09 MiB

:: Proceed with installation? [Y/n] 
:: Retrieving packages...
 libspng-0.7.4-4-x86_64 downloading...
checking keyring...
checking package integrity...
loading package files...
checking for file conflicts...
checking available disk space...
:: Processing package changes...
installing libspng...
:: Running post-transaction hooks...
(1/1) Arming ConditionNeedsUpdate...
Sync Explicit (1): nano-9.2-1
resolving dependencies...
looking for conflicting packages...

Package (1)  New Version  Net Change  Download Size

core/nano    9.2-1          2.71 MiB       0.61 MiB

Total Download Size:   0.61 MiB
Total Installed Size:  2.71 MiB

:: Proceed with installation? [Y/n] 
:: Retrieving packages...
 nano-9.2-1-x86_64 downloading...
checking keyring...
checking package integrity...
loading package files...
checking for file conflicts...
checking available disk space...
:: Processing package changes...
installing nano...
:: Running post-transaction hooks...
(1/2) Arming ConditionNeedsUpdate...
(2/2) Updating the info directory file...
Sync Explicit (1): network-manager-applet-1.36.0-2
resolving dependencies...
looking for conflicting packages...

Package (5)                   New Version  Net Change  Download Size

extra/libappindicator         12.10.1-2      0.34 MiB       0.05 MiB
extra/libnma                  1.10.6-3       0.48 MiB       0.11 MiB
extra/libnma-common           1.10.6-3       1.07 MiB       0.18 MiB
extra/nm-connection-editor    1.36.0-2       4.46 MiB       0.76 MiB
extra/network-manager-applet  1.36.0-2       0.59 MiB       0.16 MiB

Total Download Size:   1.27 MiB
Total Installed Size:  6.93 MiB

:: Proceed with installation? [Y/n] 
:: Retrieving packages...
 nm-connection-editor-1.36.0-2-x86_64 downloading...
 libnma-common-1.10.6-3-x86_64 downloading...
 network-manager-applet-1.36.0-2-x86_64 downloading...
 libnma-1.10.6-3-x86_64 downloading...
 libappindicator-12.10.1-2-x86_64 downloading...
checking keyring...
checking package integrity...
loading package files...
checking for file conflicts...
checking available disk space...
:: Processing package changes...
installing libappindicator...
installing libnma-common...
installing libnma...
installing nm-connection-editor...
installing network-manager-applet...
:: Running post-transaction hooks...
(1/4) Arming ConditionNeedsUpdate...
(2/4) Compiling GSettings XML schema files...
(3/4) Updating icon theme caches...
(4/4) Updating the desktop file MIME type cache...
Sync Explicit (1): pamixer-1.6-4
resolving dependencies...
looking for conflicting packages...

Package (1)    New Version  Net Change  Download Size

extra/pamixer  1.6-4          0.27 MiB       0.10 MiB

Total Download Size:   0.10 MiB
Total Installed Size:  0.27 MiB

:: Proceed with installation? [Y/n] 
:: Retrieving packages...
 pamixer-1.6-4-x86_64 downloading...
checking keyring...
checking package integrity...
loading package files...
checking for file conflicts...
checking available disk space...
:: Processing package changes...
installing pamixer...
:: Running post-transaction hooks...
(1/1) Arming ConditionNeedsUpdate...
Sync Explicit (1): pavucontrol-1:6.2-1
resolving dependencies...
looking for conflicting packages...

Package (7)          New Version  Net Change  Download Size

extra/cairomm-1.16   1.18.1-1       0.41 MiB       0.09 MiB
extra/glibmm-2.68    2.88.1-1       6.27 MiB       1.08 MiB
extra/gtk4           1:4.22.5-1    52.05 MiB       9.29 MiB
extra/gtkmm-4.0      4.22.0-2       9.98 MiB       1.51 MiB
extra/libsigc++-3.0  3.8.1-1        0.25 MiB       0.05 MiB
extra/pangomm-2.48   2.56.2-1       0.57 MiB       0.11 MiB
extra/pavucontrol    1:6.2-1        1.04 MiB       0.21 MiB

Total Download Size:   12.35 MiB
Total Installed Size:  70.58 MiB

:: Proceed with installation? [Y/n] 
:: Retrieving packages...
 gtk4-1:4.22.5-1-x86_64 downloading...
 gtkmm-4.0-4.22.0-2-x86_64 downloading...
 glibmm-2.68-2.88.1-1-x86_64 downloading...
 pavucontrol-1:6.2-1-x86_64 downloading...
 pangomm-2.48-2.56.2-1-x86_64 downloading...
 cairomm-1.16-1.18.1-1-x86_64 downloading...
 libsigc++-3.0-3.8.1-1-x86_64 downloading...
checking keyring...
checking package integrity...
loading package files...
checking for file conflicts...
checking available disk space...
:: Processing package changes...
installing libsigc++-3.0...
installing glibmm-2.68...
installing gtk4...
Optional dependencies for gtk4
    evince: Default print preview command
installing cairomm-1.16...
installing pangomm-2.48...
installing gtkmm-4.0...
installing pavucontrol...
:: Running post-transaction hooks...
(1/5) Updating the MIME type database...
(2/5) Arming ConditionNeedsUpdate...
(3/5) Compiling GSettings XML schema files...
(4/5) Updating icon theme caches...
(5/5) Updating the desktop file MIME type cache...
Sync Explicit (1): playerctl-2.4.1-5
resolving dependencies...
looking for conflicting packages...

Package (1)      New Version  Net Change  Download Size

extra/playerctl  2.4.1-5        0.44 MiB       0.08 MiB

Total Download Size:   0.08 MiB
Total Installed Size:  0.44 MiB

:: Proceed with installation? [Y/n] 
:: Retrieving packages...
 playerctl-2.4.1-5-x86_64 downloading...
checking keyring...
checking package integrity...
loading package files...
checking for file conflicts...
checking available disk space...
:: Processing package changes...
installing playerctl...
:: Running post-transaction hooks...
(1/1) Arming ConditionNeedsUpdate...
Sync Explicit (1): python-pyquery-2.1.0-1
resolving dependencies...
looking for conflicting packages...

Package (3)             New Version  Net Change  Download Size

extra/python-cssselect  1.5.0-1        0.29 MiB       0.05 MiB
extra/python-lxml       6.1.3_1-1      5.94 MiB       1.58 MiB
extra/python-pyquery    2.1.0-1        0.26 MiB       0.05 MiB

Total Download Size:   1.69 MiB
Total Installed Size:  6.49 MiB

:: Proceed with installation? [Y/n] 
:: Retrieving packages...
 python-lxml-6.1.3_1-1-x86_64 downloading...
 python-pyquery-2.1.0-1-any downloading...
 python-cssselect-1.5.0-1-any downloading...
checking keyring...
checking package integrity...
loading package files...
checking for file conflicts...
checking available disk space...
:: Processing package changes...
installing python-lxml...
Optional dependencies for python-lxml
    python-beautifulsoup4: support for beautifulsoup parser to parse not well formed HTML
    python-cssselect: support for cssselect [pending]
    python-html5lib: support for html5lib parser
    python-lxml-docs: offline docs
    python-lxml-html-clean: enable htmlclean feature
installing python-cssselect...
installing python-pyquery...
Optional dependencies for python-pyquery
    python-webob: query wsgi app
:: Running post-transaction hooks...
(1/1) Arming ConditionNeedsUpdate...
Sync Explicit (1): qt5ct-1.9-2
resolving dependencies...
looking for conflicting packages...

Package (1)  New Version  Net Change  Download Size

extra/qt5ct  1.9-2          0.88 MiB       0.22 MiB

Total Download Size:   0.22 MiB
Total Installed Size:  0.88 MiB

:: Proceed with installation? [Y/n] 
:: Retrieving packages...
 qt5ct-1.9-2-x86_64 downloading...
checking keyring...
checking package integrity...
loading package files...
checking for file conflicts...
checking available disk space...
:: Processing package changes...
installing qt5ct...
:: Running post-transaction hooks...
(1/2) Arming ConditionNeedsUpdate...
(2/2) Updating the desktop file MIME type cache...
Sync Explicit (1): qt5-declarative-5.15.19+kde+r23-1
resolving dependencies...
looking for conflicting packages...

Package (1)            New Version        Net Change  Download Size

extra/qt5-declarative  5.15.19+kde+r23-1   23.65 MiB       4.96 MiB

Total Download Size:    4.96 MiB
Total Installed Size:  23.65 MiB

:: Proceed with installation? [Y/n] 
:: Retrieving packages...
 qt5-declarative-5.15.19+kde+r23-1-x86_64 downloading...
checking keyring...
checking package integrity...
loading package files...
checking for file conflicts...
checking available disk space...
:: Processing package changes...
installing qt5-declarative...
:: Running post-transaction hooks...
(1/1) Arming ConditionNeedsUpdate...
Sync Explicit (1): qt5-quickcontrols2-5.15.19+kde+r5-1
resolving dependencies...
looking for conflicting packages...

Package (1)               New Version       Net Change  Download Size

extra/qt5-quickcontrols2  5.15.19+kde+r5-1    8.67 MiB       1.51 MiB

Total Download Size:   1.51 MiB
Total Installed Size:  8.67 MiB

:: Proceed with installation? [Y/n] 
:: Retrieving packages...
 qt5-quickcontrols2-5.15.19+kde+r5-1-x86_64 downloading...
checking keyring...
checking package integrity...
loading package files...
checking for file conflicts...
checking available disk space...
:: Processing package changes...
installing qt5-quickcontrols2...
Optional dependencies for qt5-quickcontrols2
    qt5-graphicaleffects: for the Material style
:: Running post-transaction hooks...
(1/1) Arming ConditionNeedsUpdate...
Sync Explicit (1): qt6ct-0.11-8
resolving dependencies...
looking for conflicting packages...

Package (1)  New Version  Net Change  Download Size

extra/qt6ct  0.11-8         0.67 MiB       0.17 MiB

Total Download Size:   0.17 MiB
Total Installed Size:  0.67 MiB

:: Proceed with installation? [Y/n] 
:: Retrieving packages...
 qt6ct-0.11-8-x86_64 downloading...
checking keyring...
checking package integrity...
loading package files...
checking for file conflicts...
checking available disk space...
:: Processing package changes...
installing qt6ct...
:: Running post-transaction hooks...
(1/2) Arming ConditionNeedsUpdate...
(2/2) Updating the desktop file MIME type cache...
Sync Explicit (1): slurp-1.5.0-2
resolving dependencies...
looking for conflicting packages...

Package (1)  New Version  Net Change  Download Size

extra/slurp  1.5.0-2        0.04 MiB       0.02 MiB

Total Download Size:   0.02 MiB
Total Installed Size:  0.04 MiB

:: Proceed with installation? [Y/n] 
:: Retrieving packages...
 slurp-1.5.0-2-x86_64 downloading...
checking keyring...
checking package integrity...
loading package files...
checking for file conflicts...
checking available disk space...
:: Processing package changes...
installing slurp...
:: Running post-transaction hooks...
(1/1) Arming ConditionNeedsUpdate...
Sync Explicit (1): swappy-1.8.0-1
resolving dependencies...
looking for conflicting packages...

Package (1)   New Version  Net Change  Download Size

extra/swappy  1.8.0-1        0.12 MiB       0.03 MiB

Total Download Size:   0.03 MiB
Total Installed Size:  0.12 MiB

:: Proceed with installation? [Y/n] 
:: Retrieving packages...
 swappy-1.8.0-1-x86_64 downloading...
checking keyring...
checking package integrity...
loading package files...
checking for file conflicts...
checking available disk space...
:: Processing package changes...
installing swappy...
Optional dependencies for swappy
    wl-clipboard: copy to clipboard support [installed]
    otf-font-awesome: to draw the paint icons properly
:: Running post-transaction hooks...
(1/3) Arming ConditionNeedsUpdate...
(2/3) Updating icon theme caches...
(3/3) Updating the desktop file MIME type cache...
Sync Explicit (1): swaync-0.12.6-1
resolving dependencies...
looking for conflicting packages...

Package (4)             New Version  Net Change  Download Size

extra/granite7          7.8.1-1        0.86 MiB       0.24 MiB
extra/gtk4-layer-shell  1.3.0-1        0.29 MiB       0.05 MiB
extra/libadwaita        1:1.9.3-1      5.16 MiB       0.79 MiB
extra/swaync            0.12.6-1       0.73 MiB       0.22 MiB

Total Download Size:   1.30 MiB
Total Installed Size:  7.04 MiB

:: Proceed with installation? [Y/n] 
:: Retrieving packages...
 libadwaita-1:1.9.3-1-x86_64 downloading...
 granite7-7.8.1-1-x86_64 downloading...
 swaync-0.12.6-1-x86_64 downloading...
 gtk4-layer-shell-1.3.0-1-x86_64 downloading...
checking keyring...
checking package integrity...
loading package files...
checking for file conflicts...
checking available disk space...
:: Processing package changes...
installing gtk4-layer-shell...
installing libadwaita...
installing granite7...
installing swaync...
Optional dependencies for swaync
    gvfs: Get album art in MPRIS widget [installed]
:: Running post-transaction hooks...
(1/5) Reloading user manager configuration...
(2/5) Arming ConditionNeedsUpdate...
(3/5) Compiling GSettings XML schema files...
(4/5) Updating icon theme caches...
(5/5) Updating the desktop file MIME type cache...
Sync Explicit (1): awww-0.12.1-1
resolving dependencies...
looking for conflicting packages...

Package (1)  New Version  Net Change  Download Size

extra/awww   0.12.1-1      10.60 MiB       2.94 MiB

Total Download Size:    2.94 MiB
Total Installed Size:  10.60 MiB

:: Proceed with installation? [Y/n] 
:: Retrieving packages...
 awww-0.12.1-1-x86_64 downloading...
checking keyring...
checking package integrity...
loading package files...
checking for file conflicts...
checking available disk space...
:: Processing package changes...
installing awww...
:: Running post-transaction hooks...
(1/1) Arming ConditionNeedsUpdate...
Sync Explicit (1): unzip-6.0-23
resolving dependencies...
looking for conflicting packages...

Package (1)  New Version  Net Change  Download Size

extra/unzip  6.0-23         0.30 MiB       0.14 MiB

Total Download Size:   0.14 MiB
Total Installed Size:  0.30 MiB

:: Proceed with installation? [Y/n] 
:: Retrieving packages...
 unzip-6.0-23-x86_64 downloading...
checking keyring...
checking package integrity...
loading package files...
checking for file conflicts...
checking available disk space...
:: Processing package changes...
installing unzip...
:: Running post-transaction hooks...
(1/1) Arming ConditionNeedsUpdate...
Sync Explicit (1): uwsm-0.26.7-1
resolving dependencies...
looking for conflicting packages...

Package (3)         New Version  Net Change  Download Size

extra/python-dbus   1.4.0-2        0.62 MiB       0.12 MiB
extra/python-pyxdg  0.28-7         0.58 MiB       0.10 MiB
extra/uwsm          0.26.7-1       0.32 MiB       0.08 MiB

Total Download Size:   0.30 MiB
Total Installed Size:  1.52 MiB

:: Proceed with installation? [Y/n] 
:: Retrieving packages...
 python-dbus-1.4.0-2-x86_64 downloading...
 python-pyxdg-0.28-7-any downloading...
 uwsm-0.26.7-1-any downloading...
checking keyring...
checking package integrity...
loading package files...
checking for file conflicts...
checking available disk space...
:: Processing package changes...
installing python-pyxdg...
installing python-dbus...
Optional dependencies for python-dbus
    python-gobject: D-Bus services via PyGI [installed]
installing uwsm...
Optional dependencies for uwsm
    bemenu: optional picker for uuctl support
    dmenu: optional picker for uuctl support
    fuzzel: optional picker for uuctl support
    libnewt: for "uwsm start select" [installed]
    libnotify: for feeback from "uswm app" commands or fmon service [installed]
    rofi-wayland: optional picker for uuctl support [installed]
    wmenu: optional picker for uuctl support
    wofi: optional picker for uuctl support
:: Running post-transaction hooks...
(1/3) Reloading user manager configuration...
(2/3) Arming ConditionNeedsUpdate...
(3/3) Updating the desktop file MIME type cache...
Sync Explicit (1): waybar-0.15.0-3
resolving dependencies...
looking for conflicting packages...

Package (11)           New Version  Net Change  Download Size

extra/atkmm            2.28.5-2       0.55 MiB       0.10 MiB
extra/cairomm          1.14.6-1       0.40 MiB       0.09 MiB
extra/glibmm           2.66.10-1      5.90 MiB       1.01 MiB
extra/gpsd             3.27.5-1       5.37 MiB       1.15 MiB
extra/gtk-layer-shell  0.10.1-1       0.39 MiB       0.07 MiB
extra/gtkmm3           3.24.11-1      9.35 MiB       1.40 MiB
extra/libmpdclient     2.27-1         0.37 MiB       0.08 MiB
extra/libsigc++        2.12.2-1       1.14 MiB       0.07 MiB
extra/pangomm          2.46.5-1       0.49 MiB       0.10 MiB
extra/pps-tools        1.0.3-2        0.06 MiB       0.01 MiB
extra/waybar           0.15.0-3       2.17 MiB       0.83 MiB

Total Download Size:    4.91 MiB
Total Installed Size:  26.19 MiB

:: Proceed with installation? [Y/n] 
:: Retrieving packages...
 gtkmm3-3.24.11-1-x86_64 downloading...
 gpsd-3.27.5-1-x86_64 downloading...
 glibmm-2.66.10-1-x86_64 downloading...
 waybar-0.15.0-3-x86_64 downloading...
 atkmm-2.28.5-2-x86_64 downloading...
 pangomm-2.46.5-1-x86_64 downloading...
 cairomm-1.14.6-1-x86_64 downloading...
 libmpdclient-2.27-1-x86_64 downloading...
 gtk-layer-shell-0.10.1-1-x86_64 downloading...
 libsigc++-2.12.2-1-x86_64 downloading...
 pps-tools-1.0.3-2-x86_64 downloading...
checking keyring...
checking package integrity...
loading package files...
checking for file conflicts...
checking available disk space...
:: Processing package changes...
installing libsigc++...
installing glibmm...
installing atkmm...
installing cairomm...
installing pps-tools...
installing gpsd...
Optional dependencies for gpsd
    gtk3: GUI frontends [installed]
    php: generate a PHP status page for your GPS
    php-gd: image support for the PHP status page
    python-cairo: GUI frontends
    python-gobject: GUI frontends [installed]
    python-pyserial: GUI frontends
    qt5-base: for Qgpsmm [installed]
installing gtk-layer-shell...
installing pangomm...
installing gtkmm3...
installing libmpdclient...
installing waybar...
Optional dependencies for waybar
    otf-font-awesome: Icons in the default configuration
:: Running post-transaction hooks...
(1/5) Reloading system manager configuration...
(2/5) Reloading user manager configuration...
(3/5) Reloading device manager configuration...
(4/5) Arming ConditionNeedsUpdate...
(5/5) Updating the desktop file MIME type cache...
Sync Dependency (1): gobject-introspection-1.86.0-2
Sync Make Dependency (2): scdoc-1.11.5-1, meson-1.12.0-1
AUR Explicit (1): wlogout-1.2.2-0
:: [1m(1/1) Downloaded PKGBUILD: wlogout[0m
  1 wlogout                                  (Build Files Exist)
==> Packages to cleanBuild?
==> [N]one [A]ll [Ab]ort [I]nstalled [No]tInstalled or (1 2 3, 1-3, ^4)
==> 
  1 wlogout                                  (Build Files Exist)
==> Diffs to show?
==> [N]one [A]ll [Ab]ort [I]nstalled [No]tInstalled or (1 2 3, 1-3, ^4)
==> 
==> Making package: wlogout 1.2.2-0 (Fri Sep 11 23:54:53 2026)
==> Retrieving sources...
  -> Downloading wlogout-1.2.2.tar.gz...
  % Total    % Received % Xferd  Average Speed  Time    Time    Time   Current
                                 Dload  Upload  Total   Spent   Left   Speed
  0      0   0      0   0      0      0      0                              0  0      0   0      0   0      0      0      0                              0  0      0   0      0   0      0      0      0                              0
  0      0   0      0   0      0      0      0                              0100 529.8k 100 529.8k   0      0 834.0k      0                              0100 529.8k 100 529.8k   0      0 833.5k      0                              0100 529.8k 100 529.8k   0      0 833.1k      0                              0
  -> Downloading wlogout-1.2.2.tar.gz.sig...
  % Total    % Received % Xferd  Average Speed  Time    Time    Time   Current
                                 Dload  Upload  Total   Spent   Left   Speed
  0      0   0      0   0      0      0      0                              0  0      0   0      0   0      0      0      0                              0  0      0   0      0   0      0      0      0                              0
  0      0   0      0   0      0      0      0                              0100    566 100    566   0      0   1230      0                              0100    566 100    566   0      0   1230      0                              0100    566 100    566   0      0   1229      0                              0
==> WARNING: Skipping verification of source file PGP signatures.
==> Validating source files with md5sums...
    wlogout-1.2.2.tar.gz ... Passed
    wlogout-1.2.2.tar.gz.sig ... Skipped
:: [1m(1/1) Parsing SRCINFO: wlogout[0m
gpg: directory '/home/darren/.gnupg' created
gpg: /home/darren/.gnupg/trustdb.gpg: trustdb created
gpg: error reading key: No public key

 :: [1mPGP keys need importing:[0m
 -> F4FDB18A9937358364B276E9E25D679AF73C6D2F, required by: wlogout
:: [1mImporting keys with gpg...[0m
gpg: key E25D679AF73C6D2F: public key "Haden Collins <collinshaden@gmail.com>" imported
gpg: Total number processed: 1
gpg:               imported: 1
resolving dependencies...
looking for conflicting packages...

Package (17)                     New Version  Net Change  Download Size

extra/ninja                      1.13.2-3       0.41 MiB       0.17 MiB
extra/python-autocommand         2.2.2-9        0.08 MiB       0.02 MiB
extra/python-jaraco.collections  5.1.0-3        0.11 MiB       0.02 MiB
extra/python-jaraco.context      6.1.2-1        0.06 MiB       0.02 MiB
extra/python-jaraco.functools    4.1.0-3        0.07 MiB       0.02 MiB
extra/python-jaraco.text         4.0.0-4        0.08 MiB       0.02 MiB
extra/python-mako                1.3.12-1       0.98 MiB       0.17 MiB
extra/python-markdown            3.10.3-1       1.16 MiB       0.19 MiB
extra/python-markupsafe          3.0.3-1        0.09 MiB       0.02 MiB
extra/python-more-itertools      11.1.0-1       0.77 MiB       0.13 MiB
extra/python-platformdirs        4.11.7-1       0.47 MiB       0.05 MiB
extra/python-setuptools          1:84.0.0-1     4.92 MiB       0.78 MiB
extra/python-tqdm                4.70.1-1       0.64 MiB       0.13 MiB
extra/python-wheel               0.48.0-1       0.34 MiB       0.07 MiB
extra/gobject-introspection      1.86.0-2       3.11 MiB       0.51 MiB
extra/meson                      1.12.0-1      16.85 MiB       2.51 MiB
extra/scdoc                      1.11.5-1       0.03 MiB       0.01 MiB

Total Download Size:    4.85 MiB
Total Installed Size:  30.19 MiB

:: Proceed with installation? [Y/n] 
:: Retrieving packages...
 meson-1.12.0-1-any downloading...
 python-setuptools-1:84.0.0-1-any downloading...
 gobject-introspection-1.86.0-2-x86_64 downloading...
 python-markdown-3.10.3-1-any downloading...
 python-mako-1.3.12-1-any downloading...
 ninja-1.13.2-3-x86_64 downloading...
 python-tqdm-4.70.1-1-any downloading...
 python-more-itertools-11.1.0-1-any downloading...
 python-wheel-0.48.0-1-any downloading...
 python-platformdirs-4.11.7-1-any downloading...
 python-autocommand-2.2.2-9-any downloading...
 python-jaraco.collections-5.1.0-3-any downloading...
 python-jaraco.text-4.0.0-4-any downloading...
 python-markupsafe-3.0.3-1-x86_64 downloading...
 python-jaraco.functools-4.1.0-3-any downloading...
 python-jaraco.context-6.1.2-1-any downloading...
 scdoc-1.11.5-1-x86_64 downloading...
checking keyring...
checking package integrity...
loading package files...
checking for file conflicts...
checking available disk space...
:: Processing package changes...
installing ninja...
installing python-tqdm...
Optional dependencies for python-tqdm
    python-requests: telegram [installed]
installing meson...
installing python-markupsafe...
installing python-mako...
Optional dependencies for python-mako
    python-babel: for i18n features
    python-beaker: for caching support
    python-dogpile.cache: for caching support
    python-pygments: for syntax highlighting
    python-pytest: for testing utilities
installing python-markdown...
Optional dependencies for python-markdown
    python-yaml: parse Python in YAML metadata
    python-pygments: Code highlighting
installing python-more-itertools...
installing python-jaraco.functools...
installing python-jaraco.context...
installing python-autocommand...
installing python-jaraco.text...
Optional dependencies for python-jaraco.text
    python-inflect: for show-newlines script
installing python-jaraco.collections...
installing python-platformdirs...
installing python-wheel...
Optional dependencies for python-wheel
    python-keyring: for wheel.signatures
    python-xdg: for wheel.signatures [installed]
    python-setuptools: for legacy bdist_wheel subcommand [pending]
installing python-setuptools...
installing gobject-introspection...
installing scdoc...
:: Running post-transaction hooks...
(1/1) Arming ConditionNeedsUpdate...
==> Making package: wlogout 1.2.2-0 (Fri Sep 11 23:55:06 2026)
==> Checking runtime dependencies...
==> Checking buildtime dependencies...
==> Retrieving sources...
  -> Found wlogout-1.2.2.tar.gz
  -> Found wlogout-1.2.2.tar.gz.sig
==> Validating source files with md5sums...
    wlogout-1.2.2.tar.gz ... Passed
    wlogout-1.2.2.tar.gz.sig ... Skipped
==> Verifying source file signatures with gpg...
    wlogout-1.2.2.tar.gz ... Passed
==> Removing existing $srcdir/ directory...
==> Extracting sources...
  -> Extracting wlogout-1.2.2.tar.gz with bsdtar
==> Sources are ready.
==> Making package: wlogout 1.2.2-0 (Fri Sep 11 23:55:13 2026)
==> Checking runtime dependencies...
==> Checking buildtime dependencies...
==> WARNING: Using existing $srcdir/ tree
==> Starting build()...
The Meson build system
Version: 1.12.0
Source dir: /home/darren/.cache/yay/wlogout/src
Build dir: /home/darren/.cache/yay/wlogout/src/build
Build type: native build
Project name: wlogout
Project version: 1.2.2
C compiler for the host machine: cc (gcc 16.2.1 "cc (GCC) 16.2.1 20260810")
C linker for the host machine: cc ld.bfd 2.47
Host machine cpu family: x86_64
Host machine cpu: x86_64
Configuring config.h using configuration
Found pkg-config: YES (/usr/bin/pkg-config) 3.0.7
Run-time dependency scdoc found: YES 1.11.5
meson.build:33: WARNING: Project does not target a minimum version but uses feature deprecated since '0.56.0': dependency.get_pkgconfig_variable. use dependency.get_variable(pkgconfig : ...) instead
Program /usr/bin/scdoc found: YES (/usr/bin/scdoc)
Program sh found: YES (/usr/bin/sh)
meson.build:50: WARNING: Project does not target a minimum version but uses feature deprecated since '0.55.0': Program.path. use Program.full_path() instead
Run-time dependency gtk+-wayland-3.0 found: YES 3.24.52
Run-time dependency gtk-layer-shell-0 found: YES 0.10.1
Build targets in project: 3
WARNING: Deprecated features used:
 * 0.55.0: {'Program.path'}
 * 0.56.0: {'dependency.get_pkgconfig_variable'}

wlogout 1.2.2

  User defined options
    prefix: /usr

Found ninja-1.13.2 at /usr/bin/ninja
Generating targets:   0%|          | 0/3 eta ?                                              Writing build.ninja:   0%|          | 0/36 eta ?                                                ninja: Entering directory `build'
[1/4] Generating wlogout.5 with a custom command
[2/4] Generating wlogout.1 with a custom command
[3/4] Compiling C object wlogout.p/main.c.o
[4/4] Linking target wlogout
==> Entering fakeroot environment...
==> Starting package()...
ninja: Entering directory `build'
[0/1] Installing files
Installing subdir /home/darren/.cache/yay/wlogout/src/assets to /home/darren/.cache/yay/wlogout/pkg/wlogout/usr/share/wlogout/assets
Installing /home/darren/.cache/yay/wlogout/src/assets/shutdown.svg to /home/darren/.cache/yay/wlogout/pkg/wlogout/usr/share/wlogout/assets
Installing /home/darren/.cache/yay/wlogout/src/assets/suspend.svg to /home/darren/.cache/yay/wlogout/pkg/wlogout/usr/share/wlogout/assets
Installing /home/darren/.cache/yay/wlogout/src/assets/CREDIT.md to /home/darren/.cache/yay/wlogout/pkg/wlogout/usr/share/wlogout/assets
Installing /home/darren/.cache/yay/wlogout/src/assets/reboot.svg to /home/darren/.cache/yay/wlogout/pkg/wlogout/usr/share/wlogout/assets
Installing /home/darren/.cache/yay/wlogout/src/assets/lock.svg to /home/darren/.cache/yay/wlogout/pkg/wlogout/usr/share/wlogout/assets
Installing /home/darren/.cache/yay/wlogout/src/assets/logout.svg to /home/darren/.cache/yay/wlogout/pkg/wlogout/usr/share/wlogout/assets
Installing /home/darren/.cache/yay/wlogout/src/assets/hibernate.svg to /home/darren/.cache/yay/wlogout/pkg/wlogout/usr/share/wlogout/assets
Installing subdir /home/darren/.cache/yay/wlogout/src/icons to /home/darren/.cache/yay/wlogout/pkg/wlogout/usr/share/wlogout/icons
Installing /home/darren/.cache/yay/wlogout/src/icons/logout.png to /home/darren/.cache/yay/wlogout/pkg/wlogout/usr/share/wlogout/icons
Installing /home/darren/.cache/yay/wlogout/src/icons/suspend.png to /home/darren/.cache/yay/wlogout/pkg/wlogout/usr/share/wlogout/icons
Installing /home/darren/.cache/yay/wlogout/src/icons/lock.png to /home/darren/.cache/yay/wlogout/pkg/wlogout/usr/share/wlogout/icons
Installing /home/darren/.cache/yay/wlogout/src/icons/reboot.png to /home/darren/.cache/yay/wlogout/pkg/wlogout/usr/share/wlogout/icons
Installing /home/darren/.cache/yay/wlogout/src/icons/hibernate.png to /home/darren/.cache/yay/wlogout/pkg/wlogout/usr/share/wlogout/icons
Installing /home/darren/.cache/yay/wlogout/src/icons/shutdown.png to /home/darren/.cache/yay/wlogout/pkg/wlogout/usr/share/wlogout/icons
Installing wlogout.1 to /home/darren/.cache/yay/wlogout/pkg/wlogout/usr/share/man/man1
Installing wlogout.5 to /home/darren/.cache/yay/wlogout/pkg/wlogout/usr/share/man/man5
Installing wlogout to /home/darren/.cache/yay/wlogout/pkg/wlogout/usr/bin
Installing /home/darren/.cache/yay/wlogout/src/completions/wlogout.bash to /home/darren/.cache/yay/wlogout/pkg/wlogout/usr/share/bash-completion/completions
Installing /home/darren/.cache/yay/wlogout/src/completions/wlogout.fish to /home/darren/.cache/yay/wlogout/pkg/wlogout/usr/share/fish/completions
Installing /home/darren/.cache/yay/wlogout/src/completions/_wlogout to /home/darren/.cache/yay/wlogout/pkg/wlogout/usr/share/zsh/site-functions
Installing /home/darren/.cache/yay/wlogout/src/layout to /home/darren/.cache/yay/wlogout/pkg/wlogout/etc/wlogout
Installing /home/darren/.cache/yay/wlogout/src/style.css to /home/darren/.cache/yay/wlogout/pkg/wlogout/etc/wlogout
==> Tidying install...
  -> Removing libtool files...
  -> Removing static library files...
  -> Purging unwanted files...
  -> Stripping unneeded symbols from binaries and libraries...
  -> Compressing man and info pages...
==> Checking for packaging issues...
==> Creating package "wlogout"...
  -> Generating .PKGINFO file...
  -> Generating .BUILDINFO file...
  -> Generating .MTREE file...
  -> Compressing package...
==> Creating package "wlogout-debug"...
  -> Generating .PKGINFO file...
  -> Generating .BUILDINFO file...
  -> Generating .MTREE file...
  -> Compressing package...
==> Leaving fakeroot environment.
==> Finished making: wlogout 1.2.2-0 (Fri Sep 11 23:55:54 2026)
==> Cleaning up...
loading packages...
resolving dependencies...
looking for conflicting packages...

Package (2)    New Version  Net Change

wlogout        1.2.2-0        0.12 MiB
wlogout-debug  1.2.2-0        0.10 MiB

Total Installed Size:  0.22 MiB

:: Proceed with installation? [Y/n] 
checking keyring...
checking package integrity...
loading package files...
checking for file conflicts...
checking available disk space...
:: Processing package changes...
installing wlogout...
installing wlogout-debug...
:: Running post-transaction hooks...
(1/1) Arming ConditionNeedsUpdate...
Sync Explicit (1): yad-15.0-2
resolving dependencies...
looking for conflicting packages...

Package (9)           New Version  Net Change  Download Size

extra/enchant         2.8.21-1       0.32 MiB       0.09 MiB
extra/gspell          1.14.4-1       0.45 MiB       0.10 MiB
extra/gtksourceview4  4.8.4-2        7.39 MiB       0.95 MiB
extra/harfbuzz-icu    14.4.0-1       0.02 MiB       0.01 MiB
extra/hyphen          2.8.9-1        0.04 MiB       0.02 MiB
extra/libmanette      0.2.13-2       0.40 MiB       0.05 MiB
extra/webkit2gtk-4.1  2.52.6-1     133.55 MiB      36.09 MiB
extra/woff2           1.0.2-6        0.17 MiB       0.06 MiB
extra/yad             15.0-2         0.61 MiB       0.20 MiB

Total Download Size:    37.56 MiB
Total Installed Size:  142.95 MiB

:: Proceed with installation? [Y/n] 
:: Retrieving packages...
 webkit2gtk-4.1-2.52.6-1-x86_64 downloading...
 gtksourceview4-4.8.4-2-x86_64 downloading...
 yad-15.0-2-x86_64 downloading...
 gspell-1.14.4-1-x86_64 downloading...
 enchant-2.8.21-1-x86_64 downloading...
 woff2-1.0.2-6-x86_64 downloading...
 libmanette-0.2.13-2-x86_64 downloading...
 hyphen-2.8.9-1-x86_64 downloading...
 harfbuzz-icu-14.4.0-1-x86_64 downloading...
checking keyring...
checking package integrity...
loading package files...
checking for file conflicts...
checking available disk space...
:: Processing package changes...
installing enchant...
Optional dependencies for enchant
    aspell: for aspell based spell checking support
    hspell: for hspell based spell checking support
    hunspell: for hunspell based spell checking support [installed]
    libvoikko: for libvoikko based spell checking support
    nuspell: for nuspell based spell checking support
installing harfbuzz-icu...
installing hyphen...
installing libmanette...
installing woff2...
installing webkit2gtk-4.1...
Optional dependencies for webkit2gtk-4.1
    geoclue: Geolocation support
    gst-libav: nonfree media decoding [installed]
    gst-plugins-bad: media decoding [installed]
    gst-plugins-good: media decoding [installed]
installing gtksourceview4...
installing gspell...
installing yad...
:: Running post-transaction hooks...
(1/3) Arming ConditionNeedsUpdate...
(2/3) Updating icon theme caches...
(3/3) Updating the desktop file MIME type cache...
Sync Explicit (1): brightnessctl-0.5.1-3
resolving dependencies...
looking for conflicting packages...

Package (1)          New Version  Net Change  Download Size

extra/brightnessctl  0.5.1-3        0.03 MiB       0.01 MiB

Total Download Size:   0.01 MiB
Total Installed Size:  0.03 MiB

:: Proceed with installation? [Y/n] 
:: Retrieving packages...
 brightnessctl-0.5.1-3-x86_64 downloading...
checking keyring...
checking package integrity...
loading package files...
checking for file conflicts...
checking available disk space...
:: Processing package changes...
installing brightnessctl...
:: Running post-transaction hooks...
(1/1) Arming ConditionNeedsUpdate...
Sync Explicit (1): btop-1.4.7-1
resolving dependencies...
looking for conflicting packages...

Package (1)  New Version  Net Change  Download Size

extra/btop   1.4.7-1        1.70 MiB       0.58 MiB

Total Download Size:   0.58 MiB
Total Installed Size:  1.70 MiB

:: Proceed with installation? [Y/n] 
:: Retrieving packages...
 btop-1.4.7-1-x86_64 downloading...
checking keyring...
checking package integrity...
loading package files...
checking for file conflicts...
checking available disk space...
:: Processing package changes...
installing btop...
Optional dependencies for btop
    rocm-smi-lib: AMD GPU support
:: Running post-transaction hooks...
(1/3) Arming ConditionNeedsUpdate...
(2/3) Updating icon theme caches...
(3/3) Updating the desktop file MIME type cache...
Sync Explicit (1): cava-1.0.0-1
resolving dependencies...
looking for conflicting packages...

Package (1)  New Version  Net Change  Download Size

extra/cava   1.0.0-1        0.22 MiB       0.08 MiB

Total Download Size:   0.08 MiB
Total Installed Size:  0.22 MiB

:: Proceed with installation? [Y/n] 
:: Retrieving packages...
 cava-1.0.0-1-x86_64 downloading...
checking keyring...
checking package integrity...
loading package files...
checking for file conflicts...
checking available disk space...
:: Processing package changes...
installing cava...
:: Running post-transaction hooks...
(1/1) Arming ConditionNeedsUpdate...
Sync Explicit (1): loupe-50.0-1
resolving dependencies...
looking for conflicting packages...

Package (4)               New Version  Net Change  Download Size

extra/geocode-glib        3.26.4-6       0.44 MiB       0.07 MiB
extra/gweather-locations  2026.2-1      21.93 MiB       2.78 MiB
extra/libgweather-4       4.6.0-1        1.87 MiB       0.30 MiB
extra/loupe               50.0-1         7.26 MiB       2.17 MiB

Total Download Size:    5.31 MiB
Total Installed Size:  31.49 MiB

:: Proceed with installation? [Y/n] 
:: Retrieving packages...
 gweather-locations-2026.2-1-x86_64 downloading...
 loupe-50.0-1-x86_64 downloading...
 libgweather-4-4.6.0-1-x86_64 downloading...
 geocode-glib-3.26.4-6-x86_64 downloading...
checking keyring...
checking package integrity...
loading package files...
checking for file conflicts...
checking available disk space...
:: Processing package changes...
installing geocode-glib...
installing gweather-locations...
installing libgweather-4...
installing loupe...
:: Running post-transaction hooks...
(1/4) Arming ConditionNeedsUpdate...
(2/4) Compiling GSettings XML schema files...
(3/4) Updating icon theme caches...
(4/4) Updating the desktop file MIME type cache...
Sync Explicit (1): gnome-system-monitor-50.0-1
resolving dependencies...
looking for conflicting packages...

Package (2)                 New Version  Net Change  Download Size

extra/libgtop               2.41.3-2       1.26 MiB       0.19 MiB
extra/gnome-system-monitor  50.0-1         5.15 MiB       0.84 MiB

Total Download Size:   1.03 MiB
Total Installed Size:  6.41 MiB

:: Proceed with installation? [Y/n] 
:: Retrieving packages...
 gnome-system-monitor-50.0-1-x86_64 downloading...
 libgtop-2.41.3-2-x86_64 downloading...
checking keyring...
checking package integrity...
loading package files...
checking for file conflicts...
checking available disk space...
:: Processing package changes...
installing libgtop...
installing gnome-system-monitor...
:: Running post-transaction hooks...
(1/5) Arming ConditionNeedsUpdate...
(2/5) Compiling GSettings XML schema files...
(3/5) Updating icon theme caches...
(4/5) Updating the info directory file...
(5/5) Updating the desktop file MIME type cache...
Sync Explicit (1): mousepad-0.7.0-1
resolving dependencies...
looking for conflicting packages...

Package (1)     New Version  Net Change  Download Size

extra/mousepad  0.7.0-1        2.18 MiB       0.44 MiB

Total Download Size:   0.44 MiB
Total Installed Size:  2.18 MiB

:: Proceed with installation? [Y/n] 
:: Retrieving packages...
 mousepad-0.7.0-1-x86_64 downloading...
checking keyring...
checking package integrity...
loading package files...
checking for file conflicts...
checking available disk space...
:: Processing package changes...
installing mousepad...
Optional dependencies for mousepad
    gspell: spell checking plugin [installed]
    libxfce4ui: shortcuts editor plugin
:: Running post-transaction hooks...
(1/4) Arming ConditionNeedsUpdate...
(2/4) Compiling GSettings XML schema files...
(3/4) Updating icon theme caches...
(4/4) Updating the desktop file MIME type cache...
Sync Explicit (1): mpv-mpris-1.2-2
resolving dependencies...
looking for conflicting packages...

Package (1)      New Version  Net Change  Download Size

extra/mpv-mpris  1.2-2          0.03 MiB       0.01 MiB

Total Download Size:   0.01 MiB
Total Installed Size:  0.03 MiB

:: Proceed with installation? [Y/n] 
:: Retrieving packages...
 mpv-mpris-1.2-2-x86_64 downloading...
checking keyring...
checking package integrity...
loading package files...
checking for file conflicts...
checking available disk space...
:: Processing package changes...
installing mpv-mpris...
:: Running post-transaction hooks...
(1/1) Arming ConditionNeedsUpdate...
Sync Explicit (1): nvtop-3.3.2-1
resolving dependencies...
looking for conflicting packages...

Package (1)  New Version  Net Change  Download Size

extra/nvtop  3.3.2-1        0.20 MiB       0.08 MiB

Total Download Size:   0.08 MiB
Total Installed Size:  0.20 MiB

:: Proceed with installation? [Y/n] 
:: Retrieving packages...
 nvtop-3.3.2-1-x86_64 downloading...
checking keyring...
checking package integrity...
loading package files...
checking for file conflicts...
checking available disk space...
:: Processing package changes...
installing nvtop...
:: Running post-transaction hooks...
(1/3) Arming ConditionNeedsUpdate...
(2/3) Updating icon theme caches...
(3/3) Updating the desktop file MIME type cache...
Sync Explicit (1): nwg-look-1.1.1-3
resolving dependencies...
looking for conflicting packages...

Package (2)     New Version  Net Change  Download Size

extra/xcur2png  0.7.1-9        0.02 MiB       0.01 MiB
extra/nwg-look  1.1.1-3        4.83 MiB       1.39 MiB

Total Download Size:   1.40 MiB
Total Installed Size:  4.85 MiB

:: Proceed with installation? [Y/n] 
:: Retrieving packages...
 nwg-look-1.1.1-3-x86_64 downloading...
 xcur2png-0.7.1-9-x86_64 downloading...
checking keyring...
checking package integrity...
loading package files...
checking for file conflicts...
checking available disk space...
:: Processing package changes...
installing xcur2png...
installing nwg-look...
:: Running post-transaction hooks...
(1/2) Arming ConditionNeedsUpdate...
(2/2) Updating the desktop file MIME type cache...
Sync Explicit (1): nwg-displays-0.4.4-1
resolving dependencies...
looking for conflicting packages...

Package (4)         New Version  Net Change  Download Size

extra/python-i3ipc  2.2.1-9        0.36 MiB       0.06 MiB
extra/python-six    1.17.0-3       0.12 MiB       0.03 MiB
extra/python-xlib   0.33-7         2.07 MiB       0.29 MiB
extra/nwg-displays  0.4.4-1        0.53 MiB       0.10 MiB

Total Download Size:   0.48 MiB
Total Installed Size:  3.08 MiB

:: Proceed with installation? [Y/n] 
:: Retrieving packages...
 python-xlib-0.33-7-any downloading...
 nwg-displays-0.4.4-1-any downloading...
 python-i3ipc-2.2.1-9-any downloading...
 python-six-1.17.0-3-any downloading...
checking keyring...
checking package integrity...
loading package files...
checking for file conflicts...
checking available disk space...
:: Processing package changes...
installing python-six...
installing python-xlib...
installing python-i3ipc...
installing nwg-displays...
:: Running post-transaction hooks...
(1/2) Arming ConditionNeedsUpdate...
(2/2) Updating the desktop file MIME type cache...
Sync Explicit (1): nwg-dock-hyprland-0.4.11-1
resolving dependencies...
looking for conflicting packages...

Package (1)              New Version  Net Change  Download Size

extra/nwg-dock-hyprland  0.4.11-1      13.31 MiB       2.63 MiB

Total Download Size:    2.63 MiB
Total Installed Size:  13.31 MiB

:: Proceed with installation? [Y/n] 
:: Retrieving packages...
 nwg-dock-hyprland-0.4.11-1-x86_64 downloading...
checking keyring...
checking package integrity...
loading package files...
checking for file conflicts...
checking available disk space...
:: Processing package changes...
installing nwg-dock-hyprland...
Optional dependencies for nwg-dock-hyprland
    nwg-drawer: default application launcher
:: Running post-transaction hooks...
(1/1) Arming ConditionNeedsUpdate...
Sync Explicit (1): qalculate-gtk-5.12.0-1
resolving dependencies...
looking for conflicting packages...

Package (1)          New Version  Net Change  Download Size

extra/qalculate-gtk  5.12.0-1       7.79 MiB       2.70 MiB

Total Download Size:   2.70 MiB
Total Installed Size:  7.79 MiB

:: Proceed with installation? [Y/n] 
:: Retrieving packages...
 qalculate-gtk-5.12.0-1-x86_64 downloading...
checking keyring...
checking package integrity...
loading package files...
checking for file conflicts...
checking available disk space...
:: Processing package changes...
installing qalculate-gtk...
:: Running post-transaction hooks...
(1/3) Arming ConditionNeedsUpdate...
(2/3) Updating icon theme caches...
(3/3) Updating the desktop file MIME type cache...
AUR Explicit (1): hyprmod-0.4.0-3
AUR Dependency (5): python-hyprland-state-0.4.6-1, python-hyprland-schema-0.7.1-1, python-hyprland-monitors-0.9.0-1, python-hyprland-config-0.9.14-1, python-hyprland-socket-0.12.2-1
Sync Make Dependency (3): python-hatchling-1.30.1-1, python-installer-1.0.1-1, python-build-1.6.0-1
:: [1m(1/6) Downloaded PKGBUILD: python-hyprland-socket[0m
:: [1m(2/6) Downloaded PKGBUILD: python-hyprland-schema[0m
:: [1m(3/6) Downloaded PKGBUILD: hyprmod[0m
:: [1m(4/6) Downloaded PKGBUILD: python-hyprland-config[0m
:: [1m(5/6) Downloaded PKGBUILD: python-hyprland-monitors[0m
:: [1m(6/6) Downloaded PKGBUILD: python-hyprland-state[0m
  6 python-hyprland-config                   (Build Files Exist)
  5 python-hyprland-socket                   (Build Files Exist)
  4 hyprmod                                  (Build Files Exist)
  3 python-hyprland-state                    (Build Files Exist)
  2 python-hyprland-schema                   (Build Files Exist)
  1 python-hyprland-monitors                 (Build Files Exist)
==> Packages to cleanBuild?
==> [N]one [A]ll [Ab]ort [I]nstalled [No]tInstalled or (1 2 3, 1-3, ^4)
==> 
  6 hyprmod                                  (Build Files Exist)
  5 python-hyprland-state                    (Build Files Exist)
  4 python-hyprland-schema                   (Build Files Exist)
  3 python-hyprland-monitors                 (Build Files Exist)
  2 python-hyprland-config                   (Build Files Exist)
  1 python-hyprland-socket                   (Build Files Exist)
==> Diffs to show?
==> [N]one [A]ll [Ab]ort [I]nstalled [No]tInstalled or (1 2 3, 1-3, ^4)
==> 
==> Making package: python-hyprland-socket 0.12.2-1 (Fri Sep 11 23:58:25 2026)
==> Retrieving sources...
  -> Downloading python-hyprland-socket-0.12.2.tar.gz...
  % Total    % Received % Xferd  Average Speed  Time    Time    Time   Current
                                 Dload  Upload  Total   Spent   Left   Speed
  0      0   0      0   0      0      0      0                              0  0      0   0      0   0      0      0      0                              0  0      0   0      0   0      0      0      0                              0
  0      0   0      0   0      0      0      0                              0100  23139   0  23139   0      0  26658      0                              0100  23139   0  23139   0      0  26639      0                              0100  23139   0  23139   0      0  26620      0                              0
==> WARNING: Skipping verification of source file PGP signatures.
==> Validating source files with sha256sums...
    python-hyprland-socket-0.12.2.tar.gz ... Passed
==> Making package: hyprmod 0.4.0-3 (Fri Sep 11 23:58:29 2026)
==> Retrieving sources...
  -> Downloading hyprmod-0.4.0.tar.gz...
  % Total    % Received % Xferd  Average Speed  Time    Time    Time   Current
                                 Dload  Upload  Total   Spent   Left   Speed
  0      0   0      0   0      0      0      0                              0  0      0   0      0   0      0      0      0                              0  0      0   0      0   0      0      0      0                              0
  0      0   0      0   0      0      0      0                              0100 595.6k   0 595.6k   0      0 818.5k      0                              0100 595.6k   0 595.6k   0      0 817.4k      0                              0100 595.6k   0 595.6k   0      0 816.4k      0                              0
==> WARNING: Skipping verification of source file PGP signatures.
==> Validating source files with sha256sums...
    hyprmod-0.4.0.tar.gz ... Passed
==> Making package: python-hyprland-state 0.4.6-1 (Fri Sep 11 23:58:32 2026)
==> Retrieving sources...
  -> Downloading python-hyprland-state-0.4.6.tar.gz...
  % Total    % Received % Xferd  Average Speed  Time    Time    Time   Current
                                 Dload  Upload  Total   Spent   Left   Speed
  0      0   0      0   0      0      0      0                              0  0      0   0      0   0      0      0      0                              0  0      0   0      0   0      0      0      0                              0
  0      0   0      0   0      0      0      0                              0100  40210   0  40210   0      0  67935      0                              0100  40210   0  40210   0      0  67890      0                              0100  40210   0  40210   0      0  67856      0                              0
==> WARNING: Skipping verification of source file PGP signatures.
==> Validating source files with sha256sums...
    python-hyprland-state-0.4.6.tar.gz ... Passed
==> Making package: python-hyprland-schema 0.7.1-1 (Fri Sep 11 23:58:35 2026)
==> Retrieving sources...
  -> Downloading python-hyprland-schema-0.7.1.tar.gz...
  % Total    % Received % Xferd  Average Speed  Time    Time    Time   Current
                                 Dload  Upload  Total   Spent   Left   Speed
  0      0   0      0   0      0      0      0                              0  0      0   0      0   0      0      0      0                              0  0      0   0      0   0      0      0      0                              0
  0      0   0      0   0      0      0      0                              0100  71735   0  71735   0      0 117.9k      0                              0100  71735   0  71735   0      0 117.8k      0                              0100  71735   0  71735   0      0 117.7k      0                              0
==> WARNING: Skipping verification of source file PGP signatures.
==> Validating source files with sha256sums...
    python-hyprland-schema-0.7.1.tar.gz ... Passed
==> Making package: python-hyprland-monitors 0.9.0-1 (Fri Sep 11 23:58:39 2026)
==> Retrieving sources...
  -> Downloading python-hyprland-monitors-0.9.0.tar.gz...
  % Total    % Received % Xferd  Average Speed  Time    Time    Time   Current
                                 Dload  Upload  Total   Spent   Left   Speed
  0      0   0      0   0      0      0      0                              0  0      0   0      0   0      0      0      0                              0  0      0   0      0   0      0      0      0                              0
  0      0   0      0   0      0      0      0                              0100  29928   0  29928   0      0  50156      0                              0100  29928   0  29928   0      0  50112      0                              0100  29928   0  29928   0      0  50067      0                              0
==> WARNING: Skipping verification of source file PGP signatures.
==> Validating source files with sha256sums...
    python-hyprland-monitors-0.9.0.tar.gz ... Passed
==> Making package: python-hyprland-config 0.9.14-1 (Fri Sep 11 23:58:42 2026)
==> Retrieving sources...
  -> Downloading python-hyprland-config-0.9.14.tar.gz...
  % Total    % Received % Xferd  Average Speed  Time    Time    Time   Current
                                 Dload  Upload  Total   Spent   Left   Speed
  0      0   0      0   0      0      0      0                              0  0      0   0      0   0      0      0      0                              0  0      0   0      0   0      0      0      0                              0
  0      0   0      0   0      0      0      0                              0100 184.1k   0 184.1k   0      0 253.9k      0                              0100 184.1k   0 184.1k   0      0 253.7k      0                              0100 184.1k   0 184.1k   0      0 253.5k      0                              0
==> WARNING: Skipping verification of source file PGP signatures.
==> Validating source files with sha256sums...
    python-hyprland-config-0.9.14.tar.gz ... Passed
:: [1m(1/6) Parsing SRCINFO: hyprmod[0m
:: [1m(2/6) Parsing SRCINFO: python-hyprland-state[0m
:: [1m(3/6) Parsing SRCINFO: python-hyprland-schema[0m
:: [1m(4/6) Parsing SRCINFO: python-hyprland-monitors[0m
:: [1m(5/6) Parsing SRCINFO: python-hyprland-config[0m
:: [1m(6/6) Parsing SRCINFO: python-hyprland-socket[0m
resolving dependencies...
looking for conflicting packages...

Package (8)                     New Version    Net Change  Download Size

extra/python-editables          0.6-1            0.04 MiB       0.01 MiB
extra/python-pathspec           1.1.1-1          0.47 MiB       0.08 MiB
extra/python-pluggy             1.6.0-3          0.23 MiB       0.05 MiB
extra/python-pyproject-hooks    1.2.0-6          0.11 MiB       0.02 MiB
extra/python-trove-classifiers  2026.6.1.19-1    0.16 MiB       0.02 MiB
extra/python-build              1.6.0-1          0.33 MiB       0.07 MiB
extra/python-hatchling          1.30.1-1         1.09 MiB       0.16 MiB
extra/python-installer          1.0.1-1          0.21 MiB       0.05 MiB

Total Download Size:   0.46 MiB
Total Installed Size:  2.63 MiB

:: Proceed with installation? [Y/n] 
:: Retrieving packages...
 python-hatchling-1.30.1-1-any downloading...
 python-pathspec-1.1.1-1-any downloading...
 python-build-1.6.0-1-any downloading...
 python-pluggy-1.6.0-3-any downloading...
 python-installer-1.0.1-1-any downloading...
 python-trove-classifiers-2026.6.1.19-1-any downloading...
 python-pyproject-hooks-1.2.0-6-any downloading...
 python-editables-0.6-1-any downloading...
checking keyring...
checking package integrity...
loading package files...
checking for file conflicts...
checking available disk space...
:: Processing package changes...
installing python-installer...
installing python-pyproject-hooks...
installing python-build...
Optional dependencies for python-build
    python-pip: to use as the Python package installer (default)
    python-uv: to use as the Python package installer
    python-virtualenv: to use virtualenv for build isolation
installing python-editables...
installing python-pathspec...
Optional dependencies for python-pathspec
    python-google-re2: re2 backend
installing python-pluggy...
installing python-trove-classifiers...
installing python-hatchling...
:: Running post-transaction hooks...
(1/1) Arming ConditionNeedsUpdate...
==> Making package: python-hyprland-schema 0.7.1-1 (Fri Sep 11 23:58:49 2026)
==> Checking runtime dependencies...
==> Checking buildtime dependencies...
==> Retrieving sources...
  -> Found python-hyprland-schema-0.7.1.tar.gz
==> Validating source files with sha256sums...
    python-hyprland-schema-0.7.1.tar.gz ... Passed
==> Removing existing $srcdir/ directory...
==> Extracting sources...
  -> Extracting python-hyprland-schema-0.7.1.tar.gz with bsdtar
==> Sources are ready.
==> Making package: python-hyprland-schema 0.7.1-1 (Fri Sep 11 23:58:55 2026)
==> Checking runtime dependencies...
==> Checking buildtime dependencies...
==> WARNING: Using existing $srcdir/ tree
==> Starting build()...
[93mWARNING[0m Both NO_COLOR and FORCE_COLOR environment variables are set, disabling color
* Getting build dependencies for wheel...
* Building wheel...
Successfully built hyprland_schema-0.7.1-py3-none-any.whl
==> Entering fakeroot environment...
==> Starting package()...
==> Tidying install...
  -> Removing libtool files...
  -> Removing static library files...
  -> Purging unwanted files...
  -> Stripping unneeded symbols from binaries and libraries...
  -> Compressing man and info pages...
==> Checking for packaging issues...
==> Creating package "python-hyprland-schema"...
  -> Generating .PKGINFO file...
  -> Generating .BUILDINFO file...
  -> Generating .MTREE file...
  -> Compressing package...
==> Leaving fakeroot environment.
==> Finished making: python-hyprland-schema 0.7.1-1 (Fri Sep 11 23:59:14 2026)
==> Cleaning up...
==> Making package: python-hyprland-monitors 0.9.0-1 (Fri Sep 11 23:59:16 2026)
==> Checking runtime dependencies...
==> Checking buildtime dependencies...
==> Retrieving sources...
  -> Found python-hyprland-monitors-0.9.0.tar.gz
==> Validating source files with sha256sums...
    python-hyprland-monitors-0.9.0.tar.gz ... Passed
==> Removing existing $srcdir/ directory...
==> Extracting sources...
  -> Extracting python-hyprland-monitors-0.9.0.tar.gz with bsdtar
==> Sources are ready.
==> Making package: python-hyprland-monitors 0.9.0-1 (Fri Sep 11 23:59:22 2026)
==> Checking runtime dependencies...
==> Checking buildtime dependencies...
==> WARNING: Using existing $srcdir/ tree
==> Starting build()...
[93mWARNING[0m Both NO_COLOR and FORCE_COLOR environment variables are set, disabling color
* Getting build dependencies for wheel...
* Building wheel...
Successfully built hyprland_monitors-0.9.0-py3-none-any.whl
==> Entering fakeroot environment...
==> Starting package()...
==> Tidying install...
  -> Removing libtool files...
  -> Removing static library files...
  -> Purging unwanted files...
  -> Stripping unneeded symbols from binaries and libraries...
  -> Compressing man and info pages...
==> Checking for packaging issues...
==> Creating package "python-hyprland-monitors"...
  -> Generating .PKGINFO file...
  -> Generating .BUILDINFO file...
  -> Generating .MTREE file...
  -> Compressing package...
==> Leaving fakeroot environment.
==> Finished making: python-hyprland-monitors 0.9.0-1 (Fri Sep 11 23:59:31 2026)
==> Cleaning up...
==> Making package: python-hyprland-config 0.9.14-1 (Fri Sep 11 23:59:34 2026)
==> Checking runtime dependencies...
==> Checking buildtime dependencies...
==> Retrieving sources...
  -> Found python-hyprland-config-0.9.14.tar.gz
==> Validating source files with sha256sums...
    python-hyprland-config-0.9.14.tar.gz ... Passed
==> Removing existing $srcdir/ directory...
==> Extracting sources...
  -> Extracting python-hyprland-config-0.9.14.tar.gz with bsdtar
==> Sources are ready.
==> Making package: python-hyprland-config 0.9.14-1 (Fri Sep 11 23:59:40 2026)
==> Checking runtime dependencies...
==> Checking buildtime dependencies...
==> WARNING: Using existing $srcdir/ tree
==> Starting build()...
[93mWARNING[0m Both NO_COLOR and FORCE_COLOR environment variables are set, disabling color
* Getting build dependencies for wheel...
* Building wheel...
Successfully built hyprland_config-0.9.14-py3-none-any.whl
==> Entering fakeroot environment...
==> Starting package()...
==> Tidying install...
  -> Removing libtool files...
  -> Removing static library files...
  -> Purging unwanted files...
  -> Stripping unneeded symbols from binaries and libraries...
  -> Compressing man and info pages...
==> Checking for packaging issues...
==> Creating package "python-hyprland-config"...
  -> Generating .PKGINFO file...
  -> Generating .BUILDINFO file...
  -> Generating .MTREE file...
  -> Compressing package...
==> Leaving fakeroot environment.
==> Finished making: python-hyprland-config 0.9.14-1 (Fri Sep 11 23:59:56 2026)
==> Cleaning up...
==> Making package: python-hyprland-socket 0.12.2-1 (Fri Sep 11 23:59:59 2026)
==> Checking runtime dependencies...
==> Checking buildtime dependencies...
==> Retrieving sources...
  -> Found python-hyprland-socket-0.12.2.tar.gz
==> Validating source files with sha256sums...
    python-hyprland-socket-0.12.2.tar.gz ... Passed
==> Removing existing $srcdir/ directory...
==> Extracting sources...
  -> Extracting python-hyprland-socket-0.12.2.tar.gz with bsdtar
==> Sources are ready.
==> Making package: python-hyprland-socket 0.12.2-1 (Sat Sep 12 00:00:06 2026)
==> Checking runtime dependencies...
==> Checking buildtime dependencies...
==> WARNING: Using existing $srcdir/ tree
==> Starting build()...
[93mWARNING[0m Both NO_COLOR and FORCE_COLOR environment variables are set, disabling color
* Getting build dependencies for wheel...
* Building wheel...
Successfully built hyprland_socket-0.12.2-py3-none-any.whl
==> Entering fakeroot environment...
==> Starting package()...
==> Tidying install...
  -> Removing libtool files...
  -> Removing static library files...
  -> Purging unwanted files...
  -> Stripping unneeded symbols from binaries and libraries...
  -> Compressing man and info pages...
==> Checking for packaging issues...
==> Creating package "python-hyprland-socket"...
  -> Generating .PKGINFO file...
  -> Generating .BUILDINFO file...
  -> Generating .MTREE file...
  -> Compressing package...
==> Leaving fakeroot environment.
==> Finished making: python-hyprland-socket 0.12.2-1 (Sat Sep 12 00:00:18 2026)
==> Cleaning up...
==> Making package: python-hyprland-state 0.4.6-1 (Sat Sep 12 00:00:21 2026)
==> Checking runtime dependencies...
==> Checking buildtime dependencies...
==> Retrieving sources...
  -> Found python-hyprland-state-0.4.6.tar.gz
==> Validating source files with sha256sums...
    python-hyprland-state-0.4.6.tar.gz ... Passed
==> Removing existing $srcdir/ directory...
==> Extracting sources...
  -> Extracting python-hyprland-state-0.4.6.tar.gz with bsdtar
==> Sources are ready.
==> Making package: python-hyprland-state 0.4.6-1 (Sat Sep 12 00:00:27 2026)
==> Checking runtime dependencies...
==> Checking buildtime dependencies...
==> WARNING: Using existing $srcdir/ tree
==> Starting build()...
[93mWARNING[0m Both NO_COLOR and FORCE_COLOR environment variables are set, disabling color
* Getting build dependencies for wheel...
* Building wheel...
Successfully built hyprland_state-0.4.6-py3-none-any.whl
==> Entering fakeroot environment...
==> Starting package()...
==> Tidying install...
  -> Removing libtool files...
  -> Removing static library files...
  -> Purging unwanted files...
  -> Stripping unneeded symbols from binaries and libraries...
  -> Compressing man and info pages...
==> Checking for packaging issues...
==> Creating package "python-hyprland-state"...
  -> Generating .PKGINFO file...
  -> Generating .BUILDINFO file...
  -> Generating .MTREE file...
  -> Compressing package...
==> Leaving fakeroot environment.
==> Finished making: python-hyprland-state 0.4.6-1 (Sat Sep 12 00:00:38 2026)
==> Cleaning up...
loading packages...
resolving dependencies...
looking for conflicting packages...

Package (5)               New Version  Net Change

python-hyprland-config    0.9.14-1       1.22 MiB
python-hyprland-monitors  0.9.0-1        0.13 MiB
python-hyprland-schema    0.7.1-1        0.49 MiB
python-hyprland-socket    0.12.2-1       0.13 MiB
python-hyprland-state     0.4.6-1        0.24 MiB

Total Installed Size:  2.21 MiB

:: Proceed with installation? [Y/n] 
checking keyring...
checking package integrity...
loading package files...
checking for file conflicts...
checking available disk space...
:: Processing package changes...
installing python-hyprland-schema...
installing python-hyprland-monitors...
installing python-hyprland-config...
installing python-hyprland-socket...
installing python-hyprland-state...
:: Running post-transaction hooks...
(1/1) Arming ConditionNeedsUpdate...
==> Making package: hyprmod 0.4.0-3 (Sat Sep 12 00:00:43 2026)
==> Checking runtime dependencies...
==> Checking buildtime dependencies...
==> Retrieving sources...
  -> Found hyprmod-0.4.0.tar.gz
==> Validating source files with sha256sums...
    hyprmod-0.4.0.tar.gz ... Passed
==> Removing existing $srcdir/ directory...
==> Extracting sources...
  -> Extracting hyprmod-0.4.0.tar.gz with bsdtar
==> Sources are ready.
==> Making package: hyprmod 0.4.0-3 (Sat Sep 12 00:00:49 2026)
==> Checking runtime dependencies...
==> Checking buildtime dependencies...
==> WARNING: Using existing $srcdir/ tree
==> Starting build()...
[93mWARNING[0m Both NO_COLOR and FORCE_COLOR environment variables are set, disabling color
* Getting build dependencies for wheel...
* Building wheel...
Successfully built hyprmod-0.4.0-py3-none-any.whl
==> Entering fakeroot environment...
==> Starting package()...
==> Tidying install...
  -> Removing libtool files...
  -> Removing static library files...
  -> Purging unwanted files...
  -> Stripping unneeded symbols from binaries and libraries...
  -> Compressing man and info pages...
==> Checking for packaging issues...
==> Creating package "hyprmod"...
  -> Generating .PKGINFO file...
  -> Generating .BUILDINFO file...
  -> Generating .MTREE file...
  -> Compressing package...
==> Leaving fakeroot environment.
==> Finished making: hyprmod 0.4.0-3 (Sat Sep 12 00:01:13 2026)
==> Cleaning up...
loading packages...
resolving dependencies...
looking for conflicting packages...

Package (1)  New Version  Net Change

hyprmod      0.4.0-3        4.24 MiB

Total Installed Size:  4.24 MiB

:: Proceed with installation? [Y/n] 
checking keyring...
checking package integrity...
loading package files...
checking for file conflicts...
checking available disk space...
:: Processing package changes...
installing hyprmod...
:: Running post-transaction hooks...
(1/3) Arming ConditionNeedsUpdate...
(2/3) Updating icon theme caches...
(3/3) Updating the desktop file MIME type cache...
[33m[NOTE](B[m - Installing [36mwallust 3.5.2(B[m from bundled tarball... 
==> WARNING: A package has already been built, installing existing package...
==> Installing package wallust with pacman -U...
sudo: timed out reading password
sudo: a password is required
==> WARNING: Failed to install built package(s).
[31m[ERROR](B[m wallust installation failed. Please check [33m/home/darren/Arch-Hyprland/install-scripts/../Install-Logs/install-12-000116_wallust.log(B[m.
Created symlink '/home/darren/.config/systemd/user/graphical-session.target.wants/hyprpolkitagent.service' → '/usr/lib/systemd/user/hyprpolkitagent.service'.
