Sync Explicit (1): lsd-1.2.0-2
resolving dependencies...
looking for conflicting packages...

Package (3)    New Version  Net Change  Download Size

extra/libgit2  1:1.9.7-1      3.16 MiB       0.99 MiB
extra/llhttp   9.3.1-1        0.11 MiB       0.03 MiB
extra/lsd      1.2.0-2        2.80 MiB       0.96 MiB

Total Download Size:   1.98 MiB
Total Installed Size:  6.07 MiB

:: Proceed with installation? [Y/n] 
:: Retrieving packages...
 libgit2-1:1.9.7-1-x86_64 downloading...
 lsd-1.2.0-2-x86_64 downloading...
 llhttp-9.3.1-1-x86_64 downloading...
checking keyring...
checking package integrity...
loading package files...
checking for file conflicts...
checking available disk space...
:: Processing package changes...
installing llhttp...
installing libgit2...
installing lsd...
Optional dependencies for lsd
    nerd-fonts
    awesome-terminal-fonts
:: Running post-transaction hooks...
(1/1) Arming ConditionNeedsUpdate...
Sync Explicit (1): mercurial-7.2.4-1
resolving dependencies...
looking for conflicting packages...

Package (1)      New Version  Net Change  Download Size

extra/mercurial  7.2.4-1       36.49 MiB       6.33 MiB

Total Download Size:    6.33 MiB
Total Installed Size:  36.49 MiB

:: Proceed with installation? [Y/n] 
:: Retrieving packages...
 mercurial-7.2.4-1-x86_64 downloading...
checking keyring...
checking package integrity...
loading package files...
checking for file conflicts...
checking available disk space...
:: Processing package changes...
installing mercurial...
Optional dependencies for mercurial
    tk: for the hgk GUI
:: Running post-transaction hooks...
(1/1) Arming ConditionNeedsUpdate...
Sync Explicit (1): zsh-completions-0.36.0-1
resolving dependencies...
looking for conflicting packages...

Package (1)            New Version  Net Change  Download Size

extra/zsh-completions  0.36.0-1       1.58 MiB       0.30 MiB

Total Download Size:   0.30 MiB
Total Installed Size:  1.58 MiB

:: Proceed with installation? [Y/n] 
:: Retrieving packages...
 zsh-completions-0.36.0-1-any downloading...
checking keyring...
checking package integrity...
loading package files...
checking for file conflicts...
checking available disk space...
:: Processing package changes...
installing zsh-completions...
:: Running post-transaction hooks...
(1/1) Arming ConditionNeedsUpdate...
[34m[INFO](B[m Shell changed successfully to [35mzsh(B[m