==> WARNING: A package has already been built, installing existing package...
==> Installing package wallust with pacman -U...
loading packages...
resolving dependencies...
looking for conflicting packages...

Package (1)  New Version  Net Change

wallust      3.5.2-1        5.59 MiB

Total Installed Size:  5.59 MiB

:: Proceed with installation? [Y/n] 
checking keyring...
checking package integrity...
loading package files...
checking for file conflicts...
checking available disk space...
:: Processing package changes...
installing wallust...
Optional dependencies for wallust
    imagemagick [installed]
:: Running post-transaction hooks...
(1/1) Arming ConditionNeedsUpdate...
