2026-09-16 07:50:01.510 [info] Reading sessions from keychain...
2026-09-16 07:50:01.510 [info] Getting sessions for all scopes...
2026-09-16 07:50:05.934 [info] Got stored sessions!
2026-09-16 07:50:05.934 [info] Got 2 verified sessions.
2026-09-16 07:50:05.937 [info] Got 2 sessions for all scopes...
2026-09-16 07:50:05.938 [info] Getting sessions for all scopes...
2026-09-16 07:50:05.938 [info] Got 2 sessions for all scopes...
2026-09-16 07:50:05.938 [info] Getting sessions for all scopes...
2026-09-16 07:50:05.938 [info] Got 2 sessions for all scopes...
2026-09-16 07:50:05.939 [info] Getting sessions for all scopes...
2026-09-16 07:50:05.939 [info] Got 2 sessions for all scopes...
2026-09-16 07:50:05.940 [info] Getting sessions for read:user,user:email...
2026-09-16 07:50:05.940 [info] Got 0 sessions for read:user,user:email...
2026-09-16 07:50:05.941 [info] Getting sessions for all scopes...
2026-09-16 07:50:05.941 [info] Got 2 sessions for all scopes...
2026-09-16 07:50:05.941 [info] Getting sessions for user:email...
2026-09-16 07:50:05.941 [info] Got 1 sessions for user:email...
2026-09-16 07:50:05.943 [info] Getting sessions for all scopes...
2026-09-16 07:50:05.943 [info] Got 2 sessions for all scopes...
2026-09-16 07:50:05.943 [info] Getting sessions for read:user,user:email...
2026-09-16 07:50:05.944 [info] Got 0 sessions for read:user,user:email...
2026-09-16 07:50:05.944 [info] Getting sessions for read:user,user:email...
2026-09-16 07:50:05.945 [info] Got 0 sessions for read:user,user:email...
2026-09-16 07:50:05.945 [info] Getting sessions for read:user,user:email...
2026-09-16 07:50:05.945 [info] Got 0 sessions for read:user,user:email...
2026-09-16 07:50:05.946 [info] Getting sessions for read:user,user:email...
2026-09-16 07:50:05.946 [info] Got 0 sessions for read:user,user:email...
2026-09-16 07:50:05.947 [info] Getting sessions for read:user,user:email...
2026-09-16 07:50:05.947 [info] Got 0 sessions for read:user,user:email...
2026-09-16 07:50:05.947 [info] Getting sessions for read:user,user:email...
2026-09-16 07:50:05.947 [info] Got 0 sessions for read:user,user:email...
2026-09-16 07:50:05.947 [info] Getting sessions for read:user,user:email...
2026-09-16 07:50:05.948 [info] Got 0 sessions for read:user,user:email...
2026-09-16 07:50:05.948 [info] Getting sessions for all scopes...
2026-09-16 07:50:05.948 [info] Got 2 sessions for all scopes...
2026-09-16 07:50:05.948 [info] Getting sessions for all scopes...
2026-09-16 07:50:05.949 [info] Got 2 sessions for all scopes...
2026-09-16 07:50:05.949 [info] Getting sessions for all scopes...
2026-09-16 07:50:05.949 [info] Got 2 sessions for all scopes...
2026-09-16 07:50:06.339 [info] Getting sessions for all scopes...
2026-09-16 07:50:06.340 [info] Got 2 sessions for all scopes...
2026-09-16 07:50:06.341 [info] Getting sessions for all scopes...
2026-09-16 07:50:06.341 [info] Got 2 sessions for all scopes...
2026-09-16 07:50:06.342 [info] Getting sessions for all scopes...
2026-09-16 07:50:06.342 [info] Got 2 sessions for all scopes...
2026-09-16 07:50:06.344 [info] Getting sessions for all scopes...
2026-09-16 07:50:06.344 [info] Got 2 sessions for all scopes...
2026-09-16 07:50:06.345 [info] Getting sessions for all scopes...
2026-09-16 07:50:06.346 [info] Got 2 sessions for all scopes...
2026-09-16 07:50:06.347 [info] Getting sessions for all scopes...
2026-09-16 07:50:06.347 [info] Got 2 sessions for all scopes...
2026-09-16 07:50:06.348 [info] Getting sessions for all scopes...
2026-09-16 07:50:06.348 [info] Got 2 sessions for all scopes...
2026-09-16 07:50:06.349 [info] Getting sessions for all scopes...
2026-09-16 07:50:06.349 [info] Got 2 sessions for all scopes...
2026-09-16 07:50:06.350 [info] Getting sessions for all scopes...
2026-09-16 07:50:06.350 [info] Got 2 sessions for all scopes...
2026-09-16 07:50:07.919 [info] Getting sessions for read:user,repo,user:email,workflow...
2026-09-16 07:50:07.919 [info] Got 1 sessions for read:user,repo,user:email,workflow...
2026-09-16 07:50:26.669 [info] Getting sessions for repo...
2026-09-16 07:50:26.670 [info] Got 0 sessions for repo...
2026-09-16 07:50:26.671 [info] Getting sessions for repo...
2026-09-16 07:50:26.671 [info] Got 0 sessions for repo...
2026-09-16 07:50:26.673 [info] Getting sessions for repo...
2026-09-16 07:50:26.673 [info] Got 0 sessions for repo...
2026-09-16 07:50:26.674 [info] Getting sessions for repo...
2026-09-16 07:50:26.674 [info] Got 0 sessions for repo...
2026-09-16 07:50:26.675 [info] Getting sessions for repo...
2026-09-16 07:50:26.675 [info] Got 0 sessions for repo...
2026-09-16 07:50:26.677 [info] Getting sessions for repo...
2026-09-16 07:50:26.677 [info] Got 0 sessions for repo...
2026-09-16 07:50:26.679 [info] Getting sessions for repo...
2026-09-16 07:50:26.679 [info] Got 0 sessions for repo...
2026-09-16 07:50:26.680 [info] Getting sessions for repo...
2026-09-16 07:50:26.680 [info] Got 0 sessions for repo...
2026-09-16 07:50:27.996 [info] Getting sessions for user:email...
2026-09-16 07:50:27.996 [info] Got 1 sessions for user:email...
2026-09-16 07:50:27.997 [info] Getting sessions for read:user,user:email...
2026-09-16 07:50:27.997 [info] Got 0 sessions for read:user,user:email...
2026-09-16 07:50:28.018 [info] Getting sessions for all scopes...
2026-09-16 07:50:28.018 [info] Got 2 sessions for all scopes...
2026-09-16 07:50:28.019 [info] Getting sessions for all scopes...
2026-09-16 07:50:28.020 [info] Got 2 sessions for all scopes...
2026-09-16 07:50:28.021 [info] Getting sessions for all scopes...
2026-09-16 07:50:28.021 [info] Got 2 sessions for all scopes...
2026-09-16 07:50:28.022 [info] Getting sessions for all scopes...
2026-09-16 07:50:28.022 [info] Got 2 sessions for all scopes...
2026-09-16 07:50:28.023 [info] Getting sessions for all scopes...
2026-09-16 07:50:28.023 [info] Got 2 sessions for all scopes...
2026-09-16 07:50:28.028 [info] Getting sessions for all scopes...
2026-09-16 07:50:28.028 [info] Got 2 sessions for all scopes...
2026-09-16 07:50:28.030 [info] Getting sessions for all scopes...
2026-09-16 07:50:28.030 [info] Got 2 sessions for all scopes...
2026-09-16 07:50:28.033 [info] Getting sessions for all scopes...
2026-09-16 07:50:28.033 [info] Got 2 sessions for all scopes...
2026-09-16 07:50:28.052 [info] Getting sessions for read:user,user:email...
2026-09-16 07:50:28.052 [info] Got 0 sessions for read:user,user:email...
2026-09-16 07:50:28.171 [info] Getting sessions for all scopes...
2026-09-16 07:50:28.171 [info] Got 2 sessions for all scopes...
2026-09-16 07:50:28.743 [info] Getting sessions for read:user,user:email...
2026-09-16 07:50:28.743 [info] Got 0 sessions for read:user,user:email...
2026-09-16 07:50:28.743 [info] Getting sessions for read:user,user:email...
2026-09-16 07:50:28.743 [info] Got 0 sessions for read:user,user:email...
2026-09-16 07:50:28.744 [info] Getting sessions for read:user,user:email...
2026-09-16 07:50:28.744 [info] Got 0 sessions for read:user,user:email...
2026-09-16 07:50:28.745 [info] Getting sessions for read:user,user:email...
2026-09-16 07:50:28.745 [info] Got 0 sessions for read:user,user:email...
2026-09-16 07:50:28.749 [info] Getting sessions for read:user,user:email...
2026-09-16 07:50:28.749 [info] Got 0 sessions for read:user,user:email...
2026-09-16 07:50:28.750 [info] Getting sessions for read:user,user:email...
2026-09-16 07:50:28.750 [info] Got 0 sessions for read:user,user:email...
2026-09-16 07:50:28.751 [info] Getting sessions for read:user,user:email...
2026-09-16 07:50:28.751 [info] Got 0 sessions for read:user,user:email...
2026-09-16 07:50:28.751 [info] Getting sessions for read:user,user:email...
2026-09-16 07:50:28.751 [info] Got 0 sessions for read:user,user:email...
2026-09-16 07:50:28.761 [info] Getting sessions for all scopes...
2026-09-16 07:50:28.761 [info] Got 2 sessions for all scopes...
2026-09-16 07:50:28.831 [info] Getting sessions for repo...
2026-09-16 07:50:28.831 [info] Got 0 sessions for repo...
2026-09-16 07:50:29.287 [info] Getting sessions for all scopes...
2026-09-16 07:50:29.288 [info] Got 2 sessions for all scopes...
2026-09-16 07:50:29.289 [info] Getting sessions for all scopes...
2026-09-16 07:50:29.289 [info] Got 2 sessions for all scopes...
2026-09-16 07:50:29.290 [info] Getting sessions for all scopes...
2026-09-16 07:50:29.290 [info] Got 2 sessions for all scopes...
2026-09-16 07:50:29.291 [info] Getting sessions for all scopes...
2026-09-16 07:50:29.291 [info] Got 2 sessions for all scopes...
2026-09-16 07:50:29.292 [info] Getting sessions for all scopes...
2026-09-16 07:50:29.292 [info] Got 2 sessions for all scopes...
2026-09-16 07:50:29.294 [info] Getting sessions for all scopes...
2026-09-16 07:50:29.294 [info] Got 2 sessions for all scopes...
2026-09-16 07:50:29.295 [info] Getting sessions for all scopes...
2026-09-16 07:50:29.295 [info] Got 2 sessions for all scopes...
2026-09-16 07:50:29.297 [info] Getting sessions for all scopes...
2026-09-16 07:50:29.297 [info] Got 2 sessions for all scopes...
2026-09-16 07:50:29.298 [info] Getting sessions for repo...
2026-09-16 07:50:29.298 [info] Got 0 sessions for repo...
2026-09-16 07:50:29.306 [info] Getting sessions for all scopes...
2026-09-16 07:50:29.307 [info] Got 2 sessions for all scopes...
2026-09-16 07:50:29.308 [info] Getting sessions for all scopes...
2026-09-16 07:50:29.308 [info] Got 2 sessions for all scopes...
2026-09-16 07:50:29.310 [info] Getting sessions for all scopes...
2026-09-16 07:50:29.311 [info] Got 2 sessions for all scopes...
2026-09-16 07:50:29.330 [info] Getting sessions for all scopes...
2026-09-16 07:50:29.330 [info] Got 2 sessions for all scopes...
2026-09-16 07:50:29.331 [info] Getting sessions for repo...
2026-09-16 07:50:29.331 [info] Got 0 sessions for repo...
2026-09-16 07:50:29.332 [info] Getting sessions for repo...
2026-09-16 07:50:29.332 [info] Got 0 sessions for repo...
2026-09-16 07:50:29.333 [info] Getting sessions for repo...
2026-09-16 07:50:29.333 [info] Got 0 sessions for repo...
2026-09-16 07:50:29.334 [info] Getting sessions for repo...
2026-09-16 07:50:29.334 [info] Got 0 sessions for repo...
2026-09-16 07:50:29.335 [info] Getting sessions for repo...
2026-09-16 07:50:29.335 [info] Got 0 sessions for repo...
2026-09-16 07:50:29.336 [info] Getting sessions for repo...
2026-09-16 07:50:29.336 [info] Got 0 sessions for repo...
2026-09-16 07:50:29.337 [info] Getting sessions for repo...
2026-09-16 07:50:29.337 [info] Got 0 sessions for repo...
2026-09-16 07:50:29.338 [info] Getting sessions for repo...
2026-09-16 07:50:29.338 [info] Got 0 sessions for repo...
2026-09-16 07:50:29.338 [info] Getting sessions for all scopes...
2026-09-16 07:50:29.339 [info] Got 2 sessions for all scopes...
2026-09-16 07:50:29.339 [info] Getting sessions for read:user,user:email...
2026-09-16 07:50:29.340 [info] Got 0 sessions for read:user,user:email...
2026-09-16 07:50:29.346 [info] Getting sessions for user:email...
2026-09-16 07:50:29.346 [info] Got 1 sessions for user:email...
2026-09-16 07:50:29.487 [info] Getting sessions for all scopes...
2026-09-16 07:50:29.487 [info] Got 2 sessions for all scopes...
2026-09-16 07:50:29.488 [info] Getting sessions for all scopes...
2026-09-16 07:50:29.488 [info] Got 2 sessions for all scopes...
2026-09-16 07:50:29.491 [info] Getting sessions for all scopes...
2026-09-16 07:50:29.491 [info] Got 2 sessions for all scopes...
2026-09-16 07:50:29.492 [info] Getting sessions for all scopes...
2026-09-16 07:50:29.492 [info] Got 2 sessions for all scopes...
2026-09-16 07:50:29.493 [info] Getting sessions for all scopes...
2026-09-16 07:50:29.493 [info] Got 2 sessions for all scopes...
2026-09-16 07:50:29.494 [info] Getting sessions for all scopes...
2026-09-16 07:50:29.494 [info] Got 2 sessions for all scopes...
2026-09-16 07:50:29.710 [info] Getting sessions for all scopes...
2026-09-16 07:50:29.710 [info] Got 2 sessions for all scopes...
2026-09-16 07:50:29.712 [info] Getting sessions for all scopes...
2026-09-16 07:50:29.712 [info] Got 2 sessions for all scopes...
2026-09-16 07:50:29.713 [info] Getting sessions for all scopes...
2026-09-16 07:50:29.713 [info] Got 2 sessions for all scopes...
2026-09-16 07:50:29.714 [info] Getting sessions for read:user,user:email...
2026-09-16 07:50:29.714 [info] Got 0 sessions for read:user,user:email...
2026-09-16 07:50:29.715 [info] Getting sessions for all scopes...
2026-09-16 07:50:29.715 [info] Got 2 sessions for all scopes...
2026-09-16 07:50:30.075 [info] Getting sessions for all scopes...
2026-09-16 07:50:30.075 [info] Got 2 sessions for all scopes...
2026-09-16 07:50:30.079 [info] Getting sessions for repo...
2026-09-16 07:50:30.079 [info] Got 0 sessions for repo...
2026-09-16 07:50:30.080 [info] Getting sessions for read:user,repo,user:email,workflow...
2026-09-16 07:50:30.080 [info] Got 1 sessions for read:user,repo,user:email,workflow...
2026-09-16 07:50:30.081 [info] Getting sessions for all scopes...
2026-09-16 07:50:30.081 [info] Got 2 sessions for all scopes...
2026-09-16 07:50:30.164 [info] Getting sessions for read:user,user:email...
2026-09-16 07:50:30.164 [info] Got 0 sessions for read:user,user:email...
2026-09-16 07:50:30.226 [info] Getting sessions for read:user,user:email...
2026-09-16 07:50:30.226 [info] Got 0 sessions for read:user,user:email...
2026-09-16 07:50:30.391 [info] Getting sessions for repo...
2026-09-16 07:50:30.391 [info] Got 0 sessions for repo...
2026-09-16 07:50:30.392 [info] Getting sessions for all scopes...
2026-09-16 07:50:30.392 [info] Got 2 sessions for all scopes...
2026-09-16 07:50:30.396 [info] Getting sessions for all scopes...
2026-09-16 07:50:30.397 [info] Got 2 sessions for all scopes...
2026-09-16 07:50:30.449 [info] Getting sessions for all scopes...
2026-09-16 07:50:30.450 [info] Got 2 sessions for all scopes...
2026-09-16 07:50:30.460 [info] Getting sessions for all scopes...
2026-09-16 07:50:30.461 [info] Got 2 sessions for all scopes...
2026-09-16 07:50:30.467 [info] Getting sessions for repo...
2026-09-16 07:50:30.467 [info] Got 0 sessions for repo...
2026-09-16 07:50:30.508 [info] Getting sessions for repo...
2026-09-16 07:50:30.528 [info] Got 0 sessions for repo...
2026-09-16 07:50:30.529 [info] Getting sessions for read:user,repo,user:email,workflow...
2026-09-16 07:50:30.529 [info] Got 1 sessions for read:user,repo,user:email,workflow...
2026-09-16 07:50:30.530 [info] Getting sessions for all scopes...
2026-09-16 07:50:30.530 [info] Got 2 sessions for all scopes...
2026-09-16 07:50:30.663 [info] Getting sessions for all scopes...
2026-09-16 07:50:30.663 [info] Got 2 sessions for all scopes...
2026-09-16 07:50:30.678 [info] Getting sessions for read:user,user:email...
2026-09-16 07:50:30.678 [info] Got 0 sessions for read:user,user:email...
2026-09-16 07:50:30.890 [info] Getting sessions for read:user,user:email...
2026-09-16 07:50:30.891 [info] Got 0 sessions for read:user,user:email...
2026-09-16 07:50:30.936 [info] Getting sessions for all scopes...
2026-09-16 07:50:30.936 [info] Got 2 sessions for all scopes...
2026-09-16 07:50:31.010 [info] Getting sessions for all scopes...
2026-09-16 07:50:31.011 [info] Got 2 sessions for all scopes...
2026-09-16 07:50:31.018 [info] Getting sessions for repo...
2026-09-16 07:50:31.018 [info] Got 0 sessions for repo...
2026-09-16 07:50:31.094 [info] Getting sessions for repo...
2026-09-16 07:50:31.094 [info] Got 0 sessions for repo...
2026-09-16 07:50:31.128 [info] Getting sessions for all scopes...
2026-09-16 07:50:31.128 [info] Got 2 sessions for all scopes...
2026-09-16 07:50:31.700 [info] Getting sessions for all scopes...
2026-09-16 07:50:31.700 [info] Got 2 sessions for all scopes...
2026-09-16 07:50:32.300 [info] Getting sessions for all scopes...
2026-09-16 07:50:32.301 [info] Got 2 sessions for all scopes...
2026-09-16 07:50:32.305 [info] Getting sessions for all scopes...
2026-09-16 07:50:32.306 [info] Got 2 sessions for all scopes...
2026-09-16 07:50:32.471 [info] Getting sessions for read:user,repo,user:email,workflow...
2026-09-16 07:50:32.472 [info] Got 1 sessions for read:user,repo,user:email,workflow...
2026-09-16 07:50:32.580 [info] Getting sessions for read:user,repo,user:email,workflow...
2026-09-16 07:50:32.581 [info] Got 1 sessions for read:user,repo,user:email,workflow...
2026-09-16 07:50:37.573 [info] Getting sessions for all scopes...
2026-09-16 07:50:37.573 [info] Got 2 sessions for all scopes...
2026-09-16 07:50:37.574 [info] Getting sessions for all scopes...
2026-09-16 07:50:37.574 [info] Got 2 sessions for all scopes...
2026-09-16 07:50:39.590 [info] Getting sessions for read:user,repo,user:email,workflow...
2026-09-16 07:50:39.590 [info] Got 1 sessions for read:user,repo,user:email,workflow...
2026-09-16 07:50:41.274 [info] Getting sessions for all scopes...
2026-09-16 07:50:41.276 [info] Got 2 sessions for all scopes...
2026-09-16 07:50:41.403 [info] Getting sessions for read:user,repo,user:email,workflow...
2026-09-16 07:50:41.403 [info] Got 1 sessions for read:user,repo,user:email,workflow...
2026-09-16 07:50:42.353 [info] Getting sessions for all scopes...
2026-09-16 07:50:42.353 [info] Got 2 sessions for all scopes...
2026-09-16 07:50:42.378 [info] Getting sessions for read:user,repo,user:email,workflow...
2026-09-16 07:50:42.379 [info] Got 1 sessions for read:user,repo,user:email,workflow...
2026-09-16 07:50:42.989 [info] Getting sessions for all scopes...
2026-09-16 07:50:42.989 [info] Got 2 sessions for all scopes...
2026-09-16 07:50:42.998 [info] Getting sessions for read:user,repo,user:email,workflow...
2026-09-16 07:50:42.999 [info] Got 1 sessions for read:user,repo,user:email,workflow...
2026-09-16 07:51:44.277 [info] Getting sessions for all scopes...
2026-09-16 07:51:44.445 [info] Got 2 sessions for all scopes...
2026-09-16 07:51:45.696 [info] Getting sessions for all scopes...
2026-09-16 07:51:45.696 [info] Got 2 sessions for all scopes...
2026-09-16 07:51:47.908 [info] Getting sessions for read:user,user:email...
2026-09-16 07:51:47.909 [info] Got 0 sessions for read:user,user:email...
2026-09-16 07:51:48.705 [info] Getting sessions for all scopes...
2026-09-16 07:51:48.706 [info] Got 2 sessions for all scopes...
2026-09-16 07:51:49.154 [info] Getting sessions for repo...
2026-09-16 07:51:49.155 [info] Got 0 sessions for repo...
2026-09-16 07:51:49.446 [info] Getting sessions for all scopes...
2026-09-16 07:51:49.447 [info] Got 2 sessions for all scopes...
2026-09-16 07:51:49.570 [info] Getting sessions for read:user,user:email...
2026-09-16 07:51:49.571 [info] Got 0 sessions for read:user,user:email...
2026-09-16 07:51:49.674 [info] Getting sessions for all scopes...
2026-09-16 07:51:49.674 [info] Got 2 sessions for all scopes...
2026-09-16 07:51:49.711 [info] Getting sessions for repo...
2026-09-16 07:51:49.711 [info] Got 0 sessions for repo...
2026-09-16 07:51:49.716 [info] Getting sessions for all scopes...
2026-09-16 07:51:49.716 [info] Got 2 sessions for all scopes...
2026-09-16 07:52:40.106 [info] Getting sessions for all scopes...
2026-09-16 07:52:40.110 [info] Got 2 sessions for all scopes...
2026-09-16 07:52:40.118 [info] Getting sessions for all scopes...
2026-09-16 07:52:40.118 [info] Got 2 sessions for all scopes...
2026-09-16 08:00:42.090 [info] Getting sessions for all scopes...
2026-09-16 08:00:42.112 [info] Got 2 sessions for all scopes...
2026-09-16 08:00:42.118 [info] Getting sessions for read:user,repo,user:email,workflow...
2026-09-16 08:00:42.118 [info] Got 1 sessions for read:user,repo,user:email,workflow...
2026-09-16 08:00:42.393 [info] Getting sessions for all scopes...
2026-09-16 08:00:42.393 [info] Got 2 sessions for all scopes...
2026-09-16 08:00:42.402 [info] Getting sessions for read:user,repo,user:email,workflow...
2026-09-16 08:00:42.402 [info] Got 1 sessions for read:user,repo,user:email,workflow...
2026-09-16 08:08:49.866 [info] Getting sessions for all scopes...
2026-09-16 08:08:49.967 [info] Got 2 sessions for all scopes...
2026-09-16 08:08:50.085 [info] Getting sessions for all scopes...
2026-09-16 08:08:50.086 [info] Got 2 sessions for all scopes...
2026-09-16 08:16:26.720 [info] Getting sessions for all scopes...
2026-09-16 08:16:27.333 [info] Got 2 sessions for all scopes...
2026-09-16 08:17:14.977 [info] Getting sessions for all scopes...
2026-09-16 08:17:14.977 [info] Got 2 sessions for all scopes...
2026-09-16 08:48:31.096 [info] Getting sessions for all scopes...
2026-09-16 08:48:31.190 [info] Got 2 sessions for all scopes...
2026-09-16 08:48:31.244 [info] Getting sessions for read:user,repo,user:email,workflow...
2026-09-16 08:48:31.244 [info] Got 1 sessions for read:user,repo,user:email,workflow...
2026-09-16 08:48:35.783 [info] Getting sessions for all scopes...
2026-09-16 08:48:35.783 [info] Got 2 sessions for all scopes...
2026-09-16 08:48:35.803 [info] Getting sessions for read:user,repo,user:email,workflow...
2026-09-16 08:48:35.803 [info] Got 1 sessions for read:user,repo,user:email,workflow...
2026-09-16 08:55:27.994 [info] Getting sessions for all scopes...
2026-09-16 08:55:28.267 [info] Got 2 sessions for all scopes...
2026-09-16 08:55:28.718 [info] Getting sessions for all scopes...
2026-09-16 08:55:28.718 [info] Got 2 sessions for all scopes...
2026-09-16 08:55:54.434 [info] Getting sessions for read:user,user:email...
2026-09-16 08:55:54.436 [info] Got 0 sessions for read:user,user:email...
2026-09-16 08:55:54.909 [info] Getting sessions for all scopes...
2026-09-16 08:55:54.926 [info] Got 2 sessions for all scopes...
2026-09-16 08:55:56.474 [info] Getting sessions for all scopes...
2026-09-16 08:55:56.474 [info] Got 2 sessions for all scopes...
2026-09-16 08:55:56.476 [info] Getting sessions for all scopes...
2026-09-16 08:55:56.476 [info] Got 2 sessions for all scopes...
2026-09-16 08:55:56.479 [info] Getting sessions for repo...
2026-09-16 08:55:56.479 [info] Got 0 sessions for repo...
2026-09-16 08:55:56.481 [info] Getting sessions for all scopes...
2026-09-16 08:55:56.481 [info] Got 2 sessions for all scopes...
2026-09-16 08:55:56.483 [info] Getting sessions for read:user,user:email...
2026-09-16 08:55:56.483 [info] Got 0 sessions for read:user,user:email...
2026-09-16 08:55:56.485 [info] Getting sessions for all scopes...
2026-09-16 08:55:56.485 [info] Got 2 sessions for all scopes...
2026-09-16 08:55:56.487 [info] Getting sessions for repo...
2026-09-16 08:55:56.487 [info] Got 0 sessions for repo...
2026-09-16 08:55:56.489 [info] Getting sessions for all scopes...
2026-09-16 08:55:56.489 [info] Got 2 sessions for all scopes...
2026-09-16 08:58:59.025 [info] Getting sessions for all scopes...
2026-09-16 08:58:59.093 [info] Got 2 sessions for all scopes...
2026-09-16 08:59:15.292 [info] Getting sessions for read:user,repo,user:email,workflow...
2026-09-16 08:59:15.293 [info] Got 1 sessions for read:user,repo,user:email,workflow...
2026-09-16 08:59:19.156 [info] Getting sessions for all scopes...
2026-09-16 08:59:19.156 [info] Got 2 sessions for all scopes...
2026-09-16 08:59:19.283 [info] Getting sessions for read:user,repo,user:email,workflow...
2026-09-16 08:59:19.283 [info] Got 1 sessions for read:user,repo,user:email,workflow...
2026-09-16 09:09:20.008 [info] Getting sessions for all scopes...
2026-09-16 09:09:20.095 [info] Got 2 sessions for all scopes...
2026-09-16 09:09:20.109 [info] Getting sessions for read:user,repo,user:email,workflow...
2026-09-16 09:09:20.110 [info] Got 1 sessions for read:user,repo,user:email,workflow...
2026-09-16 09:09:22.590 [info] Getting sessions for all scopes...
2026-09-16 09:09:22.590 [info] Got 2 sessions for all scopes...
2026-09-16 09:09:22.597 [info] Getting sessions for read:user,repo,user:email,workflow...
2026-09-16 09:09:22.597 [info] Got 1 sessions for read:user,repo,user:email,workflow...
2026-09-16 09:24:25.380 [info] Getting sessions for all scopes...
2026-09-16 09:24:25.591 [info] Got 2 sessions for all scopes...
2026-09-16 09:24:25.670 [info] Getting sessions for read:user,repo,user:email,workflow...
2026-09-16 09:24:25.671 [info] Got 1 sessions for read:user,repo,user:email,workflow...
2026-09-16 09:24:26.546 [info] Getting sessions for all scopes...
2026-09-16 09:24:26.546 [info] Got 2 sessions for all scopes...
2026-09-16 09:24:26.587 [info] Getting sessions for read:user,repo,user:email,workflow...
2026-09-16 09:24:26.587 [info] Got 1 sessions for read:user,repo,user:email,workflow...
2026-09-16 09:34:24.253 [info] Getting sessions for all scopes...
2026-09-16 09:34:24.304 [info] Got 2 sessions for all scopes...
2026-09-16 09:34:24.312 [info] Getting sessions for read:user,repo,user:email,workflow...
2026-09-16 09:34:24.312 [info] Got 1 sessions for read:user,repo,user:email,workflow...
2026-09-16 09:34:24.907 [info] Getting sessions for all scopes...
2026-09-16 09:34:24.907 [info] Got 2 sessions for all scopes...
2026-09-16 09:34:24.912 [info] Getting sessions for read:user,repo,user:email,workflow...
2026-09-16 09:34:24.912 [info] Got 1 sessions for read:user,repo,user:email,workflow...
2026-09-16 09:39:42.538 [info] Getting sessions for all scopes...
2026-09-16 09:39:42.589 [info] Got 2 sessions for all scopes...
2026-09-16 09:39:43.056 [info] Getting sessions for all scopes...
2026-09-16 09:39:43.056 [info] Got 2 sessions for all scopes...
2026-09-16 09:48:03.160 [info] Getting sessions for all scopes...
2026-09-16 09:48:03.368 [info] Got 2 sessions for all scopes...
2026-09-16 09:48:03.389 [info] Getting sessions for read:user,repo,user:email,workflow...
2026-09-16 09:48:03.390 [info] Got 1 sessions for read:user,repo,user:email,workflow...
2026-09-16 09:48:06.090 [info] Getting sessions for all scopes...
2026-09-16 09:48:06.090 [info] Got 2 sessions for all scopes...
2026-09-16 09:48:06.095 [info] Getting sessions for read:user,repo,user:email,workflow...
2026-09-16 09:48:06.096 [info] Got 1 sessions for read:user,repo,user:email,workflow...
2026-09-16 09:49:11.345 [info] Getting sessions for all scopes...
2026-09-16 09:49:11.345 [info] Got 2 sessions for all scopes...
2026-09-16 09:49:11.465 [info] Getting sessions for all scopes...
2026-09-16 09:49:11.465 [info] Got 2 sessions for all scopes...
2026-09-16 09:58:01.922 [info] Getting sessions for all scopes...
2026-09-16 09:58:01.969 [info] Got 2 sessions for all scopes...
2026-09-16 09:58:01.977 [info] Getting sessions for read:user,repo,user:email,workflow...
2026-09-16 09:58:01.978 [info] Got 1 sessions for read:user,repo,user:email,workflow...
2026-09-16 09:58:02.585 [info] Getting sessions for all scopes...
2026-09-16 09:58:02.586 [info] Got 2 sessions for all scopes...
2026-09-16 09:58:02.592 [info] Getting sessions for read:user,repo,user:email,workflow...
2026-09-16 09:58:02.593 [info] Got 1 sessions for read:user,repo,user:email,workflow...
2026-09-16 10:05:03.285 [info] Getting sessions for all scopes...
2026-09-16 10:05:03.423 [info] Got 2 sessions for all scopes...
2026-09-16 10:05:03.439 [info] Getting sessions for all scopes...
2026-09-16 10:05:03.439 [info] Got 2 sessions for all scopes...
2026-09-16 10:05:08.415 [info] Getting sessions for read:user,user:email...
2026-09-16 10:05:08.415 [info] Got 0 sessions for read:user,user:email...
2026-09-16 10:05:10.377 [info] Getting sessions for all scopes...
2026-09-16 10:05:10.378 [info] Got 2 sessions for all scopes...
2026-09-16 10:05:10.706 [info] Getting sessions for repo...
2026-09-16 10:05:10.707 [info] Got 0 sessions for repo...
2026-09-16 10:06:43.753 [info] Getting sessions for all scopes...
2026-09-16 10:06:43.948 [info] Got 2 sessions for all scopes...
2026-09-16 10:06:50.588 [info] Getting sessions for read:user,user:email...
2026-09-16 10:06:50.588 [info] Got 0 sessions for read:user,user:email...
2026-09-16 10:06:51.572 [info] Getting sessions for all scopes...
2026-09-16 10:06:51.574 [info] Got 2 sessions for all scopes...
2026-09-16 10:06:51.733 [info] Getting sessions for repo...
2026-09-16 10:06:51.735 [info] Got 0 sessions for repo...
2026-09-16 10:06:51.786 [info] Getting sessions for all scopes...
2026-09-16 10:06:51.786 [info] Got 2 sessions for all scopes...
2026-09-16 10:08:01.925 [info] Getting sessions for all scopes...
2026-09-16 10:08:01.926 [info] Got 2 sessions for all scopes...
2026-09-16 10:08:01.933 [info] Getting sessions for read:user,repo,user:email,workflow...
2026-09-16 10:08:01.933 [info] Got 1 sessions for read:user,repo,user:email,workflow...
2026-09-16 10:08:03.179 [info] Getting sessions for all scopes...
2026-09-16 10:08:03.179 [info] Got 2 sessions for all scopes...
2026-09-16 10:08:03.183 [info] Getting sessions for read:user,repo,user:email,workflow...
2026-09-16 10:08:03.183 [info] Got 1 sessions for read:user,repo,user:email,workflow...
